Archive member included to satisfy reference by file (symbol)

C:/devkitPro/libctru/lib\libcitro2d.a(base.o)
                              main.o (C2D_Init)
C:/devkitPro/libctru/lib\libcitro2d.a(spritesheet.o)
                              main.o (C2D_SpriteSheetLoad)
C:/devkitPro/libctru/lib\libcitro2d.a(render2d.shbin.o)
                              C:/devkitPro/libctru/lib\libcitro2d.a(base.o) (render2d_shbin)
C:/devkitPro/libctru/lib\libcitro3d.a(base.o)
                              main.o (C3D_Init)
C:/devkitPro/libctru/lib\libcitro3d.a(renderqueue.o)
                              C:/devkitPro/libctru/lib\libcitro3d.a(base.o) (C3Di_RenderQueueEnableVBlank)
C:/devkitPro/libctru/lib\libcitro3d.a(texture.o)
                              C:/devkitPro/libctru/lib\libcitro2d.a(base.o) (C3D_TexBind)
C:/devkitPro/libctru/lib\libcitro3d.a(tex3ds.o)
                              C:/devkitPro/libctru/lib\libcitro2d.a(spritesheet.o) (Tex3DS_TextureImport)
C:/devkitPro/libctru/lib\libcitro3d.a(framebuffer.o)
                              C:/devkitPro/libctru/lib\libcitro3d.a(renderqueue.o) (C3D_CalcColorBufSize)
C:/devkitPro/libctru/lib\libcitro3d.a(texenv.o)
                              C:/devkitPro/libctru/lib\libcitro2d.a(base.o) (C3D_GetTexEnv)
C:/devkitPro/libctru/lib\libcitro3d.a(drawElements.o)
                              C:/devkitPro/libctru/lib\libcitro2d.a(base.o) (C3D_DrawElements)
C:/devkitPro/libctru/lib\libcitro3d.a(proctex.o)
                              C:/devkitPro/libctru/lib\libcitro2d.a(base.o) (C3D_ProcTexInit)
C:/devkitPro/libctru/lib\libcitro3d.a(buffers.o)
                              C:/devkitPro/libctru/lib\libcitro2d.a(base.o) (BufInfo_Init)
C:/devkitPro/libctru/lib\libcitro3d.a(effect.o)
                              C:/devkitPro/libctru/lib\libcitro3d.a(base.o) (C3D_DepthMap)
C:/devkitPro/libctru/lib\libcitro3d.a(attribs.o)
                              C:/devkitPro/libctru/lib\libcitro2d.a(base.o) (AttrInfo_Init)
C:/devkitPro/libctru/lib\libcitro3d.a(immediate.o)
                              C:/devkitPro/libctru/lib\libcitro3d.a(base.o) (C3D_ImmSendAttrib)
C:/devkitPro/libctru/lib\libcitro3d.a(uniforms.o)
                              C:/devkitPro/libctru/lib\libcitro3d.a(base.o) (C3D_UpdateUniforms)
C:/devkitPro/libctru/lib\libcitro3d.a(mtx_ortho.o)
                              C:/devkitPro/libctru/lib\libcitro2d.a(base.o) (Mtx_Ortho)
C:/devkitPro/libctru/lib\libcitro3d.a(mtx_scale.o)
                              C:/devkitPro/libctru/lib\libcitro2d.a(base.o) (Mtx_Scale)
C:/devkitPro/libctru/lib\libcitro3d.a(mtx_multiply.o)
                              C:/devkitPro/libctru/lib\libcitro2d.a(base.o) (Mtx_Multiply)
C:/devkitPro/libctru/lib\libcitro3d.a(mtx_orthotilt.o)
                              C:/devkitPro/libctru/lib\libcitro2d.a(base.o) (Mtx_OrthoTilt)
C:/devkitPro/libctru/lib\libcitro3d.a(mtx_translate.o)
                              C:/devkitPro/libctru/lib\libcitro2d.a(base.o) (Mtx_Translate)
C:/devkitPro/libctru/lib\libcitro3d.a(mtx_rotatez.o)
                              C:/devkitPro/libctru/lib\libcitro2d.a(base.o) (Mtx_RotateZ)
C:/devkitPro/libctru/lib\libctru.a(vram.o)
                              C:/devkitPro/libctru/lib\libcitro3d.a(renderqueue.o) (vramAlloc)
C:/devkitPro/libctru/lib\libctru.a(linear.o)
                              main.o (linearAlloc)
C:/devkitPro/libctru/lib\libctru.a(mem_pool.o)
                              C:/devkitPro/libctru/lib\libctru.a(vram.o) (MemPool::Allocate(MemChunk&, unsigned long, int))
C:/devkitPro/libctru/lib\libctru.a(romfs_dev.o)
                              main.o (romfsMountSelf)
C:/devkitPro/libctru/lib\libctru.a(os.o)
                              C:/devkitPro/libctru/lib\libcitro3d.a(texture.o) (osConvertVirtToPhys)
C:/devkitPro/libctru/lib\libctru.a(console.o)
                              main.o (consoleClear)
C:/devkitPro/libctru/lib\libctru.a(path_buf.o)
                              C:/devkitPro/libctru/lib\libctru.a(romfs_dev.o) (__ctru_dev_utf16_buf)
C:/devkitPro/libctru/lib\libctru.a(gfx.o)
                              C:/devkitPro/libctru/lib\libcitro2d.a(base.o) (gfxIsWide)
C:/devkitPro/libctru/lib\libctru.a(shaderProgram.o)
                              C:/devkitPro/libctru/lib\libcitro2d.a(base.o) (shaderInstanceGetUniformLocation)
C:/devkitPro/libctru/lib\libctru.a(shbin.o)
                              C:/devkitPro/libctru/lib\libcitro2d.a(base.o) (DVLB_ParseFile)
C:/devkitPro/libctru/lib\libctru.a(gx.o)
                              C:/devkitPro/libctru/lib\libcitro3d.a(renderqueue.o) (GX_BindQueue)
C:/devkitPro/libctru/lib\libctru.a(gxqueue.o)
                              C:/devkitPro/libctru/lib\libcitro3d.a(renderqueue.o) (gxCmdQueueClear)
C:/devkitPro/libctru/lib\libctru.a(gpu.o)
                              C:/devkitPro/libctru/lib\libcitro3d.a(base.o) (gpuCmdBufOffset)
C:/devkitPro/libctru/lib\libctru.a(ndsp.o)
                              main.o (ndspInit)
[...]
Memory Configuration

Name             Origin             Length             Attributes
*default*        0x0000000000000000 0xffffffffffffffff

Linker script and memory map

                0x0000000000100000                PROVIDE (__start__ = 0x100000)
                0x0000000000100000                . = __start__

.text           0x0000000000100000    0x324c0
 *(.crt0)
 .crt0          0x0000000000100000       0x94 c:/devkitpro/devkitarm/bin/../lib/gcc/arm-none-eabi/12.1.0/../../../../arm-none-eabi/lib/armv6k/fpu/3dsx_crt0.o
                0x0000000000100000                _start
                0x0000000000100008                __service_ptr
                0x000000000010000c                __apt_appid
                0x0000000000100010                __heap_size
                0x0000000000100014                __linear_heap_size
                0x0000000000100018                __system_arglist
                0x000000000010001c                __system_runflags
 *(.init)
 .init          0x0000000000100094        0xc c:/devkitpro/devkitarm/bin/../lib/gcc/arm-none-eabi/12.1.0/armv6k/fpu/crti.o
                0x0000000000100094                _init
 .init          0x00000000001000a0        0xc c:/devkitpro/devkitarm/bin/../lib/gcc/arm-none-eabi/12.1.0/armv6k/fpu/crtn.o
                0x00000000001000ac                . = ALIGN (0x4)
 *(.text)
 .text          0x00000000001000ac      0x20c c:/devkitpro/devkitarm/bin/../lib/gcc/arm-none-eabi/12.1.0/armv6k/fpu\libgcc.a(_udivsi3.o)
                0x00000000001000ac                __aeabi_uidiv
                0x00000000001000ac                __udivsi3
                0x0000000000100298                __aeabi_uidivmod
 .text          0x00000000001002b8      0x240 c:/devkitpro/devkitarm/bin/../lib/gcc/arm-none-eabi/12.1.0/armv6k/fpu\libgcc.a(_divsi3.o)
                0x00000000001002b8                __divsi3
                0x00000000001002b8                __aeabi_idiv
                0x00000000001004d8                __aeabi_idivmod
 .text          0x00000000001004f8        0x4 c:/devkitpro/devkitarm/bin/../lib/gcc/arm-none-eabi/12.1.0/armv6k/fpu\libgcc.a(_dvmd_tls.o)
                0x00000000001004f8                __aeabi_idiv0
                0x00000000001004f8                __aeabi_ldiv0
 .text          0x00000000001004fc      0x3c0 c:/devkitpro/devkitarm/bin/../lib/gcc/arm-none-eabi/12.1.0/armv6k/fpu\libgcc.a(_arm_addsubdf3.o)
                0x00000000001004fc                __aeabi_drsub
                0x0000000000100504                __aeabi_dsub
                0x0000000000100504                __subdf3
                0x0000000000100508                __aeabi_dadd
                0x0000000000100508                __adddf3
                0x00000000001007b4                __floatunsidf
                0x00000000001007b4                __aeabi_ui2d
                0x00000000001007d8                __floatsidf
                0x00000000001007d8                __aeabi_i2d
                0x0000000000100800                __aeabi_f2d
                0x0000000000100800                __extendsfdf2
                0x0000000000100848                __floatundidf
                0x0000000000100848                __aeabi_ul2d
                0x000000000010085c                __floatdidf
                0x000000000010085c                __aeabi_l2d
 .text          0x00000000001008bc      0x250 c:/devkitpro/devkitarm/bin/../lib/gcc/arm-none-eabi/12.1.0/armv6k/fpu\libgcc.a(_arm_addsubsf3.o)
                0x00000000001008bc                __aeabi_frsub
                0x00000000001008c4                __subsf3
                0x00000000001008c4                __aeabi_fsub
                0x00000000001008c8                __aeabi_fadd
                0x00000000001008c8                __addsf3
                0x0000000000100a58                __aeabi_ui2f
                0x0000000000100a58                __floatunsisf
                0x0000000000100a60                __aeabi_i2f
                0x0000000000100a60                __floatsisf
                0x0000000000100a80                __aeabi_ul2f
                0x0000000000100a80                __floatundisf
                0x0000000000100a90                __aeabi_l2f
                0x0000000000100a90                __floatdisf
 .text          0x0000000000100b0c       0xd4 c:/devkitpro/devkitarm/bin/../lib/gcc/arm-none-eabi/12.1.0/armv6k/fpu\libgcc.a(_aeabi_ldivmod.o)
                0x0000000000100b0c                __aeabi_ldivmod
 .text          0x0000000000100be0       0x3c c:/devkitpro/devkitarm/bin/../lib/gcc/arm-none-eabi/12.1.0/armv6k/fpu\libgcc.a(_aeabi_uldivmod.o)
                0x0000000000100be0                __aeabi_uldivmod
 *fill*         0x0000000000100c1c        0x4 
 .text          0x0000000000100c20      0x390 c:/devkitpro/devkitarm/bin/../lib/gcc/arm-none-eabi/12.1.0/../../../../arm-none-eabi/lib/armv6k/fpu\libg.a(lib_a-strcmp.o)
                0x0000000000100c28                strcmp
 *(.text.*)
 .text.__do_global_dtors_aux
                0x0000000000100fb0       0x40 c:/devkitpro/devkitarm/bin/../lib/gcc/arm-none-eabi/12.1.0/armv6k/fpu/crtbegin.o
 .text.frame_dummy
                0x0000000000100ff0       0x2c c:/devkitpro/devkitarm/bin/../lib/gcc/arm-none-eabi/12.1.0/armv6k/fpu/crtbegin.o
 .text.C2D_SpriteFromSheet
                0x000000000010101c       0x64 main.o
 .text.handlePlayerDuck.part.0
                0x0000000000101080      0x170 main.o
 .text.handlePlayerMovement.part.0
                0x00000000001011f0      0x2f4 main.o
 .text.handlePlayerGravity.part.0
                0x00000000001014e4      0x118 main.o
 .text.fillBuffer
                0x00000000001015fc       0x54 main.o
                0x00000000001015fc                fillBuffer
 .text.flushChannel
                0x0000000000101650       0x40 main.o
                0x0000000000101650                flushChannel
 .text.openSoundFile
                0x0000000000101690       0xa0 main.o
                0x0000000000101690                openSoundFile
 .text.playSound
                0x0000000000101730      0x124 main.o
                0x0000000000101730                playSound
 .text.handlePlayerJump.part.0
                0x0000000000101854       0xa4 main.o
 .text.updateSound
                0x00000000001018f8       0xc4 main.o
                0x00000000001018f8                updateSound
 .text.freeSound
                0x00000000001019bc       0x24 main.o
                0x00000000001019bc                freeSound
 .text.initLibs
                0x00000000001019e0       0x40 main.o
                0x00000000001019e0                initLibs
 .text.exitLibs
                0x0000000000101a20       0x24 main.o
                0x0000000000101a20                exitLibs
 .text.drawTilemapWithoutPipes
                0x0000000000101a44      0x114 main.o
                0x0000000000101a44                drawTilemapWithoutPipes
 .text.drawTilemapOnlyPipes
                0x0000000000101b58       0xec main.o
                0x0000000000101b58                drawTilemapOnlyPipes
 .text.checkSolid
                0x0000000000101c44       0xa8 main.o
                0x0000000000101c44                checkSolid
 .text.checkPlatform
                0x0000000000101cec       0x2c main.o
                0x0000000000101cec                checkPlatform
 .text.getPipeEntranceBB
                0x0000000000101d18       0x78 main.o
                0x0000000000101d18                getPipeEntranceBB
 .text.handlePlayerPipe.part.0
                0x0000000000101d90      0x23c main.o
 .text.checkSurroundingSolids
                0x0000000000101fcc      0x1e4 main.o
                0x0000000000101fcc                checkSurroundingSolids
 .text.checkSurroundingPlatforms
                0x00000000001021b0      0x1a8 main.o
                0x00000000001021b0                checkSurroundingPlatforms
 .text.findSmallestOverlap
                0x0000000000102358      0x8c4 main.o
                0x0000000000102358                findSmallestOverlap
 .text.getNumTests
                0x0000000000102c1c       0x44 main.o
                0x0000000000102c1c                getNumTests
 .text.getTestPositions
                0x0000000000102c60      0x1d4 main.o
                0x0000000000102c60                getTestPositions
 .text.updateMushroom.part.0
                0x0000000000102e34      0x6c0 main.o
 .text.loadGraphics
                0x00000000001034f4     0x3778 main.o
                0x00000000001034f4                loadGraphics
 .text.squishGoomba
                0x0000000000106c6c       0xb8 main.o
                0x0000000000106c6c                squishGoomba
 .text.updateGoomba
                0x0000000000106d24      0xc40 main.o
                0x0000000000106d24                updateGoomba
 .text.drawGoomba
                0x0000000000107964      0x198 main.o
                0x0000000000107964                drawGoomba
 .text.drawMushroom
                0x0000000000107afc       0x70 main.o
                0x0000000000107afc                drawMushroom
 .text.updateFeather
                0x0000000000107b6c       0xf8 main.o
                0x0000000000107b6c                updateFeather
 .text.updateQuestionBlock
                0x0000000000107c64      0x35c main.o
                0x0000000000107c64                updateQuestionBlock
 .text.drawQuestionBlock
                0x0000000000107fc0      0x1c8 main.o
                0x0000000000107fc0                drawQuestionBlock
 .text.drawBrickBlock
                0x0000000000108188       0xd8 main.o
                0x0000000000108188                drawBrickBlock
 .text.initShell
                0x0000000000108260      0x100 main.o
                0x0000000000108260                initShell
 .text.updateShell
                0x0000000000108360      0xb00 main.o
                0x0000000000108360                updateShell
 .text.drawShell
                0x0000000000108e60      0x11c main.o
                0x0000000000108e60                drawShell
 .text.spawnShell
                0x0000000000108f7c       0x64 main.o
                0x0000000000108f7c                spawnShell
 .text.updateKoopa
                0x0000000000108fe0      0xc40 main.o
                0x0000000000108fe0                updateKoopa
 .text.drawKoopa
                0x0000000000109c20      0x254 main.o
                0x0000000000109c20                drawKoopa
 .text.updatePiranha
                0x0000000000109e74       0xe0 main.o
                0x0000000000109e74                updatePiranha
 .text.collectCoin
                0x0000000000109f54       0xb4 main.o
                0x0000000000109f54                collectCoin
 .text.drawCoin
                0x000000000010a008       0xdc main.o
                0x000000000010a008                drawCoin
 .text.initObjects
                0x000000000010a0e4       0xd0 main.o
                0x000000000010a0e4                initObjects
 .text.updateObjects
                0x000000000010a1b4      0x22c main.o
                0x000000000010a1b4                updateObjects
 .text.drawObjects
                0x000000000010a3e0      0x34c main.o
                0x000000000010a3e0                drawObjects
 .text.checkPlayerGround
                0x000000000010a72c      0x4f4 main.o
                0x000000000010a72c                checkPlayerGround
 .text.resetPlayerFromKick
                0x000000000010ac20       0xbc main.o
                0x000000000010ac20                resetPlayerFromKick
 .text.handlePlayerCarry
                0x000000000010acdc       0xd0 main.o
                0x000000000010acdc                handlePlayerCarry
 .text.handlePlayerSpin
                0x000000000010adac      0x6b8 main.o
                0x000000000010adac                handlePlayerSpin
 .text.handlePlayerUpdraft
                0x000000000010b464       0xa4 main.o
                0x000000000010b464                handlePlayerUpdraft
 .text.handlePlayerCollision
                0x000000000010b508      0x62c main.o
                0x000000000010b508                handlePlayerCollision
 *fill*         0x000000000010bb34        0x4 
 .text.handlePlayerObjectInteractions
                0x000000000010bb38      0xea4 main.o
                0x000000000010bb38                handlePlayerObjectInteractions
 *fill*         0x000000000010c9dc        0x4 
 .text.initPlayer
                0x000000000010c9e0      0x2d4 main.o
                0x000000000010c9e0                initPlayer
 .text.updatePlayer
                0x000000000010ccb4      0x348 main.o
                0x000000000010ccb4                updatePlayer
 .text.drawPlayer
                0x000000000010cffc     0x2564 main.o
                0x000000000010cffc                drawPlayer
 .text.drawDigit
                0x000000000010f560       0xc0 main.o
                0x000000000010f560                drawDigit
 .text.drawNumber
                0x000000000010f620       0xfc main.o
                0x000000000010f620                drawNumber
 .text.drawHUD  0x000000000010f71c      0x348 main.o
                0x000000000010f71c                drawHUD
 .text.initWorld11
                0x000000000010fa64      0x480 main.o
                0x000000000010fa64                initWorld11
 .text.initWorld11Pipe0
                0x000000000010fee4       0xf4 main.o
                0x000000000010fee4                initWorld11Pipe0
 .text.findObjectsInMap
                0x000000000010ffd8      0x520 main.o
                0x000000000010ffd8                findObjectsInMap
 .text.startup.main
                0x00000000001104f8      0x6d8 main.o
                0x00000000001104f8                main
 .text.C2Di_FrameEndHook
                0x0000000000110bd0       0x44 C:/devkitPro/libctru/lib\libcitro2d.a(base.o)
 *fill*         0x0000000000110c14        0x4 
 .text.C2D_Init
                0x0000000000110c18      0x36c C:/devkitPro/libctru/lib\libcitro2d.a(base.o)
                0x0000000000110c18                C2D_Init
 .text.C2D_Fini
                0x0000000000110f84       0x4c C:/devkitPro/libctru/lib\libcitro2d.a(base.o)
                0x0000000000110f84                C2D_Fini
 .text.C2D_Prepare
                0x0000000000110fd0       0xb8 C:/devkitPro/libctru/lib\libcitro2d.a(base.o)
                0x0000000000110fd0                C2D_Prepare
 .text.C2D_Flush
                0x0000000000111088       0x48 C:/devkitPro/libctru/lib\libcitro2d.a(base.o)
                0x0000000000111088                C2D_Flush
 .text.C2D_SceneSize
                0x00000000001110d0      0x104 C:/devkitPro/libctru/lib\libcitro2d.a(base.o)
                0x00000000001110d0                C2D_SceneSize
 .text.C2D_CreateScreenTarget
                0x00000000001111d4       0x58 C:/devkitPro/libctru/lib\libcitro2d.a(base.o)
                0x00000000001111d4                C2D_CreateScreenTarget
 .text.C2D_TargetClear
                0x000000000011122c       0x64 C:/devkitPro/libctru/lib\libcitro2d.a(base.o)
                0x000000000011122c                C2D_TargetClear
 .text.C2Di_CalcQuad
                0x0000000000111290      0x13c C:/devkitPro/libctru/lib\libcitro2d.a(base.o)
                0x0000000000111290                C2Di_CalcQuad
 .text.C2Di_AppendQuad
                0x00000000001113cc       0x58 C:/devkitPro/libctru/lib\libcitro2d.a(base.o)
                0x00000000001113cc                C2Di_AppendQuad
 .text.C2Di_Update
                0x0000000000111424      0x550 C:/devkitPro/libctru/lib\libcitro2d.a(base.o)
                0x0000000000111424                C2Di_Update
 .text.C2D_DrawImage
                0x0000000000111974      0x2b0 C:/devkitPro/libctru/lib\libcitro2d.a(base.o)
                0x0000000000111974                C2D_DrawImage
 .text.C2D_SpriteSheetLoadFromHandle
                0x0000000000111c24       0x6c C:/devkitPro/libctru/lib\libcitro2d.a(spritesheet.o)
                0x0000000000111c24                C2D_SpriteSheetLoadFromHandle
 .text.C2D_SpriteSheetLoad
                0x0000000000111c90       0x48 C:/devkitPro/libctru/lib\libcitro2d.a(spritesheet.o)
                0x0000000000111c90                C2D_SpriteSheetLoad
 .text.C2D_SpriteSheetFree
                0x0000000000111cd8       0x28 C:/devkitPro/libctru/lib\libcitro2d.a(spritesheet.o)
                0x0000000000111cd8                C2D_SpriteSheetFree
 .text.C2D_SpriteSheetGetImage
                0x0000000000111d00       0x2c C:/devkitPro/libctru/lib\libcitro2d.a(spritesheet.o)
                0x0000000000111d00                C2D_SpriteSheetGetImage
 .text.C3Di_LightEnvUpdate
                0x0000000000111d2c        0x4 C:/devkitPro/libctru/lib\libcitro3d.a(base.o)
                0x0000000000111d2c                C3Di_LightEnvUpdate
 .text.C3Di_LightEnvDirty
                0x0000000000111d30        0x4 C:/devkitPro/libctru/lib\libcitro3d.a(base.o)
                0x0000000000111d30                C3Di_LightEnvDirty
 .text.C3Di_AptEventHook
                0x0000000000111d34       0xb4 C:/devkitPro/libctru/lib\libcitro3d.a(base.o)
 .text.C3Di_GasUpdate
                0x0000000000111de8        0x4 C:/devkitPro/libctru/lib\libcitro3d.a(base.o)
                0x0000000000111de8                C3Di_GasUpdate
 .text.C3D_Init
                0x0000000000111dec      0x1e0 C:/devkitPro/libctru/lib\libcitro3d.a(base.o)
                0x0000000000111dec                C3D_Init
 .text.C3D_SetViewport
                0x0000000000111fcc       0x98 C:/devkitPro/libctru/lib\libcitro3d.a(base.o)
                0x0000000000111fcc                C3D_SetViewport
 .text.C3Di_UpdateContext
                0x0000000000112064      0x4e8 C:/devkitPro/libctru/lib\libcitro3d.a(base.o)
                0x0000000000112064                C3Di_UpdateContext
 .text.C3Di_SplitFrame
                0x000000000011254c       0xe0 C:/devkitPro/libctru/lib\libcitro3d.a(base.o)
                0x000000000011254c                C3Di_SplitFrame
 .text.C3D_Fini
                0x000000000011262c       0x44 C:/devkitPro/libctru/lib\libcitro3d.a(base.o)
                0x000000000011262c                C3D_Fini
 .text.C3D_BindProgram
                0x0000000000112670      0x114 C:/devkitPro/libctru/lib\libcitro3d.a(base.o)
                0x0000000000112670                C3D_BindProgram
 .text.onVBlank0
                0x0000000000112784       0x4c C:/devkitPro/libctru/lib\libcitro3d.a(renderqueue.o)
 .text.onVBlank1
                0x00000000001127d0       0x4c C:/devkitPro/libctru/lib\libcitro3d.a(renderqueue.o)
 .text.C3Di_RenderTargetDestroy
                0x000000000011281c       0x80 C:/devkitPro/libctru/lib\libcitro3d.a(renderqueue.o)
 .text.onQueueFinish
                0x000000000011289c       0xf4 C:/devkitPro/libctru/lib\libcitro3d.a(renderqueue.o)
 .text.C3Di_RenderQueueEnableVBlank
                0x0000000000112990       0x38 C:/devkitPro/libctru/lib\libcitro3d.a(renderqueue.o)
                0x0000000000112990                C3Di_RenderQueueEnableVBlank
 .text.C3Di_RenderQueueDisableVBlank
                0x00000000001129c8       0x30 C:/devkitPro/libctru/lib\libcitro3d.a(renderqueue.o)
                0x00000000001129c8                C3Di_RenderQueueDisableVBlank
 .text.C3Di_RenderQueueInit
                0x00000000001129f8       0x60 C:/devkitPro/libctru/lib\libcitro3d.a(renderqueue.o)
                0x00000000001129f8                C3Di_RenderQueueInit
 .text.C3Di_RenderQueueExit
                0x0000000000112a58       0xb0 C:/devkitPro/libctru/lib\libcitro3d.a(renderqueue.o)
                0x0000000000112a58                C3Di_RenderQueueExit
 .text.C3Di_RenderQueueWaitDone
                0x0000000000112b08       0x34 C:/devkitPro/libctru/lib\libcitro3d.a(renderqueue.o)
                0x0000000000112b08                C3Di_RenderQueueWaitDone
 .text.C3D_FrameBegin
                0x0000000000112b3c       0xe4 C:/devkitPro/libctru/lib\libcitro3d.a(renderqueue.o)
                0x0000000000112b3c                C3D_FrameBegin
 .text.C3D_FrameDrawOn
                0x0000000000112c20       0x48 C:/devkitPro/libctru/lib\libcitro3d.a(renderqueue.o)
                0x0000000000112c20                C3D_FrameDrawOn
 .text.C3D_FrameSplit
                0x0000000000112c68       0x58 C:/devkitPro/libctru/lib\libcitro3d.a(renderqueue.o)
                0x0000000000112c68                C3D_FrameSplit
 .text.C3D_FrameEnd
                0x0000000000112cc0      0x1d8 C:/devkitPro/libctru/lib\libcitro3d.a(renderqueue.o)
                0x0000000000112cc0                C3D_FrameEnd
 .text.C3D_FrameEndHook
                0x0000000000112e98       0x1c C:/devkitPro/libctru/lib\libcitro3d.a(renderqueue.o)
                0x0000000000112e98                C3D_FrameEndHook
 .text.C3D_RenderTargetCreate
                0x0000000000112eb4      0x184 C:/devkitPro/libctru/lib\libcitro3d.a(renderqueue.o)
                0x0000000000112eb4                C3D_RenderTargetCreate
 .text.C3D_RenderTargetSetOutput
                0x0000000000113038       0xa8 C:/devkitPro/libctru/lib\libcitro3d.a(renderqueue.o)
                0x0000000000113038                C3D_RenderTargetSetOutput
 .text.C3D_SyncTextureCopy
                0x00000000001130e0       0xfc C:/devkitPro/libctru/lib\libcitro3d.a(renderqueue.o)
                0x00000000001130e0                C3D_SyncTextureCopy
 .text.C3D_TexInitWithParams
                0x00000000001131dc      0x294 C:/devkitPro/libctru/lib\libcitro3d.a(texture.o)
                0x00000000001131dc                C3D_TexInitWithParams
 .text.C3D_TexLoadImage
                0x0000000000113470       0xc8 C:/devkitPro/libctru/lib\libcitro3d.a(texture.o)
                0x0000000000113470                C3D_TexLoadImage
 .text.C3D_TexBind
                0x0000000000113538       0x44 C:/devkitPro/libctru/lib\libcitro3d.a(texture.o)
                0x0000000000113538                C3D_TexBind
 .text.C3D_TexDelete
                0x000000000011357c       0x74 C:/devkitPro/libctru/lib\libcitro3d.a(texture.o)
                0x000000000011357c                C3D_TexDelete
 .text.C3Di_SetTex
                0x00000000001135f0      0x16c C:/devkitPro/libctru/lib\libcitro3d.a(texture.o)
                0x00000000001135f0                C3Di_SetTex
 .text.Tex3DSi_ImportCommon
                0x000000000011375c      0x3f4 C:/devkitPro/libctru/lib\libcitro3d.a(tex3ds.o)
 .text.Tex3DS_TextureImportStdio
                0x0000000000113b50       0x38 C:/devkitPro/libctru/lib\libcitro3d.a(tex3ds.o)
                0x0000000000113b50                Tex3DS_TextureImportStdio
 .text.Tex3DS_GetSubTexture
                0x0000000000113b88       0x1c C:/devkitPro/libctru/lib\libcitro3d.a(tex3ds.o)
                0x0000000000113b88                Tex3DS_GetSubTexture
 .text.Tex3DS_TextureFree
                0x0000000000113ba4        0x4 C:/devkitPro/libctru/lib\libcitro3d.a(tex3ds.o)
                0x0000000000113ba4                Tex3DS_TextureFree
 .text.C3D_CalcColorBufSize
                0x0000000000113ba8       0x1c C:/devkitPro/libctru/lib\libcitro3d.a(framebuffer.o)
                0x0000000000113ba8                C3D_CalcColorBufSize
 .text.C3D_CalcDepthBufSize
                0x0000000000113bc4       0x1c C:/devkitPro/libctru/lib\libcitro3d.a(framebuffer.o)
                0x0000000000113bc4                C3D_CalcDepthBufSize
 .text.C3D_SetFrameBuf
                0x0000000000113be0       0x44 C:/devkitPro/libctru/lib\libcitro3d.a(framebuffer.o)
                0x0000000000113be0                C3D_SetFrameBuf
 .text.C3Di_FrameBufBind
                0x0000000000113c24      0x16c C:/devkitPro/libctru/lib\libcitro3d.a(framebuffer.o)
                0x0000000000113c24                C3Di_FrameBufBind
 .text.C3D_FrameBufClear
                0x0000000000113d90       0xc8 C:/devkitPro/libctru/lib\libcitro3d.a(framebuffer.o)
                0x0000000000113d90                C3D_FrameBufClear
 .text.C3D_FrameBufTransfer
                0x0000000000113e58       0x44 C:/devkitPro/libctru/lib\libcitro3d.a(framebuffer.o)
                0x0000000000113e58                C3D_FrameBufTransfer
 .text.C3D_GetTexEnv
                0x0000000000113e9c       0x34 C:/devkitPro/libctru/lib\libcitro3d.a(texenv.o)
                0x0000000000113e9c                C3D_GetTexEnv
 .text.C3Di_TexEnvBind
                0x0000000000113ed0       0x24 C:/devkitPro/libctru/lib\libcitro3d.a(texenv.o)
                0x0000000000113ed0                C3Di_TexEnvBind
 .text.C3D_DrawElements
                0x0000000000113ef4      0x218 C:/devkitPro/libctru/lib\libcitro3d.a(drawElements.o)
                0x0000000000113ef4                C3D_DrawElements
 .text.C3D_ProcTexInit
                0x000000000011410c       0x70 C:/devkitPro/libctru/lib\libcitro3d.a(proctex.o)
                0x000000000011410c                C3D_ProcTexInit
 .text.C3D_ProcTexBind
                0x000000000011417c       0x54 C:/devkitPro/libctru/lib\libcitro3d.a(proctex.o)
                0x000000000011417c                C3D_ProcTexBind
 .text.C3D_ProcTexLutBind
                0x00000000001141d0       0x5c C:/devkitPro/libctru/lib\libcitro3d.a(proctex.o)
                0x00000000001141d0                C3D_ProcTexLutBind
 .text.ProcTexLut_FromArray
                0x000000000011422c       0xa4 C:/devkitPro/libctru/lib\libcitro3d.a(proctex.o)
                0x000000000011422c                ProcTexLut_FromArray
 .text.C3Di_ProcTexUpdate
                0x00000000001142d0      0x17c C:/devkitPro/libctru/lib\libcitro3d.a(proctex.o)
                0x00000000001142d0                C3Di_ProcTexUpdate
 .text.C3Di_ProcTexDirty
                0x000000000011444c       0x68 C:/devkitPro/libctru/lib\libcitro3d.a(proctex.o)
                0x000000000011444c                C3Di_ProcTexDirty
 .text.BufInfo_Init
                0x00000000001144b4       0x24 C:/devkitPro/libctru/lib\libcitro3d.a(buffers.o)
                0x00000000001144b4                BufInfo_Init
 .text.BufInfo_Add
                0x00000000001144d8       0x80 C:/devkitPro/libctru/lib\libcitro3d.a(buffers.o)
                0x00000000001144d8                BufInfo_Add
 .text.C3D_SetBufInfo
                0x0000000000114558       0x40 C:/devkitPro/libctru/lib\libcitro3d.a(buffers.o)
                0x0000000000114558                C3D_SetBufInfo
 .text.C3Di_BufInfoBind
                0x0000000000114598       0x48 C:/devkitPro/libctru/lib\libcitro3d.a(buffers.o)
                0x0000000000114598                C3Di_BufInfoBind
 .text.C3D_DepthMap
                0x00000000001145e0       0x40 C:/devkitPro/libctru/lib\libcitro3d.a(effect.o)
                0x00000000001145e0                C3D_DepthMap
 .text.C3D_CullFace
                0x0000000000114620       0x1c C:/devkitPro/libctru/lib\libcitro3d.a(effect.o)
                0x0000000000114620                C3D_CullFace
 .text.C3D_StencilTest
                0x000000000011463c       0x40 C:/devkitPro/libctru/lib\libcitro3d.a(effect.o)
                0x000000000011463c                C3D_StencilTest
 .text.C3D_StencilOp
                0x000000000011467c       0x24 C:/devkitPro/libctru/lib\libcitro3d.a(effect.o)
                0x000000000011467c                C3D_StencilOp
 .text.C3D_BlendingColor
                0x00000000001146a0       0x1c C:/devkitPro/libctru/lib\libcitro3d.a(effect.o)
                0x00000000001146a0                C3D_BlendingColor
 .text.C3D_EarlyDepthTest
                0x00000000001146bc       0x24 C:/devkitPro/libctru/lib\libcitro3d.a(effect.o)
                0x00000000001146bc                C3D_EarlyDepthTest
 .text.C3D_DepthTest
                0x00000000001146e0       0x2c C:/devkitPro/libctru/lib\libcitro3d.a(effect.o)
                0x00000000001146e0                C3D_DepthTest
 .text.C3D_AlphaTest
                0x000000000011470c       0x2c C:/devkitPro/libctru/lib\libcitro3d.a(effect.o)
                0x000000000011470c                C3D_AlphaTest
 .text.C3D_AlphaBlend
                0x0000000000114738       0x50 C:/devkitPro/libctru/lib\libcitro3d.a(effect.o)
                0x0000000000114738                C3D_AlphaBlend
 .text.C3D_FragOpMode
                0x0000000000114788       0x30 C:/devkitPro/libctru/lib\libcitro3d.a(effect.o)
                0x0000000000114788                C3D_FragOpMode
 .text.C3D_FragOpShadow
                0x00000000001147b8       0x44 C:/devkitPro/libctru/lib\libcitro3d.a(effect.o)
                0x00000000001147b8                C3D_FragOpShadow
 .text.C3Di_EffectBind
                0x00000000001147fc      0x1ac C:/devkitPro/libctru/lib\libcitro3d.a(effect.o)
                0x00000000001147fc                C3Di_EffectBind
 .text.AttrInfo_Init
                0x00000000001149a8       0x28 C:/devkitPro/libctru/lib\libcitro3d.a(attribs.o)
                0x00000000001149a8                AttrInfo_Init
 .text.AttrInfo_AddLoader
                0x00000000001149d0       0x94 C:/devkitPro/libctru/lib\libcitro3d.a(attribs.o)
                0x00000000001149d0                AttrInfo_AddLoader
 .text.C3D_SetAttrInfo
                0x0000000000114a64       0x54 C:/devkitPro/libctru/lib\libcitro3d.a(attribs.o)
                0x0000000000114a64                C3D_SetAttrInfo
 .text.C3Di_AttrInfoBind
                0x0000000000114ab8       0x80 C:/devkitPro/libctru/lib\libcitro3d.a(attribs.o)
                0x0000000000114ab8                C3Di_AttrInfoBind
 .text.C3D_ImmSendAttrib
                0x0000000000114b38       0xa8 C:/devkitPro/libctru/lib\libcitro3d.a(immediate.o)
                0x0000000000114b38                C3D_ImmSendAttrib
 .text.C3D_UpdateUniforms
                0x0000000000114be0      0x280 C:/devkitPro/libctru/lib\libcitro3d.a(uniforms.o)
                0x0000000000114be0                C3D_UpdateUniforms
 .text.C3Di_DirtyUniforms
                0x0000000000114e60       0xc0 C:/devkitPro/libctru/lib\libcitro3d.a(uniforms.o)
                0x0000000000114e60                C3Di_DirtyUniforms
 .text.C3Di_LoadShaderUniforms
                0x0000000000114f20       0xd8 C:/devkitPro/libctru/lib\libcitro3d.a(uniforms.o)
                0x0000000000114f20                C3Di_LoadShaderUniforms
 .text.C3Di_ClearShaderUniforms
                0x0000000000114ff8       0x28 C:/devkitPro/libctru/lib\libcitro3d.a(uniforms.o)
                0x0000000000114ff8                C3Di_ClearShaderUniforms
 .text.Mtx_Ortho
                0x0000000000115020       0xcc C:/devkitPro/libctru/lib\libcitro3d.a(mtx_ortho.o)
                0x0000000000115020                Mtx_Ortho
 .text.Mtx_OrthoTilt
                0x00000000001150ec       0xcc C:/devkitPro/libctru/lib\libcitro3d.a(mtx_orthotilt.o)
                0x00000000001150ec                Mtx_OrthoTilt
 .text._ZL21addrMapNodeComparatorPK11rbtree_nodeS1_
                0x00000000001151b8       0x24 C:/devkitPro/libctru/lib\libctru.a(vram.o)
 .text._ZL21addrMapNodeDestructorP11rbtree_node
                0x00000000001151dc        0x4 C:/devkitPro/libctru/lib\libctru.a(vram.o)
 .text.vramMemAlignAt
                0x00000000001151e0      0x250 C:/devkitPro/libctru/lib\libctru.a(vram.o)
                0x00000000001151e0                vramMemAlignAt
 .text.vramAlloc
                0x0000000000115430        0xc C:/devkitPro/libctru/lib\libctru.a(vram.o)
                0x0000000000115430                vramAlloc
 .text.vramAllocAt
                0x000000000011543c        0xc C:/devkitPro/libctru/lib\libctru.a(vram.o)
                0x000000000011543c                vramAllocAt
 .text.vramFree
                0x0000000000115448       0x90 C:/devkitPro/libctru/lib\libctru.a(vram.o)
                0x0000000000115448                vramFree
 .text._ZL21addrMapNodeComparatorPK11rbtree_nodeS1_
                0x00000000001154d8       0x24 C:/devkitPro/libctru/lib\libctru.a(linear.o)
 .text._ZL21addrMapNodeDestructorP11rbtree_node
                0x00000000001154fc        0x4 C:/devkitPro/libctru/lib\libctru.a(linear.o)
 .text.linearMemAlign
                0x0000000000115500      0x120 C:/devkitPro/libctru/lib\libctru.a(linear.o)
                0x0000000000115500                linearMemAlign
 .text.linearAlloc
                0x0000000000115620        0x8 C:/devkitPro/libctru/lib\libctru.a(linear.o)
                0x0000000000115620                linearAlloc
 .text.linearFree
                0x0000000000115628       0x5c C:/devkitPro/libctru/lib\libctru.a(linear.o)
                0x0000000000115628                linearFree
 .text._ZN7MemPool13CoalesceRightEP8MemBlock
                0x0000000000115684       0x80 C:/devkitPro/libctru/lib\libctru.a(mem_pool.o)
                0x0000000000115684                MemPool::CoalesceRight(MemBlock*)
 .text._ZN7MemPool8AllocateER8MemChunkmi
                0x0000000000115704      0x16c C:/devkitPro/libctru/lib\libctru.a(mem_pool.o)
                0x0000000000115704                MemPool::Allocate(MemChunk&, unsigned long, int)
 .text._ZN7MemPool10DeallocateERK8MemChunk
                0x0000000000115870       0xfc C:/devkitPro/libctru/lib\libctru.a(mem_pool.o)
                0x0000000000115870                MemPool::Deallocate(MemChunk const&)
 .text._ZN7MemPool12GetFreeSpaceEv
                0x000000000011596c       0x30 C:/devkitPro/libctru/lib\libctru.a(mem_pool.o)
                0x000000000011596c                MemPool::GetFreeSpace()
 .text.romfs_close
                0x000000000011599c        0x8 C:/devkitPro/libctru/lib\libctru.a(romfs_dev.o)
 .text.romfs_seek
                0x00000000001159a4       0xc0 C:/devkitPro/libctru/lib\libctru.a(romfs_dev.o)
 .text.romfs_dirreset
                0x0000000000115a64       0x24 C:/devkitPro/libctru/lib\libctru.a(romfs_dev.o)
 .text.fill_dir
                0x0000000000115a88       0xc8 C:/devkitPro/libctru/lib\libctru.a(romfs_dev.o)
 .text.romfs_dirnext
                0x0000000000115b50      0x28c C:/devkitPro/libctru/lib\libctru.a(romfs_dev.o)
 .text.romfs_free
                0x0000000000115ddc       0x84 C:/devkitPro/libctru/lib\libctru.a(romfs_dev.o)
 .text.searchForFile.constprop.0
                0x0000000000115e60       0xd4 C:/devkitPro/libctru/lib\libctru.a(romfs_dev.o)
 .text.searchForDir.constprop.0
                0x0000000000115f34       0xd8 C:/devkitPro/libctru/lib\libctru.a(romfs_dev.o)
 .text.navigateToDir.constprop.0
                0x000000000011600c      0x1c0 C:/devkitPro/libctru/lib\libctru.a(romfs_dev.o)
 .text.romfs_open
                0x00000000001161cc      0x10c C:/devkitPro/libctru/lib\libctru.a(romfs_dev.o)
 .text.romfs_chdir
                0x00000000001162d8       0x4c C:/devkitPro/libctru/lib\libctru.a(romfs_dev.o)
 .text.romfs_diropen
                0x0000000000116324       0x70 C:/devkitPro/libctru/lib\libctru.a(romfs_dev.o)
 .text.romfs_stat
                0x0000000000116394      0x174 C:/devkitPro/libctru/lib\libctru.a(romfs_dev.o)
 .text.romfs_dirclose
                0x0000000000116508        0x8 C:/devkitPro/libctru/lib\libctru.a(romfs_dev.o)
 .text.romfs_fstat
                0x0000000000116510       0x84 C:/devkitPro/libctru/lib\libctru.a(romfs_dev.o)
 .text.romfs_read
                0x0000000000116594       0xd0 C:/devkitPro/libctru/lib\libctru.a(romfs_dev.o)
 .text.romfsMountFromFile
                0x0000000000116664      0x28c C:/devkitPro/libctru/lib\libctru.a(romfs_dev.o)
                0x0000000000116664                romfsMountFromFile
 .text.romfsMountFromCurrentProcess
                0x00000000001168f0       0x98 C:/devkitPro/libctru/lib\libctru.a(romfs_dev.o)
                0x00000000001168f0                romfsMountFromCurrentProcess
 .text.romfsMountSelf
                0x0000000000116988      0x260 C:/devkitPro/libctru/lib\libctru.a(romfs_dev.o)
                0x0000000000116988                romfsMountSelf
 .text.romfsUnmount
                0x0000000000116be8       0xa0 C:/devkitPro/libctru/lib\libctru.a(romfs_dev.o)
                0x0000000000116be8                romfsUnmount
 .text.osConvertVirtToPhys
                0x0000000000116c88       0x74 C:/devkitPro/libctru/lib\libctru.a(os.o)
                0x0000000000116c88                osConvertVirtToPhys
 .text.osGetTimeRef
                0x0000000000116cfc       0x54 C:/devkitPro/libctru/lib\libctru.a(os.o)
                0x0000000000116cfc                osGetTimeRef
 .text.osGetTime
                0x0000000000116d50       0xec C:/devkitPro/libctru/lib\libctru.a(os.o)
                0x0000000000116d50                osGetTime
 .text.__ctru_speedup_config
                0x0000000000116e3c       0x34 C:/devkitPro/libctru/lib\libctru.a(os.o)
                0x0000000000116e3c                __ctru_speedup_config
 .text.osSetSpeedupEnable
                0x0000000000116e70       0x38 C:/devkitPro/libctru/lib\libctru.a(os.o)
                0x0000000000116e70                osSetSpeedupEnable
 .text.consoleDrawChar
                0x0000000000116ea8      0x1ac C:/devkitPro/libctru/lib\libctru.a(console.o)
                0x0000000000116ea8                consoleDrawChar
 .text.consolePrintChar
                0x0000000000117054      0x124 C:/devkitPro/libctru/lib\libctru.a(console.o)
                0x0000000000117054                consolePrintChar
 .text.newRow   0x0000000000117178       0xfc C:/devkitPro/libctru/lib\libctru.a(console.o)
 .text.consoleClear
                0x0000000000117274       0xbc C:/devkitPro/libctru/lib\libctru.a(console.o)
                0x0000000000117274                consoleClear
 .text.gfxPresentFramebuffer
                0x0000000000117330       0xd0 C:/devkitPro/libctru/lib\libctru.a(gfx.o)
 .text.gfxIsWide
                0x0000000000117400       0x1c C:/devkitPro/libctru/lib\libctru.a(gfx.o)
                0x0000000000117400                gfxIsWide
 .text.gfxSetScreenFormat
                0x000000000011741c       0xec C:/devkitPro/libctru/lib\libctru.a(gfx.o)
                0x000000000011741c                gfxSetScreenFormat
 .text.gfxInit  0x0000000000117508       0xe0 C:/devkitPro/libctru/lib\libctru.a(gfx.o)
                0x0000000000117508                gfxInit
 .text.gfxInitDefault
                0x00000000001175e8       0x10 C:/devkitPro/libctru/lib\libctru.a(gfx.o)
                0x00000000001175e8                gfxInitDefault
 .text.gfxExit  0x00000000001175f8       0xb4 C:/devkitPro/libctru/lib\libctru.a(gfx.o)
                0x00000000001175f8                gfxExit
 .text.gfxGetFramebuffer
                0x00000000001176ac       0xa0 C:/devkitPro/libctru/lib\libctru.a(gfx.o)
                0x00000000001176ac                gfxGetFramebuffer
 .text.gfxFlushBuffers
                0x000000000011774c      0x104 C:/devkitPro/libctru/lib\libctru.a(gfx.o)
                0x000000000011774c                gfxFlushBuffers
 .text.gfxScreenSwapBuffers
                0x0000000000117850       0x30 C:/devkitPro/libctru/lib\libctru.a(gfx.o)
                0x0000000000117850                gfxScreenSwapBuffers
 .text.shaderInstanceInit
                0x0000000000117880      0x1d4 C:/devkitPro/libctru/lib\libctru.a(shaderProgram.o)
                0x0000000000117880                shaderInstanceInit
 .text.shaderInstanceGetUniformLocation
                0x0000000000117a54       0x18 C:/devkitPro/libctru/lib\libctru.a(shaderProgram.o)
                0x0000000000117a54                shaderInstanceGetUniformLocation
 .text.shaderProgramInit
                0x0000000000117a6c       0x1c C:/devkitPro/libctru/lib\libctru.a(shaderProgram.o)
                0x0000000000117a6c                shaderProgramInit
 .text.shaderProgramFree
                0x0000000000117a88       0x64 C:/devkitPro/libctru/lib\libctru.a(shaderProgram.o)
                0x0000000000117a88                shaderProgramFree
 .text.shaderProgramSetVsh
                0x0000000000117aec       0x80 C:/devkitPro/libctru/lib\libctru.a(shaderProgram.o)
                0x0000000000117aec                shaderProgramSetVsh
 .text.shaderProgramConfigure
                0x0000000000117b6c      0x8e0 C:/devkitPro/libctru/lib\libctru.a(shaderProgram.o)
                0x0000000000117b6c                shaderProgramConfigure
 .text.DVLE_GenerateOutmap.part.0
                0x000000000011844c      0x1cc C:/devkitPro/libctru/lib\libctru.a(shbin.o)
 .text.DVLB_ParseFile
                0x0000000000118618      0x1b4 C:/devkitPro/libctru/lib\libctru.a(shbin.o)
                0x0000000000118618                DVLB_ParseFile
 .text.DVLB_Free
                0x00000000001187cc       0x38 C:/devkitPro/libctru/lib\libctru.a(shbin.o)
                0x00000000001187cc                DVLB_Free
 .text.DVLE_GetUniformRegister
                0x0000000000118804       0x74 C:/devkitPro/libctru/lib\libctru.a(shbin.o)
                0x0000000000118804                DVLE_GetUniformRegister
 .text.GX_BindQueue
                0x0000000000118878       0x10 C:/devkitPro/libctru/lib\libctru.a(gx.o)
                0x0000000000118878                GX_BindQueue
 .text.GX_ProcessCommandList
                0x0000000000118888       0x78 C:/devkitPro/libctru/lib\libctru.a(gx.o)
                0x0000000000118888                GX_ProcessCommandList
 .text.GX_MemoryFill
                0x0000000000118900       0x74 C:/devkitPro/libctru/lib\libctru.a(gx.o)
                0x0000000000118900                GX_MemoryFill
 .text.GX_DisplayTransfer
                0x0000000000118974       0x70 C:/devkitPro/libctru/lib\libctru.a(gx.o)
                0x0000000000118974                GX_DisplayTransfer
 .text.GX_TextureCopy
                0x00000000001189e4       0x74 C:/devkitPro/libctru/lib\libctru.a(gx.o)
                0x00000000001189e4                GX_TextureCopy
 .text.gxCmdQueueDoCommands.part.0
                0x0000000000118a58       0x68 C:/devkitPro/libctru/lib\libctru.a(gxqueue.o)
 .text.gxCmdQueueInterrupt
                0x0000000000118ac0       0xc8 C:/devkitPro/libctru/lib\libctru.a(gxqueue.o)
                0x0000000000118ac0                gxCmdQueueInterrupt
 .text.gxCmdQueueClear
                0x0000000000118b88       0x4c C:/devkitPro/libctru/lib\libctru.a(gxqueue.o)
                0x0000000000118b88                gxCmdQueueClear
 .text.gxCmdQueueAdd
                0x0000000000118bd4       0xf8 C:/devkitPro/libctru/lib\libctru.a(gxqueue.o)
                0x0000000000118bd4                gxCmdQueueAdd
 .text.gxCmdQueueRun
                0x0000000000118ccc       0x80 C:/devkitPro/libctru/lib\libctru.a(gxqueue.o)
                0x0000000000118ccc                gxCmdQueueRun
 .text.gxCmdQueueStop
                0x0000000000118d4c       0x60 C:/devkitPro/libctru/lib\libctru.a(gxqueue.o)
                0x0000000000118d4c                gxCmdQueueStop
 .text.gxCmdQueueWait
                0x0000000000118dac       0x74 C:/devkitPro/libctru/lib\libctru.a(gxqueue.o)
                0x0000000000118dac                gxCmdQueueWait
 .text.GPUCMD_Add
                0x0000000000118e20      0x13c C:/devkitPro/libctru/lib\libctru.a(gpu.o)
                0x0000000000118e20                GPUCMD_Add
 .text.GPUCMD_Split
                0x0000000000118f5c       0xb0 C:/devkitPro/libctru/lib\libctru.a(gpu.o)
                0x0000000000118f5c                GPUCMD_Split
 .text.f32tof16
                0x000000000011900c       0x34 C:/devkitPro/libctru/lib\libctru.a(gpu.o)
                0x000000000011900c                f32tof16
 .text.f32tof24
                0x0000000000119040       0x34 C:/devkitPro/libctru/lib\libctru.a(gpu.o)
                0x0000000000119040                f32tof24
 .text.f32tof31
                0x0000000000119074       0x38 C:/devkitPro/libctru/lib\libctru.a(gpu.o)
                0x0000000000119074                f32tof31
 .text.ndspUpdateMaster
                0x00000000001190ac      0x158 C:/devkitPro/libctru/lib\libctru.a(ndsp.o)
 *fill*         0x0000000000119204        0x4 
 .text.ndspFinalize
                0x0000000000119208      0x110 C:/devkitPro/libctru/lib\libctru.a(ndsp.o)
 .text.ndspInitialize.part.0
                0x0000000000119318      0x250 C:/devkitPro/libctru/lib\libctru.a(ndsp.o)
 .text.ndspHookCallback
                0x0000000000119568       0xfc C:/devkitPro/libctru/lib\libctru.a(ndsp.o)
 *fill*         0x0000000000119664        0x4 
 .text.ndspThreadMain
                0x0000000000119668      0x310 C:/devkitPro/libctru/lib\libctru.a(ndsp.o)
 .text.ndspInit
                0x0000000000119978      0x3c8 C:/devkitPro/libctru/lib\libctru.a(ndsp.o)
                0x0000000000119978                ndspInit
 .text.ndspExit
                0x0000000000119d40       0xcc C:/devkitPro/libctru/lib\libctru.a(ndsp.o)
                0x0000000000119d40                ndspExit
 .text.ndspSetOutputMode
                0x0000000000119e0c       0x34 C:/devkitPro/libctru/lib\libctru.a(ndsp.o)
                0x0000000000119e0c                ndspSetOutputMode
 .text.ndspChnReset
                0x0000000000119e40       0xe4 C:/devkitPro/libctru/lib\libctru.a(ndsp-channel.o)
                0x0000000000119e40                ndspChnReset
 .text.ndspChnSetFormat
                0x0000000000119f24       0x18 C:/devkitPro/libctru/lib\libctru.a(ndsp-channel.o)
                0x0000000000119f24                ndspChnSetFormat
 .text.ndspChnSetInterp
                0x0000000000119f3c       0x48 C:/devkitPro/libctru/lib\libctru.a(ndsp-channel.o)
                0x0000000000119f3c                ndspChnSetInterp
 .text.ndspChnSetRate
                0x0000000000119f84       0x5c C:/devkitPro/libctru/lib\libctru.a(ndsp-channel.o)
                0x0000000000119f84                ndspChnSetRate
 .text.ndspChnWaveBufClear
                0x0000000000119fe0       0xac C:/devkitPro/libctru/lib\libctru.a(ndsp-channel.o)
                0x0000000000119fe0                ndspChnWaveBufClear
 .text.ndspChnWaveBufAdd
                0x000000000011a08c       0xbc C:/devkitPro/libctru/lib\libctru.a(ndsp-channel.o)
                0x000000000011a08c                ndspChnWaveBufAdd
 .text.ndspiInitChn
                0x000000000011a148       0x40 C:/devkitPro/libctru/lib\libctru.a(ndsp-channel.o)
                0x000000000011a148                ndspiInitChn
 .text.ndspiDirtyChn
                0x000000000011a188       0x2c C:/devkitPro/libctru/lib\libctru.a(ndsp-channel.o)
                0x000000000011a188                ndspiDirtyChn
 .text.ndspiUpdateChn
                0x000000000011a1b4      0x444 C:/devkitPro/libctru/lib\libctru.a(ndsp-channel.o)
                0x000000000011a1b4                ndspiUpdateChn
 .text.ndspiReadChnState
                0x000000000011a5f8      0x184 C:/devkitPro/libctru/lib\libctru.a(ndsp-channel.o)
                0x000000000011a5f8                ndspiReadChnState
 .text.cfguInit
                0x000000000011a77c       0xa4 C:/devkitPro/libctru/lib\libctru.a(cfgu.o)
                0x000000000011a77c                cfguInit
 .text.cfguExit
                0x000000000011a820       0x3c C:/devkitPro/libctru/lib\libctru.a(cfgu.o)
                0x000000000011a820                cfguExit
 .text.CFGU_GetConfigInfoBlk2
                0x000000000011a85c       0x4c C:/devkitPro/libctru/lib\libctru.a(cfgu.o)
                0x000000000011a85c                CFGU_GetConfigInfoBlk2
 .text.DSP_LoadComponent.part.0
                0x000000000011a8a8       0xa4 C:/devkitPro/libctru/lib\libctru.a(dsp.o)
 .text.dspInit  0x000000000011a94c       0xdc C:/devkitPro/libctru/lib\libctru.a(dsp.o)
                0x000000000011a94c                dspInit
 .text.dspExit  0x000000000011aa28       0x80 C:/devkitPro/libctru/lib\libctru.a(dsp.o)
                0x000000000011aa28                dspExit
 .text.dspHook  0x000000000011aaa8       0x24 C:/devkitPro/libctru/lib\libctru.a(dsp.o)
                0x000000000011aaa8                dspHook
 .text.dspUnhook
                0x000000000011aacc       0x30 C:/devkitPro/libctru/lib\libctru.a(dsp.o)
                0x000000000011aacc                dspUnhook
 .text.aptDspSleep
                0x000000000011aafc       0xb0 C:/devkitPro/libctru/lib\libctru.a(dsp.o)
                0x000000000011aafc                aptDspSleep
 .text.aptDspWakeup
                0x000000000011abac       0xb8 C:/devkitPro/libctru/lib\libctru.a(dsp.o)
                0x000000000011abac                aptDspWakeup
 .text.aptDspCancel
                0x000000000011ac64       0x44 C:/devkitPro/libctru/lib\libctru.a(dsp.o)
                0x000000000011ac64                aptDspCancel
 .text.DSP_FlushDataCache
                0x000000000011aca8       0x50 C:/devkitPro/libctru/lib\libctru.a(dsp.o)
                0x000000000011aca8                DSP_FlushDataCache
 .text.DSP_SetSemaphore
                0x000000000011acf8       0x34 C:/devkitPro/libctru/lib\libctru.a(dsp.o)
                0x000000000011acf8                DSP_SetSemaphore
 .text.DSP_SetSemaphoreMask
                0x000000000011ad2c       0x34 C:/devkitPro/libctru/lib\libctru.a(dsp.o)
                0x000000000011ad2c                DSP_SetSemaphoreMask
 .text.DSP_GetSemaphoreHandle
                0x000000000011ad60       0x38 C:/devkitPro/libctru/lib\libctru.a(dsp.o)
                0x000000000011ad60                DSP_GetSemaphoreHandle
 .text.DSP_LoadComponent
                0x000000000011ad98       0x3c C:/devkitPro/libctru/lib\libctru.a(dsp.o)
                0x000000000011ad98                DSP_LoadComponent
 .text.DSP_RegisterInterruptEvents
                0x000000000011add4       0x44 C:/devkitPro/libctru/lib\libctru.a(dsp.o)
                0x000000000011add4                DSP_RegisterInterruptEvents
 .text.DSP_ReadPipeIfPossible
                0x000000000011ae18       0x74 C:/devkitPro/libctru/lib\libctru.a(dsp.o)
                0x000000000011ae18                DSP_ReadPipeIfPossible
 .text.DSP_WriteProcessPipe
                0x000000000011ae8c       0x4c C:/devkitPro/libctru/lib\libctru.a(dsp.o)
                0x000000000011ae8c                DSP_WriteProcessPipe
 .text.DSP_ConvertProcessAddressFromDspDram
                0x000000000011aed8       0x40 C:/devkitPro/libctru/lib\libctru.a(dsp.o)
                0x000000000011aed8                DSP_ConvertProcessAddressFromDspDram
 .text.DSP_RecvData
                0x000000000011af18       0x40 C:/devkitPro/libctru/lib\libctru.a(dsp.o)
                0x000000000011af18                DSP_RecvData
 .text.DSP_RecvDataIsReady
                0x000000000011af58       0x4c C:/devkitPro/libctru/lib\libctru.a(dsp.o)
                0x000000000011af58                DSP_RecvDataIsReady
 .text.gspHardwareInit
                0x000000000011afa4      0xc58 C:/devkitPro/libctru/lib\libctru.a(gspgpu.o)
 .text.gspInit  0x000000000011bbfc      0x248 C:/devkitPro/libctru/lib\libctru.a(gspgpu.o)
                0x000000000011bbfc                gspInit
 .text.gspExit  0x000000000011be44       0xf0 C:/devkitPro/libctru/lib\libctru.a(gspgpu.o)
                0x000000000011be44                gspExit
 .text.gspHasGpuRight
                0x000000000011bf34       0x10 C:/devkitPro/libctru/lib\libctru.a(gspgpu.o)
                0x000000000011bf34                gspHasGpuRight
 .text.gspPresentBuffer
                0x000000000011bf44       0xa0 C:/devkitPro/libctru/lib\libctru.a(gspgpu.o)
                0x000000000011bf44                gspPresentBuffer
 .text.gspSetEventCallback
                0x000000000011bfe4       0x30 C:/devkitPro/libctru/lib\libctru.a(gspgpu.o)
                0x000000000011bfe4                gspSetEventCallback
 .text.gspWaitForEvent
                0x000000000011c014       0x44 C:/devkitPro/libctru/lib\libctru.a(gspgpu.o)
                0x000000000011c014                gspWaitForEvent
 .text.gspWaitForAnyEvent
                0x000000000011c058       0x4c C:/devkitPro/libctru/lib\libctru.a(gspgpu.o)
                0x000000000011c058                gspWaitForAnyEvent
 .text.gspEventThreadMain
                0x000000000011c0a4      0x158 C:/devkitPro/libctru/lib\libctru.a(gspgpu.o)
 .text.gspSubmitGxCommand
                0x000000000011c1fc      0x130 C:/devkitPro/libctru/lib\libctru.a(gspgpu.o)
                0x000000000011c1fc                gspSubmitGxCommand
 .text.GSPGPU_FlushDataCache
                0x000000000011c32c       0x50 C:/devkitPro/libctru/lib\libctru.a(gspgpu.o)
                0x000000000011c32c                GSPGPU_FlushDataCache
 .text.GSPGPU_SetLcdForceBlack
                0x000000000011c37c       0x34 C:/devkitPro/libctru/lib\libctru.a(gspgpu.o)
                0x000000000011c37c                GSPGPU_SetLcdForceBlack
 .text.GSPGPU_AcquireRight
                0x000000000011c3b0       0x68 C:/devkitPro/libctru/lib\libctru.a(gspgpu.o)
                0x000000000011c3b0                GSPGPU_AcquireRight
 .text.GSPGPU_ReleaseRight
                0x000000000011c418       0x48 C:/devkitPro/libctru/lib\libctru.a(gspgpu.o)
                0x000000000011c418                GSPGPU_ReleaseRight
 .text.GSPGPU_ImportDisplayCaptureInfo
                0x000000000011c460       0x7c C:/devkitPro/libctru/lib\libctru.a(gspgpu.o)
                0x000000000011c460                GSPGPU_ImportDisplayCaptureInfo
 .text.GSPGPU_SaveVramSysArea
                0x000000000011c4dc       0x2c C:/devkitPro/libctru/lib\libctru.a(gspgpu.o)
                0x000000000011c4dc                GSPGPU_SaveVramSysArea
 .text.GSPGPU_RestoreVramSysArea
                0x000000000011c508       0x2c C:/devkitPro/libctru/lib\libctru.a(gspgpu.o)
                0x000000000011c508                GSPGPU_RestoreVramSysArea
 .text.aptConvertScreenForCapture
                0x000000000011c534      0x1a4 C:/devkitPro/libctru/lib\libctru.a(apt.o)
 .text.aptSendCommand
                0x000000000011c6d8      0x158 C:/devkitPro/libctru/lib\libctru.a(apt.o)
                0x000000000011c6d8                aptSendCommand
 .text.aptExitProcess
                0x000000000011c830       0x44 C:/devkitPro/libctru/lib\libctru.a(apt.o)
 .text.aptExit  0x000000000011c874      0x2f4 C:/devkitPro/libctru/lib\libctru.a(apt.o)
                0x000000000011c874                aptExit
 .text.aptHandleSleep
                0x000000000011cb68       0xe0 C:/devkitPro/libctru/lib\libctru.a(apt.o)
                0x000000000011cb68                aptHandleSleep
 .text.aptHook  0x000000000011cc48       0x30 C:/devkitPro/libctru/lib\libctru.a(apt.o)
                0x000000000011cc48                aptHook
 .text.aptUnhook
                0x000000000011cc78       0x30 C:/devkitPro/libctru/lib\libctru.a(apt.o)
                0x000000000011cc78                aptUnhook
 .text.APT_SleepIfShellClosed
                0x000000000011cca8       0x84 C:/devkitPro/libctru/lib\libctru.a(apt.o)
                0x000000000011cca8                APT_SleepIfShellClosed
 .text.aptSetSleepAllowed
                0x000000000011cd2c       0x84 C:/devkitPro/libctru/lib\libctru.a(apt.o)
                0x000000000011cd2c                aptSetSleepAllowed
 .text.APT_UnlockTransition
                0x000000000011cdb0       0x84 C:/devkitPro/libctru/lib\libctru.a(apt.o)
                0x000000000011cdb0                APT_UnlockTransition
 *fill*         0x000000000011ce34        0x4 
 .text.aptEventHandler
                0x000000000011ce38      0x4a4 C:/devkitPro/libctru/lib\libctru.a(apt.o)
 .text.APT_ReceiveParameter
                0x000000000011d2dc       0xb0 C:/devkitPro/libctru/lib\libctru.a(apt.o)
                0x000000000011d2dc                APT_ReceiveParameter
 .text.aptReceiveParameter.constprop.0
                0x000000000011d38c       0xb0 C:/devkitPro/libctru/lib\libctru.a(apt.o)
 *fill*         0x000000000011d43c        0x4 
 .text.aptScreenTransfer
                0x000000000011d440      0x2ac C:/devkitPro/libctru/lib\libctru.a(apt.o)
 .text.aptWaitForWakeUp.isra.0
                0x000000000011d6ec      0x344 C:/devkitPro/libctru/lib\libctru.a(apt.o)
 .text.aptJumpToHomeMenu
                0x000000000011da30      0x100 C:/devkitPro/libctru/lib\libctru.a(apt.o)
                0x000000000011da30                aptJumpToHomeMenu
 .text.aptMainLoop
                0x000000000011db30       0x48 C:/devkitPro/libctru/lib\libctru.a(apt.o)
                0x000000000011db30                aptMainLoop
 .text.aptInit  0x000000000011db78      0x22c C:/devkitPro/libctru/lib\libctru.a(apt.o)
                0x000000000011db78                aptInit
 .text.APT_CheckNew3DS
                0x000000000011dda4       0x7c C:/devkitPro/libctru/lib\libctru.a(apt.o)
                0x000000000011dda4                APT_CheckNew3DS
 .text.hidShouldUseIrrst
                0x000000000011de20       0x24 C:/devkitPro/libctru/lib\libctru.a(hid.o)
                0x000000000011de20                hidShouldUseIrrst
 .text.hidInit  0x000000000011de44      0x18c C:/devkitPro/libctru/lib\libctru.a(hid.o)
                0x000000000011de44                hidInit
 .text.hidExit  0x000000000011dfd0       0xe8 C:/devkitPro/libctru/lib\libctru.a(hid.o)
                0x000000000011dfd0                hidExit
 .text.hidScanInput
                0x000000000011e0b8      0x2a4 C:/devkitPro/libctru/lib\libctru.a(hid.o)
                0x000000000011e0b8                hidScanInput
 .text.hidKeysHeld
                0x000000000011e35c       0x10 C:/devkitPro/libctru/lib\libctru.a(hid.o)
                0x000000000011e35c                hidKeysHeld
 .text.hidKeysDown
                0x000000000011e36c       0x10 C:/devkitPro/libctru/lib\libctru.a(hid.o)
                0x000000000011e36c                hidKeysDown
 .text.ptmSysmInit
                0x000000000011e37c       0x74 C:/devkitPro/libctru/lib\libctru.a(ptmsysm.o)
                0x000000000011e37c                ptmSysmInit
 .text.ptmSysmExit
                0x000000000011e3f0       0x3c C:/devkitPro/libctru/lib\libctru.a(ptmsysm.o)
                0x000000000011e3f0                ptmSysmExit
 .text.PTMSYSM_ConfigureNew3DSCPU
                0x000000000011e42c       0x34 C:/devkitPro/libctru/lib\libctru.a(ptmsysm.o)
                0x000000000011e42c                PTMSYSM_ConfigureNew3DSCPU
 .text.fsInit   0x000000000011e460       0xcc C:/devkitPro/libctru/lib\libctru.a(fs.o)
                0x000000000011e460                fsInit
 .text.fsExit   0x000000000011e52c       0x3c C:/devkitPro/libctru/lib\libctru.a(fs.o)
                0x000000000011e52c                fsExit
 .text.fsExemptFromSession
                0x000000000011e568       0x60 C:/devkitPro/libctru/lib\libctru.a(fs.o)
                0x000000000011e568                fsExemptFromSession
 .text.fsUnexemptFromSession
                0x000000000011e5c8       0x50 C:/devkitPro/libctru/lib\libctru.a(fs.o)
                0x000000000011e5c8                fsUnexemptFromSession
 .text.FSUSER_OpenFile
                0x000000000011e618       0xcc C:/devkitPro/libctru/lib\libctru.a(fs.o)
                0x000000000011e618                FSUSER_OpenFile
 .text.FSUSER_OpenFileDirectly
                0x000000000011e6e4       0xd4 C:/devkitPro/libctru/lib\libctru.a(fs.o)
                0x000000000011e6e4                FSUSER_OpenFileDirectly
 .text.FSUSER_DeleteFile
                0x000000000011e7b8       0xbc C:/devkitPro/libctru/lib\libctru.a(fs.o)
                0x000000000011e7b8                FSUSER_DeleteFile
 .text.FSUSER_RenameFile
                0x000000000011e874       0xf8 C:/devkitPro/libctru/lib\libctru.a(fs.o)
                0x000000000011e874                FSUSER_RenameFile
 .text.FSUSER_DeleteDirectory
                0x000000000011e96c       0xbc C:/devkitPro/libctru/lib\libctru.a(fs.o)
                0x000000000011e96c                FSUSER_DeleteDirectory
 .text.FSUSER_CreateFile
                0x000000000011ea28       0xd4 C:/devkitPro/libctru/lib\libctru.a(fs.o)
                0x000000000011ea28                FSUSER_CreateFile
 .text.FSUSER_CreateDirectory
                0x000000000011eafc       0xc4 C:/devkitPro/libctru/lib\libctru.a(fs.o)
                0x000000000011eafc                FSUSER_CreateDirectory
 .text.FSUSER_RenameDirectory
                0x000000000011ebc0       0xf8 C:/devkitPro/libctru/lib\libctru.a(fs.o)
                0x000000000011ebc0                FSUSER_RenameDirectory
 .text.FSUSER_OpenDirectory
                0x000000000011ecb8       0xb4 C:/devkitPro/libctru/lib\libctru.a(fs.o)
                0x000000000011ecb8                FSUSER_OpenDirectory
 .text.FSUSER_OpenArchive
                0x000000000011ed6c       0x98 C:/devkitPro/libctru/lib\libctru.a(fs.o)
                0x000000000011ed6c                FSUSER_OpenArchive
 .text.FSUSER_CloseArchive
                0x000000000011ee04       0x8c C:/devkitPro/libctru/lib\libctru.a(fs.o)
                0x000000000011ee04                FSUSER_CloseArchive
 .text.FSUSER_GetSdmcArchiveResource
                0x000000000011ee90       0x74 C:/devkitPro/libctru/lib\libctru.a(fs.o)
                0x000000000011ee90                FSUSER_GetSdmcArchiveResource
 .text.FSUSER_IsSdmcWritable
                0x000000000011ef04       0x64 C:/devkitPro/libctru/lib\libctru.a(fs.o)
                0x000000000011ef04                FSUSER_IsSdmcWritable
 .text.FSFILE_Read
                0x000000000011ef68       0x58 C:/devkitPro/libctru/lib\libctru.a(fs.o)
                0x000000000011ef68                FSFILE_Read
 .text.FSFILE_Write
                0x000000000011efc0       0x60 C:/devkitPro/libctru/lib\libctru.a(fs.o)
                0x000000000011efc0                FSFILE_Write
 .text.FSFILE_GetSize
                0x000000000011f020       0x3c C:/devkitPro/libctru/lib\libctru.a(fs.o)
                0x000000000011f020                FSFILE_GetSize
 .text.FSFILE_SetSize
                0x000000000011f05c       0x28 C:/devkitPro/libctru/lib\libctru.a(fs.o)
                0x000000000011f05c                FSFILE_SetSize
 .text.FSFILE_Close
                0x000000000011f084       0x3c C:/devkitPro/libctru/lib\libctru.a(fs.o)
                0x000000000011f084                FSFILE_Close
 .text.FSFILE_Flush
                0x000000000011f0c0       0x24 C:/devkitPro/libctru/lib\libctru.a(fs.o)
                0x000000000011f0c0                FSFILE_Flush
 .text.FSDIR_Read
                0x000000000011f0e4       0x50 C:/devkitPro/libctru/lib\libctru.a(fs.o)
                0x000000000011f0e4                FSDIR_Read
 .text.FSDIR_Close
                0x000000000011f134       0x3c C:/devkitPro/libctru/lib\libctru.a(fs.o)
                0x000000000011f134                FSDIR_Close
 .text.buffer_read
                0x000000000011f170       0xc4 C:/devkitPro/libctru/lib\libctru.a(decompress.o)
 .text.iov_read
                0x000000000011f234       0xd0 C:/devkitPro/libctru/lib\libctru.a(decompress.o)
 .text.iov_memmove
                0x000000000011f304      0x138 C:/devkitPro/libctru/lib\libctru.a(decompress.o)
 .text.decompress_rle
                0x000000000011f43c      0x1dc C:/devkitPro/libctru/lib\libctru.a(decompress.o)
 .text.decompress_lzss
                0x000000000011f618      0x244 C:/devkitPro/libctru/lib\libctru.a(decompress.o)
 .text.decompress_lz11
                0x000000000011f85c      0x424 C:/devkitPro/libctru/lib\libctru.a(decompress.o)
 .text.decompress_huff
                0x000000000011fc80      0x2d8 C:/devkitPro/libctru/lib\libctru.a(decompress.o)
 .text.decompressCallback_Stdio
                0x000000000011ff58       0x10 C:/devkitPro/libctru/lib\libctru.a(decompress.o)
                0x000000000011ff58                decompressCallback_Stdio
 .text.decompressHeader
                0x000000000011ff68       0xdc C:/devkitPro/libctru/lib\libctru.a(decompress.o)
                0x000000000011ff68                decompressHeader
 .text.decompressV
                0x0000000000120044      0x240 C:/devkitPro/libctru/lib\libctru.a(decompress.o)
                0x0000000000120044                decompressV
 .text.rbtree_init
                0x0000000000120284       0x10 C:/devkitPro/libctru/lib\libctru.a(rbtree_init.o)
                0x0000000000120284                rbtree_init
 .text.do_insert
                0x0000000000120294      0x1b4 C:/devkitPro/libctru/lib\libctru.a(rbtree_insert.o)
 .text.rbtree_insert
                0x0000000000120448        0x8 C:/devkitPro/libctru/lib\libctru.a(rbtree_insert.o)
                0x0000000000120448                rbtree_insert
 .text.rbtree_rotate
                0x0000000000120450       0x90 C:/devkitPro/libctru/lib\libctru.a(rbtree_rotate.o)
                0x0000000000120450                rbtree_rotate
 .text.rbtree_remove
                0x00000000001204e0      0x318 C:/devkitPro/libctru/lib\libctru.a(rbtree_remove.o)
                0x00000000001204e0                rbtree_remove
 .text.rbtree_find
                0x00000000001207f8       0x74 C:/devkitPro/libctru/lib\libctru.a(rbtree_find.o)
                0x00000000001207f8                rbtree_find
 .text.utf16_to_utf8
                0x000000000012086c       0xe8 C:/devkitPro/libctru/lib\libctru.a(utf16_to_utf8.o)
                0x000000000012086c                utf16_to_utf8
 .text.decode_utf16
                0x0000000000120954       0x64 C:/devkitPro/libctru/lib\libctru.a(decode_utf16.o)
                0x0000000000120954                decode_utf16
 .text.utf8_to_utf16
                0x00000000001209b8       0xc0 C:/devkitPro/libctru/lib\libctru.a(utf8_to_utf16.o)
                0x00000000001209b8                utf8_to_utf16
 .text.__system_allocateHeaps
                0x0000000000120a78      0x1e0 C:/devkitPro/libctru/lib\libctru.a(allocateHeaps.o)
                0x0000000000120a78                __system_allocateHeaps
 .text.__libctru_init
                0x0000000000120c58       0x38 C:/devkitPro/libctru/lib\libctru.a(ctru_init.o)
                0x0000000000120c58                __libctru_init
 .text.__system_initArgv
                0x0000000000120c90      0x170 C:/devkitPro/libctru/lib\libctru.a(initArgv.o)
                0x0000000000120c90                __system_initArgv
 .text.svcControlMemory
                0x0000000000120e00       0x20 C:/devkitPro/libctru/lib\libctru.a(svc.o)
                0x0000000000120e00                svcControlMemory
 .text.svcQueryMemory
                0x0000000000120e20       0x30 C:/devkitPro/libctru/lib\libctru.a(svc.o)
                0x0000000000120e20                svcQueryMemory
 .text.svcExitProcess
                0x0000000000120e50        0x8 C:/devkitPro/libctru/lib\libctru.a(svc.o)
                0x0000000000120e50                svcExitProcess
 .text.svcCreateThread
                0x0000000000120e58       0x20 C:/devkitPro/libctru/lib\libctru.a(svc.o)
                0x0000000000120e58                svcCreateThread
 .text.svcExitThread
                0x0000000000120e78        0x8 C:/devkitPro/libctru/lib\libctru.a(svc.o)
                0x0000000000120e78                svcExitThread
 .text.svcSleepThread
                0x0000000000120e80        0x8 C:/devkitPro/libctru/lib\libctru.a(svc.o)
                0x0000000000120e80                svcSleepThread
 .text.svcReleaseMutex
                0x0000000000120e88        0x8 C:/devkitPro/libctru/lib\libctru.a(svc.o)
                0x0000000000120e88                svcReleaseMutex
 .text.svcCreateEvent
                0x0000000000120e90       0x14 C:/devkitPro/libctru/lib\libctru.a(svc.o)
                0x0000000000120e90                svcCreateEvent
 .text.svcSignalEvent
                0x0000000000120ea4        0x8 C:/devkitPro/libctru/lib\libctru.a(svc.o)
                0x0000000000120ea4                svcSignalEvent
 .text.svcClearEvent
                0x0000000000120eac        0x8 C:/devkitPro/libctru/lib\libctru.a(svc.o)
                0x0000000000120eac                svcClearEvent
 .text.svcMapMemoryBlock
                0x0000000000120eb4        0x8 C:/devkitPro/libctru/lib\libctru.a(svc.o)
                0x0000000000120eb4                svcMapMemoryBlock
 .text.svcUnmapMemoryBlock
                0x0000000000120ebc        0x8 C:/devkitPro/libctru/lib\libctru.a(svc.o)
                0x0000000000120ebc                svcUnmapMemoryBlock
 .text.svcCreateAddressArbiter
                0x0000000000120ec4       0x14 C:/devkitPro/libctru/lib\libctru.a(svc.o)
                0x0000000000120ec4                svcCreateAddressArbiter
 .text.svcArbitrateAddressNoTimeout
                0x0000000000120ed8        0x8 C:/devkitPro/libctru/lib\libctru.a(svc.o)
                0x0000000000120ed8                svcArbitrateAddressNoTimeout
 .text.svcCloseHandle
                0x0000000000120ee0        0x8 C:/devkitPro/libctru/lib\libctru.a(svc.o)
                0x0000000000120ee0                svcCloseHandle
 .text.svcWaitSynchronization
                0x0000000000120ee8        0x8 C:/devkitPro/libctru/lib\libctru.a(svc.o)
                0x0000000000120ee8                svcWaitSynchronization
 .text.svcWaitSynchronizationN
                0x0000000000120ef0       0x28 C:/devkitPro/libctru/lib\libctru.a(svc.o)
                0x0000000000120ef0                svcWaitSynchronizationN
 .text.svcDuplicateHandle
                0x0000000000120f18       0x14 C:/devkitPro/libctru/lib\libctru.a(svc.o)
                0x0000000000120f18                svcDuplicateHandle
 .text.svcGetSystemTick
                0x0000000000120f2c        0x8 C:/devkitPro/libctru/lib\libctru.a(svc.o)
                0x0000000000120f2c                svcGetSystemTick
 .text.svcConnectToPort
                0x0000000000120f34       0x14 C:/devkitPro/libctru/lib\libctru.a(svc.o)
                0x0000000000120f34                svcConnectToPort
 .text.svcSendSyncRequest
                0x0000000000120f48        0x8 C:/devkitPro/libctru/lib\libctru.a(svc.o)
                0x0000000000120f48                svcSendSyncRequest
 .text.svcGetResourceLimit
                0x0000000000120f50       0x14 C:/devkitPro/libctru/lib\libctru.a(svc.o)
                0x0000000000120f50                svcGetResourceLimit
 .text.svcGetResourceLimitLimitValues
                0x0000000000120f64        0x8 C:/devkitPro/libctru/lib\libctru.a(svc.o)
                0x0000000000120f64                svcGetResourceLimitLimitValues
 .text.svcGetResourceLimitCurrentValues
                0x0000000000120f6c        0x8 C:/devkitPro/libctru/lib\libctru.a(svc.o)
                0x0000000000120f6c                svcGetResourceLimitCurrentValues
 .text.svcBreak
                0x0000000000120f74        0x8 C:/devkitPro/libctru/lib\libctru.a(svc.o)
                0x0000000000120f74                svcBreak
 .text.initSystem
                0x0000000000120f7c       0x50 C:/devkitPro/libctru/lib\libctru.a(stack_adjust.o)
                0x0000000000120f7c                initSystem
 .text.__ctru_exit
                0x0000000000120fcc       0x18 C:/devkitPro/libctru/lib\libctru.a(stack_adjust.o)
                0x0000000000120fcc                __ctru_exit
 .text.__aeabi_read_tp
                0x0000000000120fe4        0xc C:/devkitPro/libctru/lib\libctru.a(readtp.o)
                0x0000000000120fe4                __aeabi_read_tp
 .text.__sync_init
                0x0000000000120ff0        0xc C:/devkitPro/libctru/lib\libctru.a(synchronization.o)
                0x0000000000120ff0                __sync_init
 .text.__sync_fini
                0x0000000000120ffc       0x18 C:/devkitPro/libctru/lib\libctru.a(synchronization.o)
                0x0000000000120ffc                __sync_fini
 .text.syncArbitrateAddress
                0x0000000000121014       0x2c C:/devkitPro/libctru/lib\libctru.a(synchronization.o)
                0x0000000000121014                syncArbitrateAddress
 .text.LightLock_Init
                0x0000000000121040       0x1c C:/devkitPro/libctru/lib\libctru.a(synchronization.o)
                0x0000000000121040                LightLock_Init
 .text.LightLock_Lock
                0x000000000012105c       0xb0 C:/devkitPro/libctru/lib\libctru.a(synchronization.o)
                0x000000000012105c                LightLock_Lock
 .text.LightLock_Unlock
                0x000000000012110c       0x40 C:/devkitPro/libctru/lib\libctru.a(synchronization.o)
                0x000000000012110c                LightLock_Unlock
 .text.RecursiveLock_Init
                0x000000000012114c       0x24 C:/devkitPro/libctru/lib\libctru.a(synchronization.o)
                0x000000000012114c                RecursiveLock_Init
 .text.RecursiveLock_Lock
                0x0000000000121170       0x30 C:/devkitPro/libctru/lib\libctru.a(synchronization.o)
                0x0000000000121170                RecursiveLock_Lock
 .text.RecursiveLock_Unlock
                0x00000000001211a0       0x54 C:/devkitPro/libctru/lib\libctru.a(synchronization.o)
                0x00000000001211a0                RecursiveLock_Unlock
 .text.LightEvent_Init
                0x00000000001211f4       0x40 C:/devkitPro/libctru/lib\libctru.a(synchronization.o)
                0x00000000001211f4                LightEvent_Init
 .text.LightEvent_Clear
                0x0000000000121234       0xa4 C:/devkitPro/libctru/lib\libctru.a(synchronization.o)
                0x0000000000121234                LightEvent_Clear
 .text.LightEvent_Signal
                0x00000000001212d8       0xc8 C:/devkitPro/libctru/lib\libctru.a(synchronization.o)
                0x00000000001212d8                LightEvent_Signal
 .text.LightEvent_TryWait
                0x00000000001213a0       0x50 C:/devkitPro/libctru/lib\libctru.a(synchronization.o)
                0x00000000001213a0                LightEvent_TryWait
 .text.LightEvent_Wait
                0x00000000001213f0       0xb0 C:/devkitPro/libctru/lib\libctru.a(synchronization.o)
                0x00000000001213f0                LightEvent_Wait
 .text.envGetHandle
                0x00000000001214a0       0x84 C:/devkitPro/libctru/lib\libctru.a(env.o)
                0x00000000001214a0                envGetHandle
 .text.envDestroyHandles
                0x0000000000121524       0x50 C:/devkitPro/libctru/lib\libctru.a(env.o)
                0x0000000000121524                envDestroyHandles
 .text.srvInit  0x0000000000121574      0x130 C:/devkitPro/libctru/lib\libctru.a(srv.o)
                0x0000000000121574                srvInit
 .text.srvExit  0x00000000001216a4       0x58 C:/devkitPro/libctru/lib\libctru.a(srv.o)
                0x00000000001216a4                srvExit
 .text.srvGetServiceHandleDirect
                0x00000000001216fc       0xa0 C:/devkitPro/libctru/lib\libctru.a(srv.o)
                0x00000000001216fc                srvGetServiceHandleDirect
 .text.srvGetServiceHandle
                0x000000000012179c       0x38 C:/devkitPro/libctru/lib\libctru.a(srv.o)
                0x000000000012179c                srvGetServiceHandle
 .text.srvPublishToSubscriber
                0x00000000001217d4       0x38 C:/devkitPro/libctru/lib\libctru.a(srv.o)
                0x00000000001217d4                srvPublishToSubscriber
 .text.threadCreate
                0x000000000012180c      0x178 C:/devkitPro/libctru/lib\libctru.a(thread.o)
                0x000000000012180c                threadCreate
 .text.threadFree
                0x0000000000121984       0x2c C:/devkitPro/libctru/lib\libctru.a(thread.o)
                0x0000000000121984                threadFree
 .text.threadJoin
                0x00000000001219b0       0x24 C:/devkitPro/libctru/lib\libctru.a(thread.o)
                0x00000000001219b0                threadJoin
 .text.threadGetCurrent
                0x00000000001219d4       0x30 C:/devkitPro/libctru/lib\libctru.a(thread.o)
                0x00000000001219d4                threadGetCurrent
 .text.threadExit
                0x0000000000121a04       0x40 C:/devkitPro/libctru/lib\libctru.a(thread.o)
                0x0000000000121a04                threadExit
 .text._thread_begin
                0x0000000000121a44       0x20 C:/devkitPro/libctru/lib\libctru.a(thread.o)
 .text.mappableFindAddressWithin
                0x0000000000121a64       0xb4 C:/devkitPro/libctru/lib\libctru.a(mappable.o)
 .text.mappableInit
                0x0000000000121b18       0x28 C:/devkitPro/libctru/lib\libctru.a(mappable.o)
                0x0000000000121b18                mappableInit
 .text.mappableAlloc
                0x0000000000121b40       0x80 C:/devkitPro/libctru/lib\libctru.a(mappable.o)
                0x0000000000121b40                mappableAlloc
 .text.mappableFree
                0x0000000000121bc0        0x4 C:/devkitPro/libctru/lib\libctru.a(mappable.o)
                0x0000000000121bc0                mappableFree
 .text.irrstInit
                0x0000000000121bc4      0x164 C:/devkitPro/libctru/lib\libctru.a(irrst.o)
                0x0000000000121bc4                irrstInit
 .text.irrstExit
                0x0000000000121d28       0xcc C:/devkitPro/libctru/lib\libctru.a(irrst.o)
                0x0000000000121d28                irrstExit
 .text.irrstScanInput
                0x0000000000121df4       0xb4 C:/devkitPro/libctru/lib\libctru.a(irrst.o)
                0x0000000000121df4                irrstScanInput
 .text.irrstKeysHeld
                0x0000000000121ea8       0x24 C:/devkitPro/libctru/lib\libctru.a(irrst.o)
                0x0000000000121ea8                irrstKeysHeld
 .text.srvPmGetSessionHandle
                0x0000000000121ecc        0xc C:/devkitPro/libctru/lib\libctru.a(srvpm.o)
                0x0000000000121ecc                srvPmGetSessionHandle
 .text.rbtree_node_next
                0x0000000000121ed8       0x5c C:/devkitPro/libctru/lib\libctru.a(rbtree_iterator.o)
                0x0000000000121ed8                rbtree_node_next
 .text.encode_utf16
                0x0000000000121f34       0x54 C:/devkitPro/libctru/lib\libctru.a(encode_utf16.o)
                0x0000000000121f34                encode_utf16
 .text.encode_utf8
                0x0000000000121f88       0xe0 C:/devkitPro/libctru/lib\libctru.a(encode_utf8.o)
                0x0000000000121f88                encode_utf8
 .text.decode_utf8
                0x0000000000122068      0x13c C:/devkitPro/libctru/lib\libctru.a(decode_utf8.o)
                0x0000000000122068                decode_utf8
 .text.__appInit
                0x00000000001221a4       0x30 C:/devkitPro/libctru/lib\libctru.a(appInit.o)
                0x00000000001221a4                __appInit
 .text.__syscall_getreent
                0x00000000001221d4       0x30 C:/devkitPro/libctru/lib\libctru.a(syscalls.o)
                0x00000000001221d4                __syscall_getreent
 .text.__syscall_gettod_r
                0x0000000000122204       0x74 C:/devkitPro/libctru/lib\libctru.a(syscalls.o)
                0x0000000000122204                __syscall_gettod_r
 .text.__syscall_lock_acquire
                0x0000000000122278        0x4 C:/devkitPro/libctru/lib\libctru.a(syscalls.o)
                0x0000000000122278                __syscall_lock_acquire
 .text.__syscall_lock_release
                0x000000000012227c        0x4 C:/devkitPro/libctru/lib\libctru.a(syscalls.o)
                0x000000000012227c                __syscall_lock_release
 .text.__syscall_lock_init_recursive
                0x0000000000122280        0x4 C:/devkitPro/libctru/lib\libctru.a(syscalls.o)
                0x0000000000122280                __syscall_lock_init_recursive
 .text.__syscall_lock_acquire_recursive
                0x0000000000122284        0x4 C:/devkitPro/libctru/lib\libctru.a(syscalls.o)
                0x0000000000122284                __syscall_lock_acquire_recursive
 .text.__syscall_lock_release_recursive
                0x0000000000122288        0x4 C:/devkitPro/libctru/lib\libctru.a(syscalls.o)
                0x0000000000122288                __syscall_lock_release_recursive
 .text.__syscall_exit
                0x000000000012228c        0x4 C:/devkitPro/libctru/lib\libctru.a(syscalls.o)
                0x000000000012228c                __syscall_exit
 .text.initThreadVars
                0x0000000000122290       0x50 C:/devkitPro/libctru/lib\libctru.a(syscalls.o)
                0x0000000000122290                initThreadVars
 .text.__system_initSyscalls
                0x00000000001222e0       0x68 C:/devkitPro/libctru/lib\libctru.a(syscalls.o)
                0x00000000001222e0                __system_initSyscalls
 .text.__appExit
                0x0000000000122348       0x30 C:/devkitPro/libctru/lib\libctru.a(appExit.o)
                0x0000000000122348                __appExit
 .text.__libctru_exit
                0x0000000000122378       0x90 C:/devkitPro/libctru/lib\libctru.a(ctru_exit.o)
                0x0000000000122378                __libctru_exit
 .text.archive_link
                0x0000000000122408       0x14 C:/devkitPro/libctru/lib\libctru.a(archive_dev.o)
 .text.archive_dirreset
                0x000000000012241c       0x14 C:/devkitPro/libctru/lib\libctru.a(archive_dev.o)
 .text.archive_chmod
                0x0000000000122430       0x14 C:/devkitPro/libctru/lib\libctru.a(archive_dev.o)
 .text.error_cmp
                0x0000000000122444       0x24 C:/devkitPro/libctru/lib\libctru.a(archive_dev.o)
 .text.archive_translate_error
                0x0000000000122468       0x50 C:/devkitPro/libctru/lib\libctru.a(archive_dev.o)
 .text.archive_seek
                0x00000000001224b8       0xc8 C:/devkitPro/libctru/lib\libctru.a(archive_dev.o)
 .text._archiveInit.part.0
                0x0000000000122580       0x7c C:/devkitPro/libctru/lib\libctru.a(archive_dev.o)
 .text.archiveFindDevice.part.0
                0x00000000001225fc       0xc4 C:/devkitPro/libctru/lib\libctru.a(archive_dev.o)
 .text.archive_utf16path
                0x00000000001226c0      0x25c C:/devkitPro/libctru/lib\libctru.a(archive_dev.o)
 .text._archiveUnmountDeviceStruct.part.0
                0x000000000012291c       0xa0 C:/devkitPro/libctru/lib\libctru.a(archive_dev.o)
 .text.archive_fchmod
                0x00000000001229bc       0x14 C:/devkitPro/libctru/lib\libctru.a(archive_dev.o)
 .text.archive_statvfs
                0x00000000001229d0       0x14 C:/devkitPro/libctru/lib\libctru.a(archive_dev.o)
 .text._archiveMountDevice
                0x00000000001229e4      0x164 C:/devkitPro/libctru/lib\libctru.a(archive_dev.o)
 .text.archive_diropen
                0x0000000000122b48       0xe8 C:/devkitPro/libctru/lib\libctru.a(archive_dev.o)
 .text.archive_fstat
                0x0000000000122c30       0xa4 C:/devkitPro/libctru/lib\libctru.a(archive_dev.o)
 .text.archive_close
                0x0000000000122cd4       0x6c C:/devkitPro/libctru/lib\libctru.a(archive_dev.o)
 .text.archive_fsync
                0x0000000000122d40       0x6c C:/devkitPro/libctru/lib\libctru.a(archive_dev.o)
 .text.archive_dirclose
                0x0000000000122dac       0x70 C:/devkitPro/libctru/lib\libctru.a(archive_dev.o)
 .text.sdmc_statvfs
                0x0000000000122e1c       0xe8 C:/devkitPro/libctru/lib\libctru.a(archive_dev.o)
 .text.archive_chdir
                0x0000000000122f04       0xec C:/devkitPro/libctru/lib\libctru.a(archive_dev.o)
 .text.archive_ftruncate
                0x0000000000122ff0       0x7c C:/devkitPro/libctru/lib\libctru.a(archive_dev.o)
 .text.archive_read
                0x000000000012306c       0xac C:/devkitPro/libctru/lib\libctru.a(archive_dev.o)
 .text.archive_unlink
                0x0000000000123118       0xa4 C:/devkitPro/libctru/lib\libctru.a(archive_dev.o)
 .text.archive_rmdir
                0x00000000001231bc       0xbc C:/devkitPro/libctru/lib\libctru.a(archive_dev.o)
 .text.archive_mkdir
                0x0000000000123278       0xdc C:/devkitPro/libctru/lib\libctru.a(archive_dev.o)
 .text.archive_stat
                0x0000000000123354      0x19c C:/devkitPro/libctru/lib\libctru.a(archive_dev.o)
 .text.archive_dirnext
                0x00000000001234f0      0x15c C:/devkitPro/libctru/lib\libctru.a(archive_dev.o)
 .text.archive_write
                0x000000000012364c       0xec C:/devkitPro/libctru/lib\libctru.a(archive_dev.o)
 .text.archive_open
                0x0000000000123738      0x1d4 C:/devkitPro/libctru/lib\libctru.a(archive_dev.o)
 .text.archive_rename
                0x000000000012390c      0x278 C:/devkitPro/libctru/lib\libctru.a(archive_dev.o)
 .text.archiveMountSdmc
                0x0000000000123b84      0x19c C:/devkitPro/libctru/lib\libctru.a(archive_dev.o)
                0x0000000000123b84                archiveMountSdmc
 .text.archiveUnmountAll
                0x0000000000123d20       0x54 C:/devkitPro/libctru/lib\libctru.a(archive_dev.o)
                0x0000000000123d20                archiveUnmountAll
 *fill*         0x0000000000123d74        0x4 
 .text.cosf     0x0000000000123d78      0x22c c:/devkitpro/devkitarm/bin/../lib/gcc/arm-none-eabi/12.1.0/../../../../arm-none-eabi/lib/armv6k/fpu\libm.a(lib_a-cosf.o)
                0x0000000000123d78                cosf
 .text.with_errnof
                0x0000000000123fa4       0x24 c:/devkitpro/devkitarm/bin/../lib/gcc/arm-none-eabi/12.1.0/../../../../arm-none-eabi/lib/armv6k/fpu\libm.a(lib_a-math_errf.o)
 .text.__math_invalidf
                0x0000000000123fc8       0x1c c:/devkitpro/devkitarm/bin/../lib/gcc/arm-none-eabi/12.1.0/../../../../arm-none-eabi/lib/armv6k/fpu\libm.a(lib_a-math_errf.o)
                0x0000000000123fc8                __math_invalidf
 *fill*         0x0000000000123fe4        0x4 
 .text.pow      0x0000000000123fe8      0x720 c:/devkitpro/devkitarm/bin/../lib/gcc/arm-none-eabi/12.1.0/../../../../arm-none-eabi/lib/armv6k/fpu\libm.a(lib_a-pow.o)
                0x0000000000123fe8                pow
 .text.sinf     0x0000000000124708      0x24c c:/devkitpro/devkitarm/bin/../lib/gcc/arm-none-eabi/12.1.0/../../../../arm-none-eabi/lib/armv6k/fpu\libm.a(lib_a-sinf.o)
                0x0000000000124708                sinf
 .text.with_errno
                0x0000000000124954       0x24 c:/devkitpro/devkitarm/bin/../lib/gcc/arm-none-eabi/12.1.0/../../../../arm-none-eabi/lib/armv6k/fpu\libm.a(lib_a-math_err.o)
 .text.xflow    0x0000000000124978       0x28 c:/devkitpro/devkitarm/bin/../lib/gcc/arm-none-eabi/12.1.0/../../../../arm-none-eabi/lib/armv6k/fpu\libm.a(lib_a-math_err.o)
 .text.__math_uflow
                0x00000000001249a0       0x10 c:/devkitpro/devkitarm/bin/../lib/gcc/arm-none-eabi/12.1.0/../../../../arm-none-eabi/lib/armv6k/fpu\libm.a(lib_a-math_err.o)
                0x00000000001249a0                __math_uflow
 .text.__math_oflow
                0x00000000001249b0       0x10 c:/devkitpro/devkitarm/bin/../lib/gcc/arm-none-eabi/12.1.0/../../../../arm-none-eabi/lib/armv6k/fpu\libm.a(lib_a-math_err.o)
                0x00000000001249b0                __math_oflow
 .text.__math_divzero
                0x00000000001249c0       0x50 c:/devkitpro/devkitarm/bin/../lib/gcc/arm-none-eabi/12.1.0/../../../../arm-none-eabi/lib/armv6k/fpu\libm.a(lib_a-math_err.o)
                0x00000000001249c0                __math_divzero
 .text.__math_invalid
                0x0000000000124a10       0x1c c:/devkitpro/devkitarm/bin/../lib/gcc/arm-none-eabi/12.1.0/../../../../arm-none-eabi/lib/armv6k/fpu\libm.a(lib_a-math_err.o)
                0x0000000000124a10                __math_invalid
 .text.__math_check_uflow
                0x0000000000124a2c       0x14 c:/devkitpro/devkitarm/bin/../lib/gcc/arm-none-eabi/12.1.0/../../../../arm-none-eabi/lib/armv6k/fpu\libm.a(lib_a-math_err.o)
                0x0000000000124a2c                __math_check_uflow
 .text.__math_check_oflow
                0x0000000000124a40       0x28 c:/devkitpro/devkitarm/bin/../lib/gcc/arm-none-eabi/12.1.0/../../../../arm-none-eabi/lib/armv6k/fpu\libm.a(lib_a-math_err.o)
                0x0000000000124a40                __math_check_oflow
 .text.__udivmoddi4
                0x0000000000124a68      0x120 c:/devkitpro/devkitarm/bin/../lib/gcc/arm-none-eabi/12.1.0/armv6k/fpu\libgcc.a(_udivmoddi4.o)
                0x0000000000124a68                __udivmoddi4
 .text.bsearch  0x0000000000124b88       0x78 c:/devkitpro/devkitarm/bin/../lib/gcc/arm-none-eabi/12.1.0/../../../../arm-none-eabi/lib/armv6k/fpu\libg.a(lib_a-bsearch.o)
                0x0000000000124b88                bsearch
 .text.calloc   0x0000000000124c00       0x20 c:/devkitpro/devkitarm/bin/../lib/gcc/arm-none-eabi/12.1.0/../../../../arm-none-eabi/lib/armv6k/fpu\libg.a(lib_a-calloc.o)
                0x0000000000124c00                calloc
 .text._calloc_r
                0x0000000000124c20       0xc0 c:/devkitpro/devkitarm/bin/../lib/gcc/arm-none-eabi/12.1.0/../../../../arm-none-eabi/lib/armv6k/fpu\libg.a(lib_a-callocr.o)
                0x0000000000124c20                _calloc_r
 .text.__errno  0x0000000000124ce0        0xc c:/devkitpro/devkitarm/bin/../lib/gcc/arm-none-eabi/12.1.0/../../../../arm-none-eabi/lib/armv6k/fpu\libg.a(lib_a-errno.o)
                0x0000000000124ce0                __errno
 .text.exit     0x0000000000124cec       0x34 c:/devkitpro/devkitarm/bin/../lib/gcc/arm-none-eabi/12.1.0/../../../../arm-none-eabi/lib/armv6k/fpu\libg.a(lib_a-exit.o)
                0x0000000000124cec                exit
 .text._fclose_r
                0x0000000000124d20      0x15c c:/devkitpro/devkitarm/bin/../lib/gcc/arm-none-eabi/12.1.0/../../../../arm-none-eabi/lib/armv6k/fpu\libg.a(lib_a-fclose.o)
                0x0000000000124d20                _fclose_r
 .text.fclose   0x0000000000124e7c       0x18 c:/devkitpro/devkitarm/bin/../lib/gcc/arm-none-eabi/12.1.0/../../../../arm-none-eabi/lib/armv6k/fpu\libg.a(lib_a-fclose.o)
                0x0000000000124e7c                fclose
 .text.__sflush_r
                0x0000000000124e94      0x234 c:/devkitpro/devkitarm/bin/../lib/gcc/arm-none-eabi/12.1.0/../../../../arm-none-eabi/lib/armv6k/fpu\libg.a(lib_a-fflush.o)
                0x0000000000124e94                __sflush_r
 .text._fflush_r
                0x00000000001250c8       0x94 c:/devkitpro/devkitarm/bin/../lib/gcc/arm-none-eabi/12.1.0/../../../../arm-none-eabi/lib/armv6k/fpu\libg.a(lib_a-fflush.o)
                0x00000000001250c8                _fflush_r
 .text.fflush   0x000000000012515c       0x38 c:/devkitpro/devkitarm/bin/../lib/gcc/arm-none-eabi/12.1.0/../../../../arm-none-eabi/lib/armv6k/fpu\libg.a(lib_a-fflush.o)
                0x000000000012515c                fflush
 .text._cleanup_r
                0x0000000000125194        0xc c:/devkitpro/devkitarm/bin/../lib/gcc/arm-none-eabi/12.1.0/../../../../arm-none-eabi/lib/armv6k/fpu\libg.a(lib_a-findfp.o)
                0x0000000000125194                _cleanup_r
 .text.__sinit  0x00000000001251a0      0x184 c:/devkitpro/devkitarm/bin/../lib/gcc/arm-none-eabi/12.1.0/../../../../arm-none-eabi/lib/armv6k/fpu\libg.a(lib_a-findfp.o)
                0x00000000001251a0                __sinit
 .text.__sfp    0x0000000000125324      0x134 c:/devkitpro/devkitarm/bin/../lib/gcc/arm-none-eabi/12.1.0/../../../../arm-none-eabi/lib/armv6k/fpu\libg.a(lib_a-findfp.o)
                0x0000000000125324                __sfp
 .text.__sfp_lock_acquire
                0x0000000000125458        0xc c:/devkitpro/devkitarm/bin/../lib/gcc/arm-none-eabi/12.1.0/../../../../arm-none-eabi/lib/armv6k/fpu\libg.a(lib_a-findfp.o)
                0x0000000000125458                __sfp_lock_acquire
 .text.__sfp_lock_release
                0x0000000000125464        0xc c:/devkitpro/devkitarm/bin/../lib/gcc/arm-none-eabi/12.1.0/../../../../arm-none-eabi/lib/armv6k/fpu\libg.a(lib_a-findfp.o)
                0x0000000000125464                __sfp_lock_release
 .text.__libc_fini_array
                0x0000000000125470       0x3c c:/devkitpro/devkitarm/bin/../lib/gcc/arm-none-eabi/12.1.0/../../../../arm-none-eabi/lib/armv6k/fpu\libg.a(lib_a-fini.o)
                0x0000000000125470                __libc_fini_array
 .text._fopen_r
                0x00000000001254ac      0x134 c:/devkitpro/devkitarm/bin/../lib/gcc/arm-none-eabi/12.1.0/../../../../arm-none-eabi/lib/armv6k/fpu\libg.a(lib_a-fopen.o)
                0x00000000001254ac                _fopen_r
 .text.fopen    0x00000000001255e0       0x20 c:/devkitpro/devkitarm/bin/../lib/gcc/arm-none-eabi/12.1.0/../../../../arm-none-eabi/lib/armv6k/fpu\libg.a(lib_a-fopen.o)
                0x00000000001255e0                fopen
 .text._fread_r
                0x0000000000125600      0x2d0 c:/devkitpro/devkitarm/bin/../lib/gcc/arm-none-eabi/12.1.0/../../../../arm-none-eabi/lib/armv6k/fpu\libg.a(lib_a-fread.o)
                0x0000000000125600                _fread_r
 .text.fread    0x00000000001258d0       0x38 c:/devkitpro/devkitarm/bin/../lib/gcc/arm-none-eabi/12.1.0/../../../../arm-none-eabi/lib/armv6k/fpu\libg.a(lib_a-fread.o)
                0x00000000001258d0                fread
 .text._malloc_trim_r
                0x0000000000125908       0xf8 c:/devkitpro/devkitarm/bin/../lib/gcc/arm-none-eabi/12.1.0/../../../../arm-none-eabi/lib/armv6k/fpu\libg.a(lib_a-freer.o)
                0x0000000000125908                _malloc_trim_r
 .text._free_r  0x0000000000125a00      0x2e8 c:/devkitpro/devkitarm/bin/../lib/gcc/arm-none-eabi/12.1.0/../../../../arm-none-eabi/lib/armv6k/fpu\libg.a(lib_a-freer.o)
                0x0000000000125a00                _free_r
 .text._fseek_r
                0x0000000000125ce8       0x1c c:/devkitpro/devkitarm/bin/../lib/gcc/arm-none-eabi/12.1.0/../../../../arm-none-eabi/lib/armv6k/fpu\libg.a(lib_a-fseek.o)
                0x0000000000125ce8                _fseek_r
 .text._fseeko_r
                0x0000000000125d04      0x590 c:/devkitpro/devkitarm/bin/../lib/gcc/arm-none-eabi/12.1.0/../../../../arm-none-eabi/lib/armv6k/fpu\libg.a(lib_a-fseeko.o)
                0x0000000000125d04                _fseeko_r
 .text._fwalk   0x0000000000126294       0x68 c:/devkitpro/devkitarm/bin/../lib/gcc/arm-none-eabi/12.1.0/../../../../arm-none-eabi/lib/armv6k/fpu\libg.a(lib_a-fwalk.o)
                0x0000000000126294                _fwalk
 .text._fwalk_reent
                0x00000000001262fc       0x70 c:/devkitpro/devkitarm/bin/../lib/gcc/arm-none-eabi/12.1.0/../../../../arm-none-eabi/lib/armv6k/fpu\libg.a(lib_a-fwalk.o)
                0x00000000001262fc                _fwalk_reent
 .text.__libc_init_array
                0x000000000012636c       0x84 c:/devkitpro/devkitarm/bin/../lib/gcc/arm-none-eabi/12.1.0/../../../../arm-none-eabi/lib/armv6k/fpu\libg.a(lib_a-init.o)
                0x000000000012636c                __libc_init_array
 .text.__smakebuf_r
                0x00000000001263f0      0x138 c:/devkitpro/devkitarm/bin/../lib/gcc/arm-none-eabi/12.1.0/../../../../arm-none-eabi/lib/armv6k/fpu\libg.a(lib_a-makebuf.o)