Archive member included to satisfy reference by file (symbol)

C:/devkitPro/libctru/lib\libcitro2d.a(base.o)
                              main.o (C2D_Init)
C:/devkitPro/libctru/lib\libcitro2d.a(spritesheet.o)
                              main.o (C2D_SpriteSheetLoad)
C:/devkitPro/libctru/lib\libcitro2d.a(render2d.shbin.o)
                              C:/devkitPro/libctru/lib\libcitro2d.a(base.o) (render2d_shbin)
C:/devkitPro/libctru/lib\libcitro3d.a(base.o)
                              main.o (C3D_Init)
C:/devkitPro/libctru/lib\libcitro3d.a(renderqueue.o)
                              C:/devkitPro/libctru/lib\libcitro3d.a(base.o) (C3Di_RenderQueueEnableVBlank)
C:/devkitPro/libctru/lib\libcitro3d.a(texture.o)
                              C:/devkitPro/libctru/lib\libcitro2d.a(base.o) (C3D_TexBind)
C:/devkitPro/libctru/lib\libcitro3d.a(tex3ds.o)
                              C:/devkitPro/libctru/lib\libcitro2d.a(spritesheet.o) (Tex3DS_TextureImport)
C:/devkitPro/libctru/lib\libcitro3d.a(framebuffer.o)
                              C:/devkitPro/libctru/lib\libcitro3d.a(renderqueue.o) (C3D_CalcColorBufSize)
C:/devkitPro/libctru/lib\libcitro3d.a(texenv.o)
                              C:/devkitPro/libctru/lib\libcitro2d.a(base.o) (C3D_GetTexEnv)
C:/devkitPro/libctru/lib\libcitro3d.a(drawElements.o)
                              C:/devkitPro/libctru/lib\libcitro2d.a(base.o) (C3D_DrawElements)
C:/devkitPro/libctru/lib\libcitro3d.a(proctex.o)
                              C:/devkitPro/libctru/lib\libcitro2d.a(base.o) (C3D_ProcTexInit)
C:/devkitPro/libctru/lib\libcitro3d.a(buffers.o)
                              C:/devkitPro/libctru/lib\libcitro2d.a(base.o) (BufInfo_Init)
C:/devkitPro/libctru/lib\libcitro3d.a(effect.o)
                              C:/devkitPro/libctru/lib\libcitro3d.a(base.o) (C3D_DepthMap)
C:/devkitPro/libctru/lib\libcitro3d.a(attribs.o)
                              C:/devkitPro/libctru/lib\libcitro2d.a(base.o) (AttrInfo_Init)
C:/devkitPro/libctru/lib\libcitro3d.a(immediate.o)
                              C:/devkitPro/libctru/lib\libcitro3d.a(base.o) (C3D_ImmSendAttrib)
C:/devkitPro/libctru/lib\libcitro3d.a(uniforms.o)
                              C:/devkitPro/libctru/lib\libcitro3d.a(base.o) (C3D_UpdateUniforms)
C:/devkitPro/libctru/lib\libcitro3d.a(mtx_ortho.o)
                              C:/devkitPro/libctru/lib\libcitro2d.a(base.o) (Mtx_Ortho)
C:/devkitPro/libctru/lib\libcitro3d.a(mtx_scale.o)
                              C:/devkitPro/libctru/lib\libcitro2d.a(base.o) (Mtx_Scale)
C:/devkitPro/libctru/lib\libcitro3d.a(mtx_multiply.o)
                              C:/devkitPro/libctru/lib\libcitro2d.a(base.o) (Mtx_Multiply)
C:/devkitPro/libctru/lib\libcitro3d.a(mtx_orthotilt.o)
                              C:/devkitPro/libctru/lib\libcitro2d.a(base.o) (Mtx_OrthoTilt)
C:/devkitPro/libctru/lib\libcitro3d.a(mtx_translate.o)
                              C:/devkitPro/libctru/lib\libcitro2d.a(base.o) (Mtx_Translate)
C:/devkitPro/libctru/lib\libcitro3d.a(mtx_rotatez.o)
                              C:/devkitPro/libctru/lib\libcitro2d.a(base.o) (Mtx_RotateZ)
C:/devkitPro/libctru/lib\libctru.a(vram.o)
                              C:/devkitPro/libctru/lib\libcitro3d.a(renderqueue.o) (vramAlloc)
C:/devkitPro/libctru/lib\libctru.a(linear.o)
                              main.o (linearAlloc)
C:/devkitPro/libctru/lib\libctru.a(mem_pool.o)
                              C:/devkitPro/libctru/lib\libctru.a(vram.o) (MemPool::Allocate(MemChunk&, unsigned long, int))
C:/devkitPro/libctru/lib\libctru.a(romfs_dev.o)
                              main.o (romfsMountSelf)
C:/devkitPro/libctru/lib\libctru.a(os.o)
                              C:/devkitPro/libctru/lib\libcitro3d.a(texture.o) (osConvertVirtToPhys)
C:/devkitPro/libctru/lib\libctru.a(console.o)
                              main.o (consoleInit)
C:/devkitPro/libctru/lib\libctru.a(path_buf.o)
                              C:/devkitPro/libctru/lib\libctru.a(romfs_dev.o) (__ctru_dev_utf16_buf)
C:/devkitPro/libctru/lib\libctru.a(gfx.o)
                              C:/devkitPro/libctru/lib\libcitro2d.a(base.o) (gfxIsWide)
C:/devkitPro/libctru/lib\libctru.a(shaderProgram.o)
                              C:/devkitPro/libctru/lib\libcitro2d.a(base.o) (shaderInstanceGetUniformLocation)
C:/devkitPro/libctru/lib\libctru.a(shbin.o)
                              C:/devkitPro/libctru/lib\libcitro2d.a(base.o) (DVLB_ParseFile)
C:/devkitPro/libctru/lib\libctru.a(gx.o)
                              C:/devkitPro/libctru/lib\libcitro3d.a(renderqueue.o) (GX_BindQueue)
C:/devkitPro/libctru/lib\libctru.a(gxqueue.o)
                              C:/devkitPro/libctru/lib\libcitro3d.a(renderqueue.o) (gxCmdQueueClear)
C:/devkitPro/libctru/lib\libctru.a(gpu.o)
                              C:/devkitPro/libctru/lib\libcitro3d.a(base.o) (gpuCmdBufOffset)
C:/devkitPro/libctru/lib\libctru.a(ndsp.o)
                              main.o (ndspInit)
[...]
Memory Configuration

Name             Origin             Length             Attributes
*default*        0x0000000000000000 0xffffffffffffffff

Linker script and memory map

                0x0000000000100000                PROVIDE (__start__ = 0x100000)
                0x0000000000100000                . = __start__

.text           0x0000000000100000    0x30828
 *(.crt0)
 .crt0          0x0000000000100000       0x94 c:/devkitpro/devkitarm/bin/../lib/gcc/arm-none-eabi/12.1.0/../../../../arm-none-eabi/lib/armv6k/fpu/3dsx_crt0.o
                0x0000000000100000                _start
                0x0000000000100008                __service_ptr
                0x000000000010000c                __apt_appid
                0x0000000000100010                __heap_size
                0x0000000000100014                __linear_heap_size
                0x0000000000100018                __system_arglist
                0x000000000010001c                __system_runflags
 *(.init)
 .init          0x0000000000100094        0xc c:/devkitpro/devkitarm/bin/../lib/gcc/arm-none-eabi/12.1.0/armv6k/fpu/crti.o
                0x0000000000100094                _init
 .init          0x00000000001000a0        0xc c:/devkitpro/devkitarm/bin/../lib/gcc/arm-none-eabi/12.1.0/armv6k/fpu/crtn.o
                0x00000000001000ac                . = ALIGN (0x4)
 *(.text)
 .text          0x00000000001000ac      0x20c c:/devkitpro/devkitarm/bin/../lib/gcc/arm-none-eabi/12.1.0/armv6k/fpu\libgcc.a(_udivsi3.o)
                0x00000000001000ac                __aeabi_uidiv
                0x00000000001000ac                __udivsi3
                0x0000000000100298                __aeabi_uidivmod
 .text          0x00000000001002b8      0x240 c:/devkitpro/devkitarm/bin/../lib/gcc/arm-none-eabi/12.1.0/armv6k/fpu\libgcc.a(_divsi3.o)
                0x00000000001002b8                __divsi3
                0x00000000001002b8                __aeabi_idiv
                0x00000000001004d8                __aeabi_idivmod
 .text          0x00000000001004f8        0x4 c:/devkitpro/devkitarm/bin/../lib/gcc/arm-none-eabi/12.1.0/armv6k/fpu\libgcc.a(_dvmd_tls.o)
                0x00000000001004f8                __aeabi_idiv0
                0x00000000001004f8                __aeabi_ldiv0
 .text          0x00000000001004fc      0x3c0 c:/devkitpro/devkitarm/bin/../lib/gcc/arm-none-eabi/12.1.0/armv6k/fpu\libgcc.a(_arm_addsubdf3.o)
                0x00000000001004fc                __aeabi_drsub
                0x0000000000100504                __aeabi_dsub
                0x0000000000100504                __subdf3
                0x0000000000100508                __aeabi_dadd
                0x0000000000100508                __adddf3
                0x00000000001007b4                __floatunsidf
                0x00000000001007b4                __aeabi_ui2d
                0x00000000001007d8                __floatsidf
                0x00000000001007d8                __aeabi_i2d
                0x0000000000100800                __aeabi_f2d
                0x0000000000100800                __extendsfdf2
                0x0000000000100848                __floatundidf
                0x0000000000100848                __aeabi_ul2d
                0x000000000010085c                __floatdidf
                0x000000000010085c                __aeabi_l2d
 .text          0x00000000001008bc      0x250 c:/devkitpro/devkitarm/bin/../lib/gcc/arm-none-eabi/12.1.0/armv6k/fpu\libgcc.a(_arm_addsubsf3.o)
                0x00000000001008bc                __aeabi_frsub
                0x00000000001008c4                __subsf3
                0x00000000001008c4                __aeabi_fsub
                0x00000000001008c8                __aeabi_fadd
                0x00000000001008c8                __addsf3
                0x0000000000100a58                __aeabi_ui2f
                0x0000000000100a58                __floatunsisf
                0x0000000000100a60                __aeabi_i2f
                0x0000000000100a60                __floatsisf
                0x0000000000100a80                __aeabi_ul2f
                0x0000000000100a80                __floatundisf
                0x0000000000100a90                __aeabi_l2f
                0x0000000000100a90                __floatdisf
 .text          0x0000000000100b0c       0xd4 c:/devkitpro/devkitarm/bin/../lib/gcc/arm-none-eabi/12.1.0/armv6k/fpu\libgcc.a(_aeabi_ldivmod.o)
                0x0000000000100b0c                __aeabi_ldivmod
 .text          0x0000000000100be0       0x3c c:/devkitpro/devkitarm/bin/../lib/gcc/arm-none-eabi/12.1.0/armv6k/fpu\libgcc.a(_aeabi_uldivmod.o)
                0x0000000000100be0                __aeabi_uldivmod
 *fill*         0x0000000000100c1c        0x4 
 .text          0x0000000000100c20      0x390 c:/devkitpro/devkitarm/bin/../lib/gcc/arm-none-eabi/12.1.0/../../../../arm-none-eabi/lib/armv6k/fpu\libg.a(lib_a-strcmp.o)
                0x0000000000100c28                strcmp
 *(.text.*)
 .text.__do_global_dtors_aux
                0x0000000000100fb0       0x40 c:/devkitpro/devkitarm/bin/../lib/gcc/arm-none-eabi/12.1.0/armv6k/fpu/crtbegin.o
 .text.frame_dummy
                0x0000000000100ff0       0x2c c:/devkitpro/devkitarm/bin/../lib/gcc/arm-none-eabi/12.1.0/armv6k/fpu/crtbegin.o
 .text.C2D_SpriteFromSheet
                0x000000000010101c       0x64 main.o
 .text.fillBuffer
                0x0000000000101080       0x54 main.o
                0x0000000000101080                fillBuffer
 .text.openSoundFile
                0x00000000001010d4       0xa4 main.o
                0x00000000001010d4                openSoundFile
 .text.playSound
                0x0000000000101178       0xb8 main.o
                0x0000000000101178                playSound
 .text.updateSound
                0x0000000000101230       0xc4 main.o
                0x0000000000101230                updateSound
 .text.freeSound
                0x00000000001012f4       0x24 main.o
                0x00000000001012f4                freeSound
 .text.initLibs
                0x0000000000101318       0x98 main.o
                0x0000000000101318                initLibs
 .text.exitLibs
                0x00000000001013b0       0x24 main.o
                0x00000000001013b0                exitLibs
 .text.checkSolid
                0x00000000001013d4       0xa8 main.o
                0x00000000001013d4                checkSolid
 .text.checkPlatform
                0x000000000010147c       0x2c main.o
                0x000000000010147c                checkPlatform
 .text.checkSurroundingSolids
                0x00000000001014a8      0x194 main.o
                0x00000000001014a8                checkSurroundingSolids
 .text.checkSurroundingPlatforms
                0x000000000010163c      0x158 main.o
                0x000000000010163c                checkSurroundingPlatforms
 .text.testOverlap
                0x0000000000101794       0xc0 main.o
                0x0000000000101794                testOverlap
 .text.findSmallestOverlap
                0x0000000000101854      0x434 main.o
                0x0000000000101854                findSmallestOverlap
 .text.getNumTests
                0x0000000000101c88       0x44 main.o
                0x0000000000101c88                getNumTests
 .text.getTestPositions
                0x0000000000101ccc      0x324 main.o
                0x0000000000101ccc                getTestPositions
 .text.initPlayer
                0x0000000000101ff0      0x20c main.o
                0x0000000000101ff0                initPlayer
 .text.updatePlayer
                0x00000000001021fc      0xd48 main.o
                0x00000000001021fc                updatePlayer
 .text.drawPlayer
                0x0000000000102f44      0xd0c main.o
                0x0000000000102f44                drawPlayer
 .text.drawTilemap
                0x0000000000103c50      0x1d8 main.o
                0x0000000000103c50                drawTilemap
 .text.initLevel11
                0x0000000000103e28       0x84 main.o
                0x0000000000103e28                initLevel11
 .text.startup.main
                0x0000000000103eac      0xebc main.o
                0x0000000000103eac                main
 .text.C2Di_FrameEndHook
                0x0000000000104d68       0x44 C:/devkitPro/libctru/lib\libcitro2d.a(base.o)
 *fill*         0x0000000000104dac        0x4 
 .text.C2D_Init
                0x0000000000104db0      0x36c C:/devkitPro/libctru/lib\libcitro2d.a(base.o)
                0x0000000000104db0                C2D_Init
 .text.C2D_Fini
                0x000000000010511c       0x4c C:/devkitPro/libctru/lib\libcitro2d.a(base.o)
                0x000000000010511c                C2D_Fini
 .text.C2D_Prepare
                0x0000000000105168       0xb8 C:/devkitPro/libctru/lib\libcitro2d.a(base.o)
                0x0000000000105168                C2D_Prepare
 .text.C2D_Flush
                0x0000000000105220       0x48 C:/devkitPro/libctru/lib\libcitro2d.a(base.o)
                0x0000000000105220                C2D_Flush
 .text.C2D_SceneSize
                0x0000000000105268      0x104 C:/devkitPro/libctru/lib\libcitro2d.a(base.o)
                0x0000000000105268                C2D_SceneSize
 .text.C2D_CreateScreenTarget
                0x000000000010536c       0x58 C:/devkitPro/libctru/lib\libcitro2d.a(base.o)
                0x000000000010536c                C2D_CreateScreenTarget
 .text.C2D_TargetClear
                0x00000000001053c4       0x64 C:/devkitPro/libctru/lib\libcitro2d.a(base.o)
                0x00000000001053c4                C2D_TargetClear
 .text.C2Di_CalcQuad
                0x0000000000105428      0x13c C:/devkitPro/libctru/lib\libcitro2d.a(base.o)
                0x0000000000105428                C2Di_CalcQuad
 .text.C2Di_AppendQuad
                0x0000000000105564       0x58 C:/devkitPro/libctru/lib\libcitro2d.a(base.o)
                0x0000000000105564                C2Di_AppendQuad
 .text.C2Di_Update
                0x00000000001055bc      0x550 C:/devkitPro/libctru/lib\libcitro2d.a(base.o)
                0x00000000001055bc                C2Di_Update
 .text.C2D_DrawImage
                0x0000000000105b0c      0x2b0 C:/devkitPro/libctru/lib\libcitro2d.a(base.o)
                0x0000000000105b0c                C2D_DrawImage
 .text.C2D_SpriteSheetLoadFromHandle
                0x0000000000105dbc       0x6c C:/devkitPro/libctru/lib\libcitro2d.a(spritesheet.o)
                0x0000000000105dbc                C2D_SpriteSheetLoadFromHandle
 .text.C2D_SpriteSheetLoad
                0x0000000000105e28       0x48 C:/devkitPro/libctru/lib\libcitro2d.a(spritesheet.o)
                0x0000000000105e28                C2D_SpriteSheetLoad
 .text.C2D_SpriteSheetFree
                0x0000000000105e70       0x28 C:/devkitPro/libctru/lib\libcitro2d.a(spritesheet.o)
                0x0000000000105e70                C2D_SpriteSheetFree
 .text.C2D_SpriteSheetGetImage
                0x0000000000105e98       0x2c C:/devkitPro/libctru/lib\libcitro2d.a(spritesheet.o)
                0x0000000000105e98                C2D_SpriteSheetGetImage
 .text.C3Di_LightEnvUpdate
                0x0000000000105ec4        0x4 C:/devkitPro/libctru/lib\libcitro3d.a(base.o)
                0x0000000000105ec4                C3Di_LightEnvUpdate
 .text.C3Di_LightEnvDirty
                0x0000000000105ec8        0x4 C:/devkitPro/libctru/lib\libcitro3d.a(base.o)
                0x0000000000105ec8                C3Di_LightEnvDirty
 .text.C3Di_AptEventHook
                0x0000000000105ecc       0xb4 C:/devkitPro/libctru/lib\libcitro3d.a(base.o)
 .text.C3Di_GasUpdate
                0x0000000000105f80        0x4 C:/devkitPro/libctru/lib\libcitro3d.a(base.o)
                0x0000000000105f80                C3Di_GasUpdate
 .text.C3D_Init
                0x0000000000105f84      0x1e0 C:/devkitPro/libctru/lib\libcitro3d.a(base.o)
                0x0000000000105f84                C3D_Init
 .text.C3D_SetViewport
                0x0000000000106164       0x98 C:/devkitPro/libctru/lib\libcitro3d.a(base.o)
                0x0000000000106164                C3D_SetViewport
 .text.C3Di_UpdateContext
                0x00000000001061fc      0x4e8 C:/devkitPro/libctru/lib\libcitro3d.a(base.o)
                0x00000000001061fc                C3Di_UpdateContext
 .text.C3Di_SplitFrame
                0x00000000001066e4       0xe0 C:/devkitPro/libctru/lib\libcitro3d.a(base.o)
                0x00000000001066e4                C3Di_SplitFrame
 .text.C3D_Fini
                0x00000000001067c4       0x44 C:/devkitPro/libctru/lib\libcitro3d.a(base.o)
                0x00000000001067c4                C3D_Fini
 .text.C3D_BindProgram
                0x0000000000106808      0x114 C:/devkitPro/libctru/lib\libcitro3d.a(base.o)
                0x0000000000106808                C3D_BindProgram
 .text.onVBlank0
                0x000000000010691c       0x4c C:/devkitPro/libctru/lib\libcitro3d.a(renderqueue.o)
 .text.onVBlank1
                0x0000000000106968       0x4c C:/devkitPro/libctru/lib\libcitro3d.a(renderqueue.o)
 .text.C3Di_RenderTargetDestroy
                0x00000000001069b4       0x80 C:/devkitPro/libctru/lib\libcitro3d.a(renderqueue.o)
 .text.onQueueFinish
                0x0000000000106a34       0xf4 C:/devkitPro/libctru/lib\libcitro3d.a(renderqueue.o)
 .text.C3Di_RenderQueueEnableVBlank
                0x0000000000106b28       0x38 C:/devkitPro/libctru/lib\libcitro3d.a(renderqueue.o)
                0x0000000000106b28                C3Di_RenderQueueEnableVBlank
 .text.C3Di_RenderQueueDisableVBlank
                0x0000000000106b60       0x30 C:/devkitPro/libctru/lib\libcitro3d.a(renderqueue.o)
                0x0000000000106b60                C3Di_RenderQueueDisableVBlank
 .text.C3Di_RenderQueueInit
                0x0000000000106b90       0x60 C:/devkitPro/libctru/lib\libcitro3d.a(renderqueue.o)
                0x0000000000106b90                C3Di_RenderQueueInit
 .text.C3Di_RenderQueueExit
                0x0000000000106bf0       0xb0 C:/devkitPro/libctru/lib\libcitro3d.a(renderqueue.o)
                0x0000000000106bf0                C3Di_RenderQueueExit
 .text.C3Di_RenderQueueWaitDone
                0x0000000000106ca0       0x34 C:/devkitPro/libctru/lib\libcitro3d.a(renderqueue.o)
                0x0000000000106ca0                C3Di_RenderQueueWaitDone
 .text.C3D_FrameBegin
                0x0000000000106cd4       0xe4 C:/devkitPro/libctru/lib\libcitro3d.a(renderqueue.o)
                0x0000000000106cd4                C3D_FrameBegin
 .text.C3D_FrameDrawOn
                0x0000000000106db8       0x48 C:/devkitPro/libctru/lib\libcitro3d.a(renderqueue.o)
                0x0000000000106db8                C3D_FrameDrawOn
 .text.C3D_FrameSplit
                0x0000000000106e00       0x58 C:/devkitPro/libctru/lib\libcitro3d.a(renderqueue.o)
                0x0000000000106e00                C3D_FrameSplit
 .text.C3D_FrameEnd
                0x0000000000106e58      0x1d8 C:/devkitPro/libctru/lib\libcitro3d.a(renderqueue.o)
                0x0000000000106e58                C3D_FrameEnd
 .text.C3D_FrameEndHook
                0x0000000000107030       0x1c C:/devkitPro/libctru/lib\libcitro3d.a(renderqueue.o)
                0x0000000000107030                C3D_FrameEndHook
 .text.C3D_RenderTargetCreate
                0x000000000010704c      0x184 C:/devkitPro/libctru/lib\libcitro3d.a(renderqueue.o)
                0x000000000010704c                C3D_RenderTargetCreate
 .text.C3D_RenderTargetSetOutput
                0x00000000001071d0       0xa8 C:/devkitPro/libctru/lib\libcitro3d.a(renderqueue.o)
                0x00000000001071d0                C3D_RenderTargetSetOutput
 .text.C3D_SyncTextureCopy
                0x0000000000107278       0xfc C:/devkitPro/libctru/lib\libcitro3d.a(renderqueue.o)
                0x0000000000107278                C3D_SyncTextureCopy
 .text.C3D_TexInitWithParams
                0x0000000000107374      0x294 C:/devkitPro/libctru/lib\libcitro3d.a(texture.o)
                0x0000000000107374                C3D_TexInitWithParams
 .text.C3D_TexLoadImage
                0x0000000000107608       0xc8 C:/devkitPro/libctru/lib\libcitro3d.a(texture.o)
                0x0000000000107608                C3D_TexLoadImage
 .text.C3D_TexBind
                0x00000000001076d0       0x44 C:/devkitPro/libctru/lib\libcitro3d.a(texture.o)
                0x00000000001076d0                C3D_TexBind
 .text.C3D_TexDelete
                0x0000000000107714       0x74 C:/devkitPro/libctru/lib\libcitro3d.a(texture.o)
                0x0000000000107714                C3D_TexDelete
 .text.C3Di_SetTex
                0x0000000000107788      0x16c C:/devkitPro/libctru/lib\libcitro3d.a(texture.o)
                0x0000000000107788                C3Di_SetTex
 .text.Tex3DSi_ImportCommon
                0x00000000001078f4      0x3f4 C:/devkitPro/libctru/lib\libcitro3d.a(tex3ds.o)
 .text.Tex3DS_TextureImportStdio
                0x0000000000107ce8       0x38 C:/devkitPro/libctru/lib\libcitro3d.a(tex3ds.o)
                0x0000000000107ce8                Tex3DS_TextureImportStdio
 .text.Tex3DS_GetSubTexture
                0x0000000000107d20       0x1c C:/devkitPro/libctru/lib\libcitro3d.a(tex3ds.o)
                0x0000000000107d20                Tex3DS_GetSubTexture
 .text.Tex3DS_TextureFree
                0x0000000000107d3c        0x4 C:/devkitPro/libctru/lib\libcitro3d.a(tex3ds.o)
                0x0000000000107d3c                Tex3DS_TextureFree
 .text.C3D_CalcColorBufSize
                0x0000000000107d40       0x1c C:/devkitPro/libctru/lib\libcitro3d.a(framebuffer.o)
                0x0000000000107d40                C3D_CalcColorBufSize
 .text.C3D_CalcDepthBufSize
                0x0000000000107d5c       0x1c C:/devkitPro/libctru/lib\libcitro3d.a(framebuffer.o)
                0x0000000000107d5c                C3D_CalcDepthBufSize
 .text.C3D_SetFrameBuf
                0x0000000000107d78       0x44 C:/devkitPro/libctru/lib\libcitro3d.a(framebuffer.o)
                0x0000000000107d78                C3D_SetFrameBuf
 .text.C3Di_FrameBufBind
                0x0000000000107dbc      0x16c C:/devkitPro/libctru/lib\libcitro3d.a(framebuffer.o)
                0x0000000000107dbc                C3Di_FrameBufBind
 .text.C3D_FrameBufClear
                0x0000000000107f28       0xc8 C:/devkitPro/libctru/lib\libcitro3d.a(framebuffer.o)
                0x0000000000107f28                C3D_FrameBufClear
 .text.C3D_FrameBufTransfer
                0x0000000000107ff0       0x44 C:/devkitPro/libctru/lib\libcitro3d.a(framebuffer.o)
                0x0000000000107ff0                C3D_FrameBufTransfer
 .text.C3D_GetTexEnv
                0x0000000000108034       0x34 C:/devkitPro/libctru/lib\libcitro3d.a(texenv.o)
                0x0000000000108034                C3D_GetTexEnv
 .text.C3Di_TexEnvBind
                0x0000000000108068       0x24 C:/devkitPro/libctru/lib\libcitro3d.a(texenv.o)
                0x0000000000108068                C3Di_TexEnvBind
 .text.C3D_DrawElements
                0x000000000010808c      0x218 C:/devkitPro/libctru/lib\libcitro3d.a(drawElements.o)
                0x000000000010808c                C3D_DrawElements
 .text.C3D_ProcTexInit
                0x00000000001082a4       0x70 C:/devkitPro/libctru/lib\libcitro3d.a(proctex.o)
                0x00000000001082a4                C3D_ProcTexInit
 .text.C3D_ProcTexBind
                0x0000000000108314       0x54 C:/devkitPro/libctru/lib\libcitro3d.a(proctex.o)
                0x0000000000108314                C3D_ProcTexBind
 .text.C3D_ProcTexLutBind
                0x0000000000108368       0x5c C:/devkitPro/libctru/lib\libcitro3d.a(proctex.o)
                0x0000000000108368                C3D_ProcTexLutBind
 .text.ProcTexLut_FromArray
                0x00000000001083c4       0xa4 C:/devkitPro/libctru/lib\libcitro3d.a(proctex.o)
                0x00000000001083c4                ProcTexLut_FromArray
 .text.C3Di_ProcTexUpdate
                0x0000000000108468      0x17c C:/devkitPro/libctru/lib\libcitro3d.a(proctex.o)
                0x0000000000108468                C3Di_ProcTexUpdate
 .text.C3Di_ProcTexDirty
                0x00000000001085e4       0x68 C:/devkitPro/libctru/lib\libcitro3d.a(proctex.o)
                0x00000000001085e4                C3Di_ProcTexDirty
 .text.BufInfo_Init
                0x000000000010864c       0x24 C:/devkitPro/libctru/lib\libcitro3d.a(buffers.o)
                0x000000000010864c                BufInfo_Init
 .text.BufInfo_Add
                0x0000000000108670       0x80 C:/devkitPro/libctru/lib\libcitro3d.a(buffers.o)
                0x0000000000108670                BufInfo_Add
 .text.C3D_SetBufInfo
                0x00000000001086f0       0x40 C:/devkitPro/libctru/lib\libcitro3d.a(buffers.o)
                0x00000000001086f0                C3D_SetBufInfo
 .text.C3Di_BufInfoBind
                0x0000000000108730       0x48 C:/devkitPro/libctru/lib\libcitro3d.a(buffers.o)
                0x0000000000108730                C3Di_BufInfoBind
 .text.C3D_DepthMap
                0x0000000000108778       0x40 C:/devkitPro/libctru/lib\libcitro3d.a(effect.o)
                0x0000000000108778                C3D_DepthMap
 .text.C3D_CullFace
                0x00000000001087b8       0x1c C:/devkitPro/libctru/lib\libcitro3d.a(effect.o)
                0x00000000001087b8                C3D_CullFace
 .text.C3D_StencilTest
                0x00000000001087d4       0x40 C:/devkitPro/libctru/lib\libcitro3d.a(effect.o)
                0x00000000001087d4                C3D_StencilTest
 .text.C3D_StencilOp
                0x0000000000108814       0x24 C:/devkitPro/libctru/lib\libcitro3d.a(effect.o)
                0x0000000000108814                C3D_StencilOp
 .text.C3D_BlendingColor
                0x0000000000108838       0x1c C:/devkitPro/libctru/lib\libcitro3d.a(effect.o)
                0x0000000000108838                C3D_BlendingColor
 .text.C3D_EarlyDepthTest
                0x0000000000108854       0x24 C:/devkitPro/libctru/lib\libcitro3d.a(effect.o)
                0x0000000000108854                C3D_EarlyDepthTest
 .text.C3D_DepthTest
                0x0000000000108878       0x2c C:/devkitPro/libctru/lib\libcitro3d.a(effect.o)
                0x0000000000108878                C3D_DepthTest
 .text.C3D_AlphaTest
                0x00000000001088a4       0x2c C:/devkitPro/libctru/lib\libcitro3d.a(effect.o)
                0x00000000001088a4                C3D_AlphaTest
 .text.C3D_AlphaBlend
                0x00000000001088d0       0x50 C:/devkitPro/libctru/lib\libcitro3d.a(effect.o)
                0x00000000001088d0                C3D_AlphaBlend
 .text.C3D_FragOpMode
                0x0000000000108920       0x30 C:/devkitPro/libctru/lib\libcitro3d.a(effect.o)
                0x0000000000108920                C3D_FragOpMode
 .text.C3D_FragOpShadow
                0x0000000000108950       0x44 C:/devkitPro/libctru/lib\libcitro3d.a(effect.o)
                0x0000000000108950                C3D_FragOpShadow
 .text.C3Di_EffectBind
                0x0000000000108994      0x1ac C:/devkitPro/libctru/lib\libcitro3d.a(effect.o)
                0x0000000000108994                C3Di_EffectBind
 .text.AttrInfo_Init
                0x0000000000108b40       0x28 C:/devkitPro/libctru/lib\libcitro3d.a(attribs.o)
                0x0000000000108b40                AttrInfo_Init
 .text.AttrInfo_AddLoader
                0x0000000000108b68       0x94 C:/devkitPro/libctru/lib\libcitro3d.a(attribs.o)
                0x0000000000108b68                AttrInfo_AddLoader
 .text.C3D_SetAttrInfo
                0x0000000000108bfc       0x54 C:/devkitPro/libctru/lib\libcitro3d.a(attribs.o)
                0x0000000000108bfc                C3D_SetAttrInfo
 .text.C3Di_AttrInfoBind
                0x0000000000108c50       0x80 C:/devkitPro/libctru/lib\libcitro3d.a(attribs.o)
                0x0000000000108c50                C3Di_AttrInfoBind
 .text.C3D_ImmSendAttrib
                0x0000000000108cd0       0xa8 C:/devkitPro/libctru/lib\libcitro3d.a(immediate.o)
                0x0000000000108cd0                C3D_ImmSendAttrib
 .text.C3D_UpdateUniforms
                0x0000000000108d78      0x280 C:/devkitPro/libctru/lib\libcitro3d.a(uniforms.o)
                0x0000000000108d78                C3D_UpdateUniforms
 .text.C3Di_DirtyUniforms
                0x0000000000108ff8       0xc0 C:/devkitPro/libctru/lib\libcitro3d.a(uniforms.o)
                0x0000000000108ff8                C3Di_DirtyUniforms
 .text.C3Di_LoadShaderUniforms
                0x00000000001090b8       0xd8 C:/devkitPro/libctru/lib\libcitro3d.a(uniforms.o)
                0x00000000001090b8                C3Di_LoadShaderUniforms
 .text.C3Di_ClearShaderUniforms
                0x0000000000109190       0x28 C:/devkitPro/libctru/lib\libcitro3d.a(uniforms.o)
                0x0000000000109190                C3Di_ClearShaderUniforms
 .text.Mtx_Ortho
                0x00000000001091b8       0xcc C:/devkitPro/libctru/lib\libcitro3d.a(mtx_ortho.o)
                0x00000000001091b8                Mtx_Ortho
 .text.Mtx_OrthoTilt
                0x0000000000109284       0xcc C:/devkitPro/libctru/lib\libcitro3d.a(mtx_orthotilt.o)
                0x0000000000109284                Mtx_OrthoTilt
 .text._ZL21addrMapNodeComparatorPK11rbtree_nodeS1_
                0x0000000000109350       0x24 C:/devkitPro/libctru/lib\libctru.a(vram.o)
 .text._ZL21addrMapNodeDestructorP11rbtree_node
                0x0000000000109374        0x4 C:/devkitPro/libctru/lib\libctru.a(vram.o)
 .text.vramMemAlignAt
                0x0000000000109378      0x250 C:/devkitPro/libctru/lib\libctru.a(vram.o)
                0x0000000000109378                vramMemAlignAt
 .text.vramAlloc
                0x00000000001095c8        0xc C:/devkitPro/libctru/lib\libctru.a(vram.o)
                0x00000000001095c8                vramAlloc
 .text.vramAllocAt
                0x00000000001095d4        0xc C:/devkitPro/libctru/lib\libctru.a(vram.o)
                0x00000000001095d4                vramAllocAt
 .text.vramFree
                0x00000000001095e0       0x90 C:/devkitPro/libctru/lib\libctru.a(vram.o)
                0x00000000001095e0                vramFree
 .text._ZL21addrMapNodeComparatorPK11rbtree_nodeS1_
                0x0000000000109670       0x24 C:/devkitPro/libctru/lib\libctru.a(linear.o)
 .text._ZL21addrMapNodeDestructorP11rbtree_node
                0x0000000000109694        0x4 C:/devkitPro/libctru/lib\libctru.a(linear.o)
 .text.linearMemAlign
                0x0000000000109698      0x120 C:/devkitPro/libctru/lib\libctru.a(linear.o)
                0x0000000000109698                linearMemAlign
 .text.linearAlloc
                0x00000000001097b8        0x8 C:/devkitPro/libctru/lib\libctru.a(linear.o)
                0x00000000001097b8                linearAlloc
 .text.linearFree
                0x00000000001097c0       0x5c C:/devkitPro/libctru/lib\libctru.a(linear.o)
                0x00000000001097c0                linearFree
 .text._ZN7MemPool13CoalesceRightEP8MemBlock
                0x000000000010981c       0x80 C:/devkitPro/libctru/lib\libctru.a(mem_pool.o)
                0x000000000010981c                MemPool::CoalesceRight(MemBlock*)
 .text._ZN7MemPool8AllocateER8MemChunkmi
                0x000000000010989c      0x16c C:/devkitPro/libctru/lib\libctru.a(mem_pool.o)
                0x000000000010989c                MemPool::Allocate(MemChunk&, unsigned long, int)
 .text._ZN7MemPool10DeallocateERK8MemChunk
                0x0000000000109a08       0xfc C:/devkitPro/libctru/lib\libctru.a(mem_pool.o)
                0x0000000000109a08                MemPool::Deallocate(MemChunk const&)
 .text._ZN7MemPool12GetFreeSpaceEv
                0x0000000000109b04       0x30 C:/devkitPro/libctru/lib\libctru.a(mem_pool.o)
                0x0000000000109b04                MemPool::GetFreeSpace()
 .text.romfs_close
                0x0000000000109b34        0x8 C:/devkitPro/libctru/lib\libctru.a(romfs_dev.o)
 .text.romfs_seek
                0x0000000000109b3c       0xc0 C:/devkitPro/libctru/lib\libctru.a(romfs_dev.o)
 .text.romfs_dirreset
                0x0000000000109bfc       0x24 C:/devkitPro/libctru/lib\libctru.a(romfs_dev.o)
 .text.fill_dir
                0x0000000000109c20       0xc8 C:/devkitPro/libctru/lib\libctru.a(romfs_dev.o)
 .text.romfs_dirnext
                0x0000000000109ce8      0x28c C:/devkitPro/libctru/lib\libctru.a(romfs_dev.o)
 .text.romfs_free
                0x0000000000109f74       0x84 C:/devkitPro/libctru/lib\libctru.a(romfs_dev.o)
 .text.searchForFile.constprop.0
                0x0000000000109ff8       0xd4 C:/devkitPro/libctru/lib\libctru.a(romfs_dev.o)
 .text.searchForDir.constprop.0
                0x000000000010a0cc       0xd8 C:/devkitPro/libctru/lib\libctru.a(romfs_dev.o)
 .text.navigateToDir.constprop.0
                0x000000000010a1a4      0x1c0 C:/devkitPro/libctru/lib\libctru.a(romfs_dev.o)
 .text.romfs_open
                0x000000000010a364      0x10c C:/devkitPro/libctru/lib\libctru.a(romfs_dev.o)
 .text.romfs_chdir
                0x000000000010a470       0x4c C:/devkitPro/libctru/lib\libctru.a(romfs_dev.o)
 .text.romfs_diropen
                0x000000000010a4bc       0x70 C:/devkitPro/libctru/lib\libctru.a(romfs_dev.o)
 .text.romfs_stat
                0x000000000010a52c      0x174 C:/devkitPro/libctru/lib\libctru.a(romfs_dev.o)
 .text.romfs_dirclose
                0x000000000010a6a0        0x8 C:/devkitPro/libctru/lib\libctru.a(romfs_dev.o)
 .text.romfs_fstat
                0x000000000010a6a8       0x84 C:/devkitPro/libctru/lib\libctru.a(romfs_dev.o)
 .text.romfs_read
                0x000000000010a72c       0xd0 C:/devkitPro/libctru/lib\libctru.a(romfs_dev.o)
 .text.romfsMountFromFile
                0x000000000010a7fc      0x28c C:/devkitPro/libctru/lib\libctru.a(romfs_dev.o)
                0x000000000010a7fc                romfsMountFromFile
 .text.romfsMountFromCurrentProcess
                0x000000000010aa88       0x98 C:/devkitPro/libctru/lib\libctru.a(romfs_dev.o)
                0x000000000010aa88                romfsMountFromCurrentProcess
 .text.romfsMountSelf
                0x000000000010ab20      0x260 C:/devkitPro/libctru/lib\libctru.a(romfs_dev.o)
                0x000000000010ab20                romfsMountSelf
 .text.romfsUnmount
                0x000000000010ad80       0xa0 C:/devkitPro/libctru/lib\libctru.a(romfs_dev.o)
                0x000000000010ad80                romfsUnmount
 .text.osConvertVirtToPhys
                0x000000000010ae20       0x74 C:/devkitPro/libctru/lib\libctru.a(os.o)
                0x000000000010ae20                osConvertVirtToPhys
 .text.osGetTimeRef
                0x000000000010ae94       0x54 C:/devkitPro/libctru/lib\libctru.a(os.o)
                0x000000000010ae94                osGetTimeRef
 .text.osGetTime
                0x000000000010aee8       0xec C:/devkitPro/libctru/lib\libctru.a(os.o)
                0x000000000010aee8                osGetTime
 .text.__ctru_speedup_config
                0x000000000010afd4       0x34 C:/devkitPro/libctru/lib\libctru.a(os.o)
                0x000000000010afd4                __ctru_speedup_config
 .text.osSetSpeedupEnable
                0x000000000010b008       0x38 C:/devkitPro/libctru/lib\libctru.a(os.o)
                0x000000000010b008                osSetSpeedupEnable
 .text.parseColor
                0x000000000010b040      0x1e8 C:/devkitPro/libctru/lib\libctru.a(console.o)
 .text.consoleDrawChar
                0x000000000010b228      0x1ac C:/devkitPro/libctru/lib\libctru.a(console.o)
                0x000000000010b228                consoleDrawChar
 .text.consolePrintChar
                0x000000000010b3d4      0x124 C:/devkitPro/libctru/lib\libctru.a(console.o)
                0x000000000010b3d4                consolePrintChar
 .text.con_write
                0x000000000010b4f8      0xb94 C:/devkitPro/libctru/lib\libctru.a(console.o)
                0x000000000010b4f8                con_write
 .text.newRow   0x000000000010c08c       0xfc C:/devkitPro/libctru/lib\libctru.a(console.o)
 .text.consoleInit
                0x000000000010c188      0x168 C:/devkitPro/libctru/lib\libctru.a(console.o)
                0x000000000010c188                consoleInit
 .text.consoleClear
                0x000000000010c2f0       0xbc C:/devkitPro/libctru/lib\libctru.a(console.o)
                0x000000000010c2f0                consoleClear
 .text.gfxPresentFramebuffer
                0x000000000010c3ac       0xd0 C:/devkitPro/libctru/lib\libctru.a(gfx.o)
 .text.gfxIsWide
                0x000000000010c47c       0x1c C:/devkitPro/libctru/lib\libctru.a(gfx.o)
                0x000000000010c47c                gfxIsWide
 .text.gfxSetScreenFormat
                0x000000000010c498       0xec C:/devkitPro/libctru/lib\libctru.a(gfx.o)
                0x000000000010c498                gfxSetScreenFormat
 .text.gfxSetDoubleBuffering
                0x000000000010c584       0x10 C:/devkitPro/libctru/lib\libctru.a(gfx.o)
                0x000000000010c584                gfxSetDoubleBuffering
 .text.gfxInit  0x000000000010c594       0xe0 C:/devkitPro/libctru/lib\libctru.a(gfx.o)
                0x000000000010c594                gfxInit
 .text.gfxInitDefault
                0x000000000010c674       0x10 C:/devkitPro/libctru/lib\libctru.a(gfx.o)
                0x000000000010c674                gfxInitDefault
 .text.gfxExit  0x000000000010c684       0xb4 C:/devkitPro/libctru/lib\libctru.a(gfx.o)
                0x000000000010c684                gfxExit
 .text.gfxGetFramebuffer
                0x000000000010c738       0xa0 C:/devkitPro/libctru/lib\libctru.a(gfx.o)
                0x000000000010c738                gfxGetFramebuffer
 .text.gfxFlushBuffers
                0x000000000010c7d8      0x104 C:/devkitPro/libctru/lib\libctru.a(gfx.o)
                0x000000000010c7d8                gfxFlushBuffers
 .text.gfxScreenSwapBuffers
                0x000000000010c8dc       0x30 C:/devkitPro/libctru/lib\libctru.a(gfx.o)
                0x000000000010c8dc                gfxScreenSwapBuffers
 .text.gfxSwapBuffersGpu
                0x000000000010c90c       0x50 C:/devkitPro/libctru/lib\libctru.a(gfx.o)
                0x000000000010c90c                gfxSwapBuffersGpu
 .text.shaderInstanceInit
                0x000000000010c95c      0x1d4 C:/devkitPro/libctru/lib\libctru.a(shaderProgram.o)
                0x000000000010c95c                shaderInstanceInit
 .text.shaderInstanceGetUniformLocation
                0x000000000010cb30       0x18 C:/devkitPro/libctru/lib\libctru.a(shaderProgram.o)
                0x000000000010cb30                shaderInstanceGetUniformLocation
 .text.shaderProgramInit
                0x000000000010cb48       0x1c C:/devkitPro/libctru/lib\libctru.a(shaderProgram.o)
                0x000000000010cb48                shaderProgramInit
 .text.shaderProgramFree
                0x000000000010cb64       0x64 C:/devkitPro/libctru/lib\libctru.a(shaderProgram.o)
                0x000000000010cb64                shaderProgramFree
 .text.shaderProgramSetVsh
                0x000000000010cbc8       0x80 C:/devkitPro/libctru/lib\libctru.a(shaderProgram.o)
                0x000000000010cbc8                shaderProgramSetVsh
 .text.shaderProgramConfigure
                0x000000000010cc48      0x8e0 C:/devkitPro/libctru/lib\libctru.a(shaderProgram.o)
                0x000000000010cc48                shaderProgramConfigure
 .text.DVLE_GenerateOutmap.part.0
                0x000000000010d528      0x1cc C:/devkitPro/libctru/lib\libctru.a(shbin.o)
 .text.DVLB_ParseFile
                0x000000000010d6f4      0x1b4 C:/devkitPro/libctru/lib\libctru.a(shbin.o)
                0x000000000010d6f4                DVLB_ParseFile
 .text.DVLB_Free
                0x000000000010d8a8       0x38 C:/devkitPro/libctru/lib\libctru.a(shbin.o)
                0x000000000010d8a8                DVLB_Free
 .text.DVLE_GetUniformRegister
                0x000000000010d8e0       0x74 C:/devkitPro/libctru/lib\libctru.a(shbin.o)
                0x000000000010d8e0                DVLE_GetUniformRegister
 .text.GX_BindQueue
                0x000000000010d954       0x10 C:/devkitPro/libctru/lib\libctru.a(gx.o)
                0x000000000010d954                GX_BindQueue
 .text.GX_ProcessCommandList
                0x000000000010d964       0x78 C:/devkitPro/libctru/lib\libctru.a(gx.o)
                0x000000000010d964                GX_ProcessCommandList
 .text.GX_MemoryFill
                0x000000000010d9dc       0x74 C:/devkitPro/libctru/lib\libctru.a(gx.o)
                0x000000000010d9dc                GX_MemoryFill
 .text.GX_DisplayTransfer
                0x000000000010da50       0x70 C:/devkitPro/libctru/lib\libctru.a(gx.o)
                0x000000000010da50                GX_DisplayTransfer
 .text.GX_TextureCopy
                0x000000000010dac0       0x74 C:/devkitPro/libctru/lib\libctru.a(gx.o)
                0x000000000010dac0                GX_TextureCopy
 .text.gxCmdQueueDoCommands.part.0
                0x000000000010db34       0x68 C:/devkitPro/libctru/lib\libctru.a(gxqueue.o)
 .text.gxCmdQueueInterrupt
                0x000000000010db9c       0xc8 C:/devkitPro/libctru/lib\libctru.a(gxqueue.o)
                0x000000000010db9c                gxCmdQueueInterrupt
 .text.gxCmdQueueClear
                0x000000000010dc64       0x4c C:/devkitPro/libctru/lib\libctru.a(gxqueue.o)
                0x000000000010dc64                gxCmdQueueClear
 .text.gxCmdQueueAdd
                0x000000000010dcb0       0xf8 C:/devkitPro/libctru/lib\libctru.a(gxqueue.o)
                0x000000000010dcb0                gxCmdQueueAdd
 .text.gxCmdQueueRun
                0x000000000010dda8       0x80 C:/devkitPro/libctru/lib\libctru.a(gxqueue.o)
                0x000000000010dda8                gxCmdQueueRun
 .text.gxCmdQueueStop
                0x000000000010de28       0x60 C:/devkitPro/libctru/lib\libctru.a(gxqueue.o)
                0x000000000010de28                gxCmdQueueStop
 .text.gxCmdQueueWait
                0x000000000010de88       0x74 C:/devkitPro/libctru/lib\libctru.a(gxqueue.o)
                0x000000000010de88                gxCmdQueueWait
 .text.GPUCMD_Add
                0x000000000010defc      0x13c C:/devkitPro/libctru/lib\libctru.a(gpu.o)
                0x000000000010defc                GPUCMD_Add
 .text.GPUCMD_Split
                0x000000000010e038       0xb0 C:/devkitPro/libctru/lib\libctru.a(gpu.o)
                0x000000000010e038                GPUCMD_Split
 .text.f32tof16
                0x000000000010e0e8       0x34 C:/devkitPro/libctru/lib\libctru.a(gpu.o)
                0x000000000010e0e8                f32tof16
 .text.f32tof24
                0x000000000010e11c       0x34 C:/devkitPro/libctru/lib\libctru.a(gpu.o)
                0x000000000010e11c                f32tof24
 .text.f32tof31
                0x000000000010e150       0x38 C:/devkitPro/libctru/lib\libctru.a(gpu.o)
                0x000000000010e150                f32tof31
 .text.ndspUpdateMaster
                0x000000000010e188      0x158 C:/devkitPro/libctru/lib\libctru.a(ndsp.o)
 .text.ndspFinalize
                0x000000000010e2e0      0x110 C:/devkitPro/libctru/lib\libctru.a(ndsp.o)
 .text.ndspInitialize.part.0
                0x000000000010e3f0      0x250 C:/devkitPro/libctru/lib\libctru.a(ndsp.o)
 .text.ndspHookCallback
                0x000000000010e640       0xfc C:/devkitPro/libctru/lib\libctru.a(ndsp.o)
 *fill*         0x000000000010e73c        0x4 
 .text.ndspThreadMain
                0x000000000010e740      0x310 C:/devkitPro/libctru/lib\libctru.a(ndsp.o)
 .text.ndspInit
                0x000000000010ea50      0x3c8 C:/devkitPro/libctru/lib\libctru.a(ndsp.o)
                0x000000000010ea50                ndspInit
 .text.ndspExit
                0x000000000010ee18       0xcc C:/devkitPro/libctru/lib\libctru.a(ndsp.o)
                0x000000000010ee18                ndspExit
 .text.ndspSetOutputMode
                0x000000000010eee4       0x34 C:/devkitPro/libctru/lib\libctru.a(ndsp.o)
                0x000000000010eee4                ndspSetOutputMode
 .text.ndspChnReset
                0x000000000010ef18       0xe4 C:/devkitPro/libctru/lib\libctru.a(ndsp-channel.o)
                0x000000000010ef18                ndspChnReset
 .text.ndspChnSetFormat
                0x000000000010effc       0x18 C:/devkitPro/libctru/lib\libctru.a(ndsp-channel.o)
                0x000000000010effc                ndspChnSetFormat
 .text.ndspChnSetInterp
                0x000000000010f014       0x48 C:/devkitPro/libctru/lib\libctru.a(ndsp-channel.o)
                0x000000000010f014                ndspChnSetInterp
 .text.ndspChnSetRate
                0x000000000010f05c       0x5c C:/devkitPro/libctru/lib\libctru.a(ndsp-channel.o)
                0x000000000010f05c                ndspChnSetRate
 .text.ndspChnWaveBufAdd
                0x000000000010f0b8       0xbc C:/devkitPro/libctru/lib\libctru.a(ndsp-channel.o)
                0x000000000010f0b8                ndspChnWaveBufAdd
 .text.ndspiInitChn
                0x000000000010f174       0x40 C:/devkitPro/libctru/lib\libctru.a(ndsp-channel.o)
                0x000000000010f174                ndspiInitChn
 .text.ndspiDirtyChn
                0x000000000010f1b4       0x2c C:/devkitPro/libctru/lib\libctru.a(ndsp-channel.o)
                0x000000000010f1b4                ndspiDirtyChn
 .text.ndspiUpdateChn
                0x000000000010f1e0      0x444 C:/devkitPro/libctru/lib\libctru.a(ndsp-channel.o)
                0x000000000010f1e0                ndspiUpdateChn
 .text.ndspiReadChnState
                0x000000000010f624      0x184 C:/devkitPro/libctru/lib\libctru.a(ndsp-channel.o)
                0x000000000010f624                ndspiReadChnState
 .text.cfguInit
                0x000000000010f7a8       0xa4 C:/devkitPro/libctru/lib\libctru.a(cfgu.o)
                0x000000000010f7a8                cfguInit
 .text.cfguExit
                0x000000000010f84c       0x3c C:/devkitPro/libctru/lib\libctru.a(cfgu.o)
                0x000000000010f84c                cfguExit
 .text.CFGU_GetConfigInfoBlk2
                0x000000000010f888       0x4c C:/devkitPro/libctru/lib\libctru.a(cfgu.o)
                0x000000000010f888                CFGU_GetConfigInfoBlk2
 .text.DSP_LoadComponent.part.0
                0x000000000010f8d4       0xa4 C:/devkitPro/libctru/lib\libctru.a(dsp.o)
 .text.dspInit  0x000000000010f978       0xdc C:/devkitPro/libctru/lib\libctru.a(dsp.o)
                0x000000000010f978                dspInit
 .text.dspExit  0x000000000010fa54       0x80 C:/devkitPro/libctru/lib\libctru.a(dsp.o)
                0x000000000010fa54                dspExit
 .text.dspHook  0x000000000010fad4       0x24 C:/devkitPro/libctru/lib\libctru.a(dsp.o)
                0x000000000010fad4                dspHook
 .text.dspUnhook
                0x000000000010faf8       0x30 C:/devkitPro/libctru/lib\libctru.a(dsp.o)
                0x000000000010faf8                dspUnhook
 .text.aptDspSleep
                0x000000000010fb28       0xb0 C:/devkitPro/libctru/lib\libctru.a(dsp.o)
                0x000000000010fb28                aptDspSleep
 .text.aptDspWakeup
                0x000000000010fbd8       0xb8 C:/devkitPro/libctru/lib\libctru.a(dsp.o)
                0x000000000010fbd8                aptDspWakeup
 .text.aptDspCancel
                0x000000000010fc90       0x44 C:/devkitPro/libctru/lib\libctru.a(dsp.o)
                0x000000000010fc90                aptDspCancel
 .text.DSP_FlushDataCache
                0x000000000010fcd4       0x50 C:/devkitPro/libctru/lib\libctru.a(dsp.o)
                0x000000000010fcd4                DSP_FlushDataCache
 .text.DSP_SetSemaphore
                0x000000000010fd24       0x34 C:/devkitPro/libctru/lib\libctru.a(dsp.o)
                0x000000000010fd24                DSP_SetSemaphore
 .text.DSP_SetSemaphoreMask
                0x000000000010fd58       0x34 C:/devkitPro/libctru/lib\libctru.a(dsp.o)
                0x000000000010fd58                DSP_SetSemaphoreMask
 .text.DSP_GetSemaphoreHandle
                0x000000000010fd8c       0x38 C:/devkitPro/libctru/lib\libctru.a(dsp.o)
                0x000000000010fd8c                DSP_GetSemaphoreHandle
 .text.DSP_LoadComponent
                0x000000000010fdc4       0x3c C:/devkitPro/libctru/lib\libctru.a(dsp.o)
                0x000000000010fdc4                DSP_LoadComponent
 .text.DSP_RegisterInterruptEvents
                0x000000000010fe00       0x44 C:/devkitPro/libctru/lib\libctru.a(dsp.o)
                0x000000000010fe00                DSP_RegisterInterruptEvents
 .text.DSP_ReadPipeIfPossible
                0x000000000010fe44       0x74 C:/devkitPro/libctru/lib\libctru.a(dsp.o)
                0x000000000010fe44                DSP_ReadPipeIfPossible
 .text.DSP_WriteProcessPipe
                0x000000000010feb8       0x4c C:/devkitPro/libctru/lib\libctru.a(dsp.o)
                0x000000000010feb8                DSP_WriteProcessPipe
 .text.DSP_ConvertProcessAddressFromDspDram
                0x000000000010ff04       0x40 C:/devkitPro/libctru/lib\libctru.a(dsp.o)
                0x000000000010ff04                DSP_ConvertProcessAddressFromDspDram
 .text.DSP_RecvData
                0x000000000010ff44       0x40 C:/devkitPro/libctru/lib\libctru.a(dsp.o)
                0x000000000010ff44                DSP_RecvData
 .text.DSP_RecvDataIsReady
                0x000000000010ff84       0x4c C:/devkitPro/libctru/lib\libctru.a(dsp.o)
                0x000000000010ff84                DSP_RecvDataIsReady
 .text.gspHardwareInit
                0x000000000010ffd0      0xc58 C:/devkitPro/libctru/lib\libctru.a(gspgpu.o)
 .text.gspInit  0x0000000000110c28      0x248 C:/devkitPro/libctru/lib\libctru.a(gspgpu.o)
                0x0000000000110c28                gspInit
 .text.gspExit  0x0000000000110e70       0xf0 C:/devkitPro/libctru/lib\libctru.a(gspgpu.o)
                0x0000000000110e70                gspExit
 .text.gspHasGpuRight
                0x0000000000110f60       0x10 C:/devkitPro/libctru/lib\libctru.a(gspgpu.o)
                0x0000000000110f60                gspHasGpuRight
 .text.gspPresentBuffer
                0x0000000000110f70       0xa0 C:/devkitPro/libctru/lib\libctru.a(gspgpu.o)
                0x0000000000110f70                gspPresentBuffer
 .text.gspSetEventCallback
                0x0000000000111010       0x30 C:/devkitPro/libctru/lib\libctru.a(gspgpu.o)
                0x0000000000111010                gspSetEventCallback
 .text.gspWaitForEvent
                0x0000000000111040       0x44 C:/devkitPro/libctru/lib\libctru.a(gspgpu.o)
                0x0000000000111040                gspWaitForEvent
 .text.gspWaitForAnyEvent
                0x0000000000111084       0x4c C:/devkitPro/libctru/lib\libctru.a(gspgpu.o)
                0x0000000000111084                gspWaitForAnyEvent
 .text.gspEventThreadMain
                0x00000000001110d0      0x158 C:/devkitPro/libctru/lib\libctru.a(gspgpu.o)
 .text.gspSubmitGxCommand
                0x0000000000111228      0x130 C:/devkitPro/libctru/lib\libctru.a(gspgpu.o)
                0x0000000000111228                gspSubmitGxCommand
 .text.GSPGPU_FlushDataCache
                0x0000000000111358       0x50 C:/devkitPro/libctru/lib\libctru.a(gspgpu.o)
                0x0000000000111358                GSPGPU_FlushDataCache
 .text.GSPGPU_SetLcdForceBlack
                0x00000000001113a8       0x34 C:/devkitPro/libctru/lib\libctru.a(gspgpu.o)
                0x00000000001113a8                GSPGPU_SetLcdForceBlack
 .text.GSPGPU_AcquireRight
                0x00000000001113dc       0x68 C:/devkitPro/libctru/lib\libctru.a(gspgpu.o)
                0x00000000001113dc                GSPGPU_AcquireRight
 .text.GSPGPU_ReleaseRight
                0x0000000000111444       0x48 C:/devkitPro/libctru/lib\libctru.a(gspgpu.o)
                0x0000000000111444                GSPGPU_ReleaseRight
 .text.GSPGPU_ImportDisplayCaptureInfo
                0x000000000011148c       0x7c C:/devkitPro/libctru/lib\libctru.a(gspgpu.o)
                0x000000000011148c                GSPGPU_ImportDisplayCaptureInfo
 .text.GSPGPU_SaveVramSysArea
                0x0000000000111508       0x2c C:/devkitPro/libctru/lib\libctru.a(gspgpu.o)
                0x0000000000111508                GSPGPU_SaveVramSysArea
 .text.GSPGPU_RestoreVramSysArea
                0x0000000000111534       0x2c C:/devkitPro/libctru/lib\libctru.a(gspgpu.o)
                0x0000000000111534                GSPGPU_RestoreVramSysArea
 .text.aptConvertScreenForCapture
                0x0000000000111560      0x1a4 C:/devkitPro/libctru/lib\libctru.a(apt.o)
 .text.aptSendCommand
                0x0000000000111704      0x158 C:/devkitPro/libctru/lib\libctru.a(apt.o)
                0x0000000000111704                aptSendCommand
 *fill*         0x000000000011185c        0x4 
 .text.aptExitProcess
                0x0000000000111860       0x44 C:/devkitPro/libctru/lib\libctru.a(apt.o)
 .text.aptExit  0x00000000001118a4      0x2f4 C:/devkitPro/libctru/lib\libctru.a(apt.o)
                0x00000000001118a4                aptExit
 .text.aptHandleSleep
                0x0000000000111b98       0xe0 C:/devkitPro/libctru/lib\libctru.a(apt.o)
                0x0000000000111b98                aptHandleSleep
 .text.aptHook  0x0000000000111c78       0x30 C:/devkitPro/libctru/lib\libctru.a(apt.o)
                0x0000000000111c78                aptHook
 .text.aptUnhook
                0x0000000000111ca8       0x30 C:/devkitPro/libctru/lib\libctru.a(apt.o)
                0x0000000000111ca8                aptUnhook
 .text.APT_SleepIfShellClosed
                0x0000000000111cd8       0x84 C:/devkitPro/libctru/lib\libctru.a(apt.o)
                0x0000000000111cd8                APT_SleepIfShellClosed
 .text.aptSetSleepAllowed
                0x0000000000111d5c       0x84 C:/devkitPro/libctru/lib\libctru.a(apt.o)
                0x0000000000111d5c                aptSetSleepAllowed
 .text.APT_UnlockTransition
                0x0000000000111de0       0x84 C:/devkitPro/libctru/lib\libctru.a(apt.o)
                0x0000000000111de0                APT_UnlockTransition
 *fill*         0x0000000000111e64        0x4 
 .text.aptEventHandler
                0x0000000000111e68      0x4a4 C:/devkitPro/libctru/lib\libctru.a(apt.o)
 .text.APT_ReceiveParameter
                0x000000000011230c       0xb0 C:/devkitPro/libctru/lib\libctru.a(apt.o)
                0x000000000011230c                APT_ReceiveParameter
 .text.aptReceiveParameter.constprop.0
                0x00000000001123bc       0xb0 C:/devkitPro/libctru/lib\libctru.a(apt.o)
 *fill*         0x000000000011246c        0x4 
 .text.aptScreenTransfer
                0x0000000000112470      0x2ac C:/devkitPro/libctru/lib\libctru.a(apt.o)
 .text.aptWaitForWakeUp.isra.0
                0x000000000011271c      0x344 C:/devkitPro/libctru/lib\libctru.a(apt.o)
 .text.aptJumpToHomeMenu
                0x0000000000112a60      0x100 C:/devkitPro/libctru/lib\libctru.a(apt.o)
                0x0000000000112a60                aptJumpToHomeMenu
 .text.aptMainLoop
                0x0000000000112b60       0x48 C:/devkitPro/libctru/lib\libctru.a(apt.o)
                0x0000000000112b60                aptMainLoop
 .text.aptInit  0x0000000000112ba8      0x22c C:/devkitPro/libctru/lib\libctru.a(apt.o)
                0x0000000000112ba8                aptInit
 .text.APT_CheckNew3DS
                0x0000000000112dd4       0x7c C:/devkitPro/libctru/lib\libctru.a(apt.o)
                0x0000000000112dd4                APT_CheckNew3DS
 .text.hidShouldUseIrrst
                0x0000000000112e50       0x24 C:/devkitPro/libctru/lib\libctru.a(hid.o)
                0x0000000000112e50                hidShouldUseIrrst
 .text.hidInit  0x0000000000112e74      0x18c C:/devkitPro/libctru/lib\libctru.a(hid.o)
                0x0000000000112e74                hidInit
 .text.hidExit  0x0000000000113000       0xe8 C:/devkitPro/libctru/lib\libctru.a(hid.o)
                0x0000000000113000                hidExit
 .text.hidScanInput
                0x00000000001130e8      0x2a4 C:/devkitPro/libctru/lib\libctru.a(hid.o)
                0x00000000001130e8                hidScanInput
 .text.hidKeysHeld
                0x000000000011338c       0x10 C:/devkitPro/libctru/lib\libctru.a(hid.o)
                0x000000000011338c                hidKeysHeld
 .text.hidKeysDown
                0x000000000011339c       0x10 C:/devkitPro/libctru/lib\libctru.a(hid.o)
                0x000000000011339c                hidKeysDown
 .text.ptmSysmInit
                0x00000000001133ac       0x74 C:/devkitPro/libctru/lib\libctru.a(ptmsysm.o)
                0x00000000001133ac                ptmSysmInit
 .text.ptmSysmExit
                0x0000000000113420       0x3c C:/devkitPro/libctru/lib\libctru.a(ptmsysm.o)
                0x0000000000113420                ptmSysmExit
 .text.PTMSYSM_ConfigureNew3DSCPU
                0x000000000011345c       0x34 C:/devkitPro/libctru/lib\libctru.a(ptmsysm.o)
                0x000000000011345c                PTMSYSM_ConfigureNew3DSCPU
 .text.fsInit   0x0000000000113490       0xcc C:/devkitPro/libctru/lib\libctru.a(fs.o)
                0x0000000000113490                fsInit
 .text.fsExit   0x000000000011355c       0x3c C:/devkitPro/libctru/lib\libctru.a(fs.o)
                0x000000000011355c                fsExit
 .text.fsExemptFromSession
                0x0000000000113598       0x60 C:/devkitPro/libctru/lib\libctru.a(fs.o)
                0x0000000000113598                fsExemptFromSession
 .text.fsUnexemptFromSession
                0x00000000001135f8       0x50 C:/devkitPro/libctru/lib\libctru.a(fs.o)
                0x00000000001135f8                fsUnexemptFromSession
 .text.FSUSER_OpenFile
                0x0000000000113648       0xcc C:/devkitPro/libctru/lib\libctru.a(fs.o)
                0x0000000000113648                FSUSER_OpenFile
 .text.FSUSER_OpenFileDirectly
                0x0000000000113714       0xd4 C:/devkitPro/libctru/lib\libctru.a(fs.o)
                0x0000000000113714                FSUSER_OpenFileDirectly
 .text.FSUSER_DeleteFile
                0x00000000001137e8       0xbc C:/devkitPro/libctru/lib\libctru.a(fs.o)
                0x00000000001137e8                FSUSER_DeleteFile
 .text.FSUSER_RenameFile
                0x00000000001138a4       0xf8 C:/devkitPro/libctru/lib\libctru.a(fs.o)
                0x00000000001138a4                FSUSER_RenameFile
 .text.FSUSER_DeleteDirectory
                0x000000000011399c       0xbc C:/devkitPro/libctru/lib\libctru.a(fs.o)
                0x000000000011399c                FSUSER_DeleteDirectory
 .text.FSUSER_CreateFile
                0x0000000000113a58       0xd4 C:/devkitPro/libctru/lib\libctru.a(fs.o)
                0x0000000000113a58                FSUSER_CreateFile
 .text.FSUSER_CreateDirectory
                0x0000000000113b2c       0xc4 C:/devkitPro/libctru/lib\libctru.a(fs.o)
                0x0000000000113b2c                FSUSER_CreateDirectory
 .text.FSUSER_RenameDirectory
                0x0000000000113bf0       0xf8 C:/devkitPro/libctru/lib\libctru.a(fs.o)
                0x0000000000113bf0                FSUSER_RenameDirectory
 .text.FSUSER_OpenDirectory
                0x0000000000113ce8       0xb4 C:/devkitPro/libctru/lib\libctru.a(fs.o)
                0x0000000000113ce8                FSUSER_OpenDirectory
 .text.FSUSER_OpenArchive
                0x0000000000113d9c       0x98 C:/devkitPro/libctru/lib\libctru.a(fs.o)
                0x0000000000113d9c                FSUSER_OpenArchive
 .text.FSUSER_CloseArchive
                0x0000000000113e34       0x8c C:/devkitPro/libctru/lib\libctru.a(fs.o)
                0x0000000000113e34                FSUSER_CloseArchive
 .text.FSUSER_GetSdmcArchiveResource
                0x0000000000113ec0       0x74 C:/devkitPro/libctru/lib\libctru.a(fs.o)
                0x0000000000113ec0                FSUSER_GetSdmcArchiveResource
 .text.FSUSER_IsSdmcWritable
                0x0000000000113f34       0x64 C:/devkitPro/libctru/lib\libctru.a(fs.o)
                0x0000000000113f34                FSUSER_IsSdmcWritable
 .text.FSFILE_Read
                0x0000000000113f98       0x58 C:/devkitPro/libctru/lib\libctru.a(fs.o)
                0x0000000000113f98                FSFILE_Read
 .text.FSFILE_Write
                0x0000000000113ff0       0x60 C:/devkitPro/libctru/lib\libctru.a(fs.o)
                0x0000000000113ff0                FSFILE_Write
 .text.FSFILE_GetSize
                0x0000000000114050       0x3c C:/devkitPro/libctru/lib\libctru.a(fs.o)
                0x0000000000114050                FSFILE_GetSize
 .text.FSFILE_SetSize
                0x000000000011408c       0x28 C:/devkitPro/libctru/lib\libctru.a(fs.o)
                0x000000000011408c                FSFILE_SetSize
 .text.FSFILE_Close
                0x00000000001140b4       0x3c C:/devkitPro/libctru/lib\libctru.a(fs.o)
                0x00000000001140b4                FSFILE_Close
 .text.FSFILE_Flush
                0x00000000001140f0       0x24 C:/devkitPro/libctru/lib\libctru.a(fs.o)
                0x00000000001140f0                FSFILE_Flush
 .text.FSDIR_Read
                0x0000000000114114       0x50 C:/devkitPro/libctru/lib\libctru.a(fs.o)
                0x0000000000114114                FSDIR_Read
 .text.FSDIR_Close
                0x0000000000114164       0x3c C:/devkitPro/libctru/lib\libctru.a(fs.o)
                0x0000000000114164                FSDIR_Close
 .text.buffer_read
                0x00000000001141a0       0xc4 C:/devkitPro/libctru/lib\libctru.a(decompress.o)
 .text.iov_read
                0x0000000000114264       0xd0 C:/devkitPro/libctru/lib\libctru.a(decompress.o)
 .text.iov_memmove
                0x0000000000114334      0x138 C:/devkitPro/libctru/lib\libctru.a(decompress.o)
 .text.decompress_rle
                0x000000000011446c      0x1dc C:/devkitPro/libctru/lib\libctru.a(decompress.o)
 .text.decompress_lzss
                0x0000000000114648      0x244 C:/devkitPro/libctru/lib\libctru.a(decompress.o)
 .text.decompress_lz11
                0x000000000011488c      0x424 C:/devkitPro/libctru/lib\libctru.a(decompress.o)
 .text.decompress_huff
                0x0000000000114cb0      0x2d8 C:/devkitPro/libctru/lib\libctru.a(decompress.o)
 .text.decompressCallback_Stdio
                0x0000000000114f88       0x10 C:/devkitPro/libctru/lib\libctru.a(decompress.o)
                0x0000000000114f88                decompressCallback_Stdio
 .text.decompressHeader
                0x0000000000114f98       0xdc C:/devkitPro/libctru/lib\libctru.a(decompress.o)
                0x0000000000114f98                decompressHeader
 .text.decompressV
                0x0000000000115074      0x240 C:/devkitPro/libctru/lib\libctru.a(decompress.o)
                0x0000000000115074                decompressV
 .text.rbtree_init
                0x00000000001152b4       0x10 C:/devkitPro/libctru/lib\libctru.a(rbtree_init.o)
                0x00000000001152b4                rbtree_init
 .text.do_insert
                0x00000000001152c4      0x1b4 C:/devkitPro/libctru/lib\libctru.a(rbtree_insert.o)
 .text.rbtree_insert
                0x0000000000115478        0x8 C:/devkitPro/libctru/lib\libctru.a(rbtree_insert.o)
                0x0000000000115478                rbtree_insert
 .text.rbtree_rotate
                0x0000000000115480       0x90 C:/devkitPro/libctru/lib\libctru.a(rbtree_rotate.o)
                0x0000000000115480                rbtree_rotate
 .text.rbtree_remove
                0x0000000000115510      0x318 C:/devkitPro/libctru/lib\libctru.a(rbtree_remove.o)
                0x0000000000115510                rbtree_remove
 .text.rbtree_find
                0x0000000000115828       0x74 C:/devkitPro/libctru/lib\libctru.a(rbtree_find.o)
                0x0000000000115828                rbtree_find
 .text.utf16_to_utf8
                0x000000000011589c       0xe8 C:/devkitPro/libctru/lib\libctru.a(utf16_to_utf8.o)
                0x000000000011589c                utf16_to_utf8
 .text.decode_utf16
                0x0000000000115984       0x64 C:/devkitPro/libctru/lib\libctru.a(decode_utf16.o)
                0x0000000000115984                decode_utf16
 .text.utf8_to_utf16
                0x00000000001159e8       0xc0 C:/devkitPro/libctru/lib\libctru.a(utf8_to_utf16.o)
                0x00000000001159e8                utf8_to_utf16
 .text.__system_allocateHeaps
                0x0000000000115aa8      0x1e0 C:/devkitPro/libctru/lib\libctru.a(allocateHeaps.o)
                0x0000000000115aa8                __system_allocateHeaps
 .text.__libctru_init
                0x0000000000115c88       0x38 C:/devkitPro/libctru/lib\libctru.a(ctru_init.o)
                0x0000000000115c88                __libctru_init
 .text.__system_initArgv
                0x0000000000115cc0      0x170 C:/devkitPro/libctru/lib\libctru.a(initArgv.o)
                0x0000000000115cc0                __system_initArgv
 .text.svcControlMemory
                0x0000000000115e30       0x20 C:/devkitPro/libctru/lib\libctru.a(svc.o)
                0x0000000000115e30                svcControlMemory
 .text.svcQueryMemory
                0x0000000000115e50       0x30 C:/devkitPro/libctru/lib\libctru.a(svc.o)
                0x0000000000115e50                svcQueryMemory
 .text.svcExitProcess
                0x0000000000115e80        0x8 C:/devkitPro/libctru/lib\libctru.a(svc.o)
                0x0000000000115e80                svcExitProcess
 .text.svcCreateThread
                0x0000000000115e88       0x20 C:/devkitPro/libctru/lib\libctru.a(svc.o)
                0x0000000000115e88                svcCreateThread
 .text.svcExitThread
                0x0000000000115ea8        0x8 C:/devkitPro/libctru/lib\libctru.a(svc.o)
                0x0000000000115ea8                svcExitThread
 .text.svcSleepThread
                0x0000000000115eb0        0x8 C:/devkitPro/libctru/lib\libctru.a(svc.o)
                0x0000000000115eb0                svcSleepThread
 .text.svcReleaseMutex
                0x0000000000115eb8        0x8 C:/devkitPro/libctru/lib\libctru.a(svc.o)
                0x0000000000115eb8                svcReleaseMutex
 .text.svcCreateEvent
                0x0000000000115ec0       0x14 C:/devkitPro/libctru/lib\libctru.a(svc.o)
                0x0000000000115ec0                svcCreateEvent
 .text.svcSignalEvent
                0x0000000000115ed4        0x8 C:/devkitPro/libctru/lib\libctru.a(svc.o)
                0x0000000000115ed4                svcSignalEvent
 .text.svcClearEvent
                0x0000000000115edc        0x8 C:/devkitPro/libctru/lib\libctru.a(svc.o)
                0x0000000000115edc                svcClearEvent
 .text.svcMapMemoryBlock
                0x0000000000115ee4        0x8 C:/devkitPro/libctru/lib\libctru.a(svc.o)
                0x0000000000115ee4                svcMapMemoryBlock
 .text.svcUnmapMemoryBlock
                0x0000000000115eec        0x8 C:/devkitPro/libctru/lib\libctru.a(svc.o)
                0x0000000000115eec                svcUnmapMemoryBlock
 .text.svcCreateAddressArbiter
                0x0000000000115ef4       0x14 C:/devkitPro/libctru/lib\libctru.a(svc.o)
                0x0000000000115ef4                svcCreateAddressArbiter
 .text.svcArbitrateAddressNoTimeout
                0x0000000000115f08        0x8 C:/devkitPro/libctru/lib\libctru.a(svc.o)
                0x0000000000115f08                svcArbitrateAddressNoTimeout
 .text.svcCloseHandle
                0x0000000000115f10        0x8 C:/devkitPro/libctru/lib\libctru.a(svc.o)
                0x0000000000115f10                svcCloseHandle
 .text.svcWaitSynchronization
                0x0000000000115f18        0x8 C:/devkitPro/libctru/lib\libctru.a(svc.o)
                0x0000000000115f18                svcWaitSynchronization
 .text.svcWaitSynchronizationN
                0x0000000000115f20       0x28 C:/devkitPro/libctru/lib\libctru.a(svc.o)
                0x0000000000115f20                svcWaitSynchronizationN
 .text.svcDuplicateHandle
                0x0000000000115f48       0x14 C:/devkitPro/libctru/lib\libctru.a(svc.o)
                0x0000000000115f48                svcDuplicateHandle
 .text.svcGetSystemTick
                0x0000000000115f5c        0x8 C:/devkitPro/libctru/lib\libctru.a(svc.o)
                0x0000000000115f5c                svcGetSystemTick
 .text.svcConnectToPort
                0x0000000000115f64       0x14 C:/devkitPro/libctru/lib\libctru.a(svc.o)
                0x0000000000115f64                svcConnectToPort
 .text.svcSendSyncRequest
                0x0000000000115f78        0x8 C:/devkitPro/libctru/lib\libctru.a(svc.o)
                0x0000000000115f78                svcSendSyncRequest
 .text.svcGetResourceLimit
                0x0000000000115f80       0x14 C:/devkitPro/libctru/lib\libctru.a(svc.o)
                0x0000000000115f80                svcGetResourceLimit
 .text.svcGetResourceLimitLimitValues
                0x0000000000115f94        0x8 C:/devkitPro/libctru/lib\libctru.a(svc.o)
                0x0000000000115f94                svcGetResourceLimitLimitValues
 .text.svcGetResourceLimitCurrentValues
                0x0000000000115f9c        0x8 C:/devkitPro/libctru/lib\libctru.a(svc.o)
                0x0000000000115f9c                svcGetResourceLimitCurrentValues
 .text.svcBreak
                0x0000000000115fa4        0x8 C:/devkitPro/libctru/lib\libctru.a(svc.o)
                0x0000000000115fa4                svcBreak
 .text.initSystem
                0x0000000000115fac       0x50 C:/devkitPro/libctru/lib\libctru.a(stack_adjust.o)
                0x0000000000115fac                initSystem
 .text.__ctru_exit
                0x0000000000115ffc       0x18 C:/devkitPro/libctru/lib\libctru.a(stack_adjust.o)
                0x0000000000115ffc                __ctru_exit
 .text.__aeabi_read_tp
                0x0000000000116014        0xc C:/devkitPro/libctru/lib\libctru.a(readtp.o)
                0x0000000000116014                __aeabi_read_tp
 .text.__sync_init
                0x0000000000116020        0xc C:/devkitPro/libctru/lib\libctru.a(synchronization.o)
                0x0000000000116020                __sync_init
 .text.__sync_fini
                0x000000000011602c       0x18 C:/devkitPro/libctru/lib\libctru.a(synchronization.o)
                0x000000000011602c                __sync_fini
 .text.syncArbitrateAddress
                0x0000000000116044       0x2c C:/devkitPro/libctru/lib\libctru.a(synchronization.o)
                0x0000000000116044                syncArbitrateAddress
 .text.LightLock_Init
                0x0000000000116070       0x1c C:/devkitPro/libctru/lib\libctru.a(synchronization.o)
                0x0000000000116070                LightLock_Init
 .text.LightLock_Lock
                0x000000000011608c       0xb0 C:/devkitPro/libctru/lib\libctru.a(synchronization.o)
                0x000000000011608c                LightLock_Lock
 .text.LightLock_Unlock
                0x000000000011613c       0x40 C:/devkitPro/libctru/lib\libctru.a(synchronization.o)
                0x000000000011613c                LightLock_Unlock
 .text.RecursiveLock_Init
                0x000000000011617c       0x24 C:/devkitPro/libctru/lib\libctru.a(synchronization.o)
                0x000000000011617c                RecursiveLock_Init
 .text.RecursiveLock_Lock
                0x00000000001161a0       0x30 C:/devkitPro/libctru/lib\libctru.a(synchronization.o)
                0x00000000001161a0                RecursiveLock_Lock
 .text.RecursiveLock_Unlock
                0x00000000001161d0       0x54 C:/devkitPro/libctru/lib\libctru.a(synchronization.o)
                0x00000000001161d0                RecursiveLock_Unlock
 .text.LightEvent_Init
                0x0000000000116224       0x40 C:/devkitPro/libctru/lib\libctru.a(synchronization.o)
                0x0000000000116224                LightEvent_Init
 .text.LightEvent_Clear
                0x0000000000116264       0xa4 C:/devkitPro/libctru/lib\libctru.a(synchronization.o)
                0x0000000000116264                LightEvent_Clear
 .text.LightEvent_Signal
                0x0000000000116308       0xc8 C:/devkitPro/libctru/lib\libctru.a(synchronization.o)
                0x0000000000116308                LightEvent_Signal
 .text.LightEvent_TryWait
                0x00000000001163d0       0x50 C:/devkitPro/libctru/lib\libctru.a(synchronization.o)
                0x00000000001163d0                LightEvent_TryWait
 .text.LightEvent_Wait
                0x0000000000116420       0xb0 C:/devkitPro/libctru/lib\libctru.a(synchronization.o)
                0x0000000000116420                LightEvent_Wait
 .text.envGetHandle
                0x00000000001164d0       0x84 C:/devkitPro/libctru/lib\libctru.a(env.o)
                0x00000000001164d0                envGetHandle
 .text.envDestroyHandles
                0x0000000000116554       0x50 C:/devkitPro/libctru/lib\libctru.a(env.o)
                0x0000000000116554                envDestroyHandles
 .text.srvInit  0x00000000001165a4      0x130 C:/devkitPro/libctru/lib\libctru.a(srv.o)
                0x00000000001165a4                srvInit
 .text.srvExit  0x00000000001166d4       0x58 C:/devkitPro/libctru/lib\libctru.a(srv.o)
                0x00000000001166d4                srvExit
 .text.srvGetServiceHandleDirect
                0x000000000011672c       0xa0 C:/devkitPro/libctru/lib\libctru.a(srv.o)
                0x000000000011672c                srvGetServiceHandleDirect
 .text.srvGetServiceHandle
                0x00000000001167cc       0x38 C:/devkitPro/libctru/lib\libctru.a(srv.o)
                0x00000000001167cc                srvGetServiceHandle
 .text.srvPublishToSubscriber
                0x0000000000116804       0x38 C:/devkitPro/libctru/lib\libctru.a(srv.o)
                0x0000000000116804                srvPublishToSubscriber
 .text.threadCreate
                0x000000000011683c      0x178 C:/devkitPro/libctru/lib\libctru.a(thread.o)
                0x000000000011683c                threadCreate
 .text.threadFree
                0x00000000001169b4       0x2c C:/devkitPro/libctru/lib\libctru.a(thread.o)
                0x00000000001169b4                threadFree
 .text.threadJoin
                0x00000000001169e0       0x24 C:/devkitPro/libctru/lib\libctru.a(thread.o)
                0x00000000001169e0                threadJoin
 .text.threadGetCurrent
                0x0000000000116a04       0x30 C:/devkitPro/libctru/lib\libctru.a(thread.o)
                0x0000000000116a04                threadGetCurrent
 .text.threadExit
                0x0000000000116a34       0x40 C:/devkitPro/libctru/lib\libctru.a(thread.o)
                0x0000000000116a34                threadExit
 .text._thread_begin
                0x0000000000116a74       0x20 C:/devkitPro/libctru/lib\libctru.a(thread.o)
 .text.mappableFindAddressWithin
                0x0000000000116a94       0xb4 C:/devkitPro/libctru/lib\libctru.a(mappable.o)
 .text.mappableInit
                0x0000000000116b48       0x28 C:/devkitPro/libctru/lib\libctru.a(mappable.o)
                0x0000000000116b48                mappableInit
 .text.mappableAlloc
                0x0000000000116b70       0x80 C:/devkitPro/libctru/lib\libctru.a(mappable.o)
                0x0000000000116b70                mappableAlloc
 .text.mappableFree
                0x0000000000116bf0        0x4 C:/devkitPro/libctru/lib\libctru.a(mappable.o)
                0x0000000000116bf0                mappableFree
 .text.irrstInit
                0x0000000000116bf4      0x164 C:/devkitPro/libctru/lib\libctru.a(irrst.o)
                0x0000000000116bf4                irrstInit
 .text.irrstExit
                0x0000000000116d58       0xcc C:/devkitPro/libctru/lib\libctru.a(irrst.o)
                0x0000000000116d58                irrstExit
 .text.irrstScanInput
                0x0000000000116e24       0xb4 C:/devkitPro/libctru/lib\libctru.a(irrst.o)
                0x0000000000116e24                irrstScanInput
 .text.irrstKeysHeld
                0x0000000000116ed8       0x24 C:/devkitPro/libctru/lib\libctru.a(irrst.o)
                0x0000000000116ed8                irrstKeysHeld
 .text.srvPmGetSessionHandle
                0x0000000000116efc        0xc C:/devkitPro/libctru/lib\libctru.a(srvpm.o)
                0x0000000000116efc                srvPmGetSessionHandle
 .text.rbtree_node_next
                0x0000000000116f08       0x5c C:/devkitPro/libctru/lib\libctru.a(rbtree_iterator.o)
                0x0000000000116f08                rbtree_node_next
 .text.encode_utf16
                0x0000000000116f64       0x54 C:/devkitPro/libctru/lib\libctru.a(encode_utf16.o)
                0x0000000000116f64                encode_utf16
 .text.encode_utf8
                0x0000000000116fb8       0xe0 C:/devkitPro/libctru/lib\libctru.a(encode_utf8.o)
                0x0000000000116fb8                encode_utf8
 .text.decode_utf8
                0x0000000000117098      0x13c C:/devkitPro/libctru/lib\libctru.a(decode_utf8.o)
                0x0000000000117098                decode_utf8
 .text.__appInit
                0x00000000001171d4       0x30 C:/devkitPro/libctru/lib\libctru.a(appInit.o)
                0x00000000001171d4                __appInit
 .text.__syscall_getreent
                0x0000000000117204       0x30 C:/devkitPro/libctru/lib\libctru.a(syscalls.o)
                0x0000000000117204                __syscall_getreent
 .text.__syscall_gettod_r
                0x0000000000117234       0x74 C:/devkitPro/libctru/lib\libctru.a(syscalls.o)
                0x0000000000117234                __syscall_gettod_r
 .text.__syscall_lock_acquire
                0x00000000001172a8        0x4 C:/devkitPro/libctru/lib\libctru.a(syscalls.o)
                0x00000000001172a8                __syscall_lock_acquire
 .text.__syscall_lock_release
                0x00000000001172ac        0x4 C:/devkitPro/libctru/lib\libctru.a(syscalls.o)
                0x00000000001172ac                __syscall_lock_release
 .text.__syscall_lock_init_recursive
                0x00000000001172b0        0x4 C:/devkitPro/libctru/lib\libctru.a(syscalls.o)
                0x00000000001172b0                __syscall_lock_init_recursive
 .text.__syscall_lock_acquire_recursive
                0x00000000001172b4        0x4 C:/devkitPro/libctru/lib\libctru.a(syscalls.o)
                0x00000000001172b4                __syscall_lock_acquire_recursive
 .text.__syscall_lock_release_recursive
                0x00000000001172b8        0x4 C:/devkitPro/libctru/lib\libctru.a(syscalls.o)
                0x00000000001172b8                __syscall_lock_release_recursive
 .text.__syscall_exit
                0x00000000001172bc        0x4 C:/devkitPro/libctru/lib\libctru.a(syscalls.o)
                0x00000000001172bc                __syscall_exit
 .text.initThreadVars
                0x00000000001172c0       0x50 C:/devkitPro/libctru/lib\libctru.a(syscalls.o)
                0x00000000001172c0                initThreadVars
 .text.__system_initSyscalls
                0x0000000000117310       0x68 C:/devkitPro/libctru/lib\libctru.a(syscalls.o)
                0x0000000000117310                __system_initSyscalls
 .text.__appExit
                0x0000000000117378       0x30 C:/devkitPro/libctru/lib\libctru.a(appExit.o)
                0x0000000000117378                __appExit
 .text.__libctru_exit
                0x00000000001173a8       0x90 C:/devkitPro/libctru/lib\libctru.a(ctru_exit.o)
                0x00000000001173a8                __libctru_exit
 .text.archive_link
                0x0000000000117438       0x14 C:/devkitPro/libctru/lib\libctru.a(archive_dev.o)
 .text.archive_dirreset
                0x000000000011744c       0x14 C:/devkitPro/libctru/lib\libctru.a(archive_dev.o)
 .text.archive_chmod
                0x0000000000117460       0x14 C:/devkitPro/libctru/lib\libctru.a(archive_dev.o)
 .text.error_cmp
                0x0000000000117474       0x24 C:/devkitPro/libctru/lib\libctru.a(archive_dev.o)
 .text.archive_translate_error
                0x0000000000117498       0x50 C:/devkitPro/libctru/lib\libctru.a(archive_dev.o)
 .text.archive_seek
                0x00000000001174e8       0xc8 C:/devkitPro/libctru/lib\libctru.a(archive_dev.o)
 .text._archiveInit.part.0
                0x00000000001175b0       0x7c C:/devkitPro/libctru/lib\libctru.a(archive_dev.o)
 .text.archiveFindDevice.part.0
                0x000000000011762c       0xc4 C:/devkitPro/libctru/lib\libctru.a(archive_dev.o)
 .text.archive_utf16path
                0x00000000001176f0      0x25c C:/devkitPro/libctru/lib\libctru.a(archive_dev.o)
 .text._archiveUnmountDeviceStruct.part.0
                0x000000000011794c       0xa0 C:/devkitPro/libctru/lib\libctru.a(archive_dev.o)
 .text.archive_fchmod
                0x00000000001179ec       0x14 C:/devkitPro/libctru/lib\libctru.a(archive_dev.o)
 .text.archive_statvfs
                0x0000000000117a00       0x14 C:/devkitPro/libctru/lib\libctru.a(archive_dev.o)
 .text._archiveMountDevice
                0x0000000000117a14      0x164 C:/devkitPro/libctru/lib\libctru.a(archive_dev.o)
 .text.archive_diropen
                0x0000000000117b78       0xe8 C:/devkitPro/libctru/lib\libctru.a(archive_dev.o)
 .text.archive_fstat
                0x0000000000117c60       0xa4 C:/devkitPro/libctru/lib\libctru.a(archive_dev.o)
 .text.archive_close
                0x0000000000117d04       0x6c C:/devkitPro/libctru/lib\libctru.a(archive_dev.o)
 .text.archive_fsync
                0x0000000000117d70       0x6c C:/devkitPro/libctru/lib\libctru.a(archive_dev.o)
 .text.archive_dirclose
                0x0000000000117ddc       0x70 C:/devkitPro/libctru/lib\libctru.a(archive_dev.o)
 .text.sdmc_statvfs
                0x0000000000117e4c       0xe8 C:/devkitPro/libctru/lib\libctru.a(archive_dev.o)
 .text.archive_chdir
                0x0000000000117f34       0xec C:/devkitPro/libctru/lib\libctru.a(archive_dev.o)
 .text.archive_ftruncate
                0x0000000000118020       0x7c C:/devkitPro/libctru/lib\libctru.a(archive_dev.o)
 .text.archive_read
                0x000000000011809c       0xac C:/devkitPro/libctru/lib\libctru.a(archive_dev.o)
 .text.archive_unlink
                0x0000000000118148       0xa4 C:/devkitPro/libctru/lib\libctru.a(archive_dev.o)
 .text.archive_rmdir
                0x00000000001181ec       0xbc C:/devkitPro/libctru/lib\libctru.a(archive_dev.o)
 .text.archive_mkdir
                0x00000000001182a8       0xdc C:/devkitPro/libctru/lib\libctru.a(archive_dev.o)
 .text.archive_stat
                0x0000000000118384      0x19c C:/devkitPro/libctru/lib\libctru.a(archive_dev.o)
 .text.archive_dirnext
                0x0000000000118520      0x15c C:/devkitPro/libctru/lib\libctru.a(archive_dev.o)
 .text.archive_write
                0x000000000011867c       0xec C:/devkitPro/libctru/lib\libctru.a(archive_dev.o)
 .text.archive_open
                0x0000000000118768      0x1d4 C:/devkitPro/libctru/lib\libctru.a(archive_dev.o)
 .text.archive_rename
                0x000000000011893c      0x278 C:/devkitPro/libctru/lib\libctru.a(archive_dev.o)
 .text.archiveMountSdmc
                0x0000000000118bb4      0x19c C:/devkitPro/libctru/lib\libctru.a(archive_dev.o)
                0x0000000000118bb4                archiveMountSdmc
 .text.archiveUnmountAll
                0x0000000000118d50       0x54 C:/devkitPro/libctru/lib\libctru.a(archive_dev.o)
                0x0000000000118d50                archiveUnmountAll
 *fill*         0x0000000000118da4        0x4 
 .text.cosf     0x0000000000118da8      0x22c c:/devkitpro/devkitarm/bin/../lib/gcc/arm-none-eabi/12.1.0/../../../../arm-none-eabi/lib/armv6k/fpu\libm.a(lib_a-cosf.o)
                0x0000000000118da8                cosf
 .text.with_errnof
                0x0000000000118fd4       0x24 c:/devkitpro/devkitarm/bin/../lib/gcc/arm-none-eabi/12.1.0/../../../../arm-none-eabi/lib/armv6k/fpu\libm.a(lib_a-math_errf.o)
 .text.__math_invalidf
                0x0000000000118ff8       0x1c c:/devkitpro/devkitarm/bin/../lib/gcc/arm-none-eabi/12.1.0/../../../../arm-none-eabi/lib/armv6k/fpu\libm.a(lib_a-math_errf.o)
                0x0000000000118ff8                __math_invalidf
 *fill*         0x0000000000119014        0x4 
 .text.sinf     0x0000000000119018      0x24c c:/devkitpro/devkitarm/bin/../lib/gcc/arm-none-eabi/12.1.0/../../../../arm-none-eabi/lib/armv6k/fpu\libm.a(lib_a-sinf.o)
                0x0000000000119018                sinf
 .text.__udivmoddi4
                0x0000000000119264      0x120 c:/devkitpro/devkitarm/bin/../lib/gcc/arm-none-eabi/12.1.0/armv6k/fpu\libgcc.a(_udivmoddi4.o)
                0x0000000000119264                __udivmoddi4
 .text.bsearch  0x0000000000119384       0x78 c:/devkitpro/devkitarm/bin/../lib/gcc/arm-none-eabi/12.1.0/../../../../arm-none-eabi/lib/armv6k/fpu\libg.a(lib_a-bsearch.o)
                0x0000000000119384                bsearch
 .text.calloc   0x00000000001193fc       0x20 c:/devkitpro/devkitarm/bin/../lib/gcc/arm-none-eabi/12.1.0/../../../../arm-none-eabi/lib/armv6k/fpu\libg.a(lib_a-calloc.o)
                0x00000000001193fc                calloc
 .text._calloc_r
                0x000000000011941c       0xc0 c:/devkitpro/devkitarm/bin/../lib/gcc/arm-none-eabi/12.1.0/../../../../arm-none-eabi/lib/armv6k/fpu\libg.a(lib_a-callocr.o)
                0x000000000011941c                _calloc_r
 .text.__errno  0x00000000001194dc        0xc c:/devkitpro/devkitarm/bin/../lib/gcc/arm-none-eabi/12.1.0/../../../../arm-none-eabi/lib/armv6k/fpu\libg.a(lib_a-errno.o)
                0x00000000001194dc                __errno
 .text.exit     0x00000000001194e8       0x34 c:/devkitpro/devkitarm/bin/../lib/gcc/arm-none-eabi/12.1.0/../../../../arm-none-eabi/lib/armv6k/fpu\libg.a(lib_a-exit.o)
                0x00000000001194e8                exit
 .text._fclose_r
                0x000000000011951c      0x15c c:/devkitpro/devkitarm/bin/../lib/gcc/arm-none-eabi/12.1.0/../../../../arm-none-eabi/lib/armv6k/fpu\libg.a(lib_a-fclose.o)
                0x000000000011951c                _fclose_r
 .text.fclose   0x0000000000119678       0x18 c:/devkitpro/devkitarm/bin/../lib/gcc/arm-none-eabi/12.1.0/../../../../arm-none-eabi/lib/armv6k/fpu\libg.a(lib_a-fclose.o)
                0x0000000000119678                fclose
 .text.__sflush_r
                0x0000000000119690      0x234 c:/devkitpro/devkitarm/bin/../lib/gcc/arm-none-eabi/12.1.0/../../../../arm-none-eabi/lib/armv6k/fpu\libg.a(lib_a-fflush.o)
                0x0000000000119690                __sflush_r
 .text._fflush_r
                0x00000000001198c4       0x94 c:/devkitpro/devkitarm/bin/../lib/gcc/arm-none-eabi/12.1.0/../../../../arm-none-eabi/lib/armv6k/fpu\libg.a(lib_a-fflush.o)
                0x00000000001198c4                _fflush_r
 .text.fflush   0x0000000000119958       0x38 c:/devkitpro/devkitarm/bin/../lib/gcc/arm-none-eabi/12.1.0/../../../../arm-none-eabi/lib/armv6k/fpu\libg.a(lib_a-fflush.o)
                0x0000000000119958                fflush
 .text._cleanup_r
                0x0000000000119990        0xc c:/devkitpro/devkitarm/bin/../lib/gcc/arm-none-eabi/12.1.0/../../../../arm-none-eabi/lib/armv6k/fpu\libg.a(lib_a-findfp.o)
                0x0000000000119990                _cleanup_r
 .text.__sinit  0x000000000011999c      0x184 c:/devkitpro/devkitarm/bin/../lib/gcc/arm-none-eabi/12.1.0/../../../../arm-none-eabi/lib/armv6k/fpu\libg.a(lib_a-findfp.o)
                0x000000000011999c                __sinit
 .text.__sfp    0x0000000000119b20      0x134 c:/devkitpro/devkitarm/bin/../lib/gcc/arm-none-eabi/12.1.0/../../../../arm-none-eabi/lib/armv6k/fpu\libg.a(lib_a-findfp.o)
                0x0000000000119b20                __sfp
 .text.__sfp_lock_acquire
                0x0000000000119c54        0xc c:/devkitpro/devkitarm/bin/../lib/gcc/arm-none-eabi/12.1.0/../../../../arm-none-eabi/lib/armv6k/fpu\libg.a(lib_a-findfp.o)
                0x0000000000119c54                __sfp_lock_acquire
 .text.__sfp_lock_release
                0x0000000000119c60        0xc c:/devkitpro/devkitarm/bin/../lib/gcc/arm-none-eabi/12.1.0/../../../../arm-none-eabi/lib/armv6k/fpu\libg.a(lib_a-findfp.o)
                0x0000000000119c60                __sfp_lock_release
 .text.__libc_fini_array
                0x0000000000119c6c       0x3c c:/devkitpro/devkitarm/bin/../lib/gcc/arm-none-eabi/12.1.0/../../../../arm-none-eabi/lib/armv6k/fpu\libg.a(lib_a-fini.o)
                0x0000000000119c6c                __libc_fini_array
 .text._fopen_r
                0x0000000000119ca8      0x134 c:/devkitpro/devkitarm/bin/../lib/gcc/arm-none-eabi/12.1.0/../../../../arm-none-eabi/lib/armv6k/fpu\libg.a(lib_a-fopen.o)
                0x0000000000119ca8                _fopen_r
 .text.fopen    0x0000000000119ddc       0x20 c:/devkitpro/devkitarm/bin/../lib/gcc/arm-none-eabi/12.1.0/../../../../arm-none-eabi/lib/armv6k/fpu\libg.a(lib_a-fopen.o)
                0x0000000000119ddc                fopen
 .text._fread_r
                0x0000000000119dfc      0x2d0 c:/devkitpro/devkitarm/bin/../lib/gcc/arm-none-eabi/12.1.0/../../../../arm-none-eabi/lib/armv6k/fpu\libg.a(lib_a-fread.o)
                0x0000000000119dfc                _fread_r
 .text.fread    0x000000000011a0cc       0x38 c:/devkitpro/devkitarm/bin/../lib/gcc/arm-none-eabi/12.1.0/../../../../arm-none-eabi/lib/armv6k/fpu\libg.a(lib_a-fread.o)
                0x000000000011a0cc                fread
 .text._malloc_trim_r
                0x000000000011a104       0xf8 c:/devkitpro/devkitarm/bin/../lib/gcc/arm-none-eabi/12.1.0/../../../../arm-none-eabi/lib/armv6k/fpu\libg.a(lib_a-freer.o)
                0x000000000011a104                _malloc_trim_r
 .text._free_r  0x000000000011a1fc      0x2e8 c:/devkitpro/devkitarm/bin/../lib/gcc/arm-none-eabi/12.1.0/../../../../arm-none-eabi/lib/armv6k/fpu\libg.a(lib_a-freer.o)
                0x000000000011a1fc                _free_r
 .text._fseek_r
                0x000000000011a4e4       0x1c c:/devkitpro/devkitarm/bin/../lib/gcc/arm-none-eabi/12.1.0/../../../../arm-none-eabi/lib/armv6k/fpu\libg.a(lib_a-fseek.o)
                0x000000000011a4e4                _fseek_r
 .text._fseeko_r
                0x000000000011a500      0x590 c:/devkitpro/devkitarm/bin/../lib/gcc/arm-none-eabi/12.1.0/../../../../arm-none-eabi/lib/armv6k/fpu\libg.a(lib_a-fseeko.o)
                0x000000000011a500                _fseeko_r
 .text._fwalk   0x000000000011aa90       0x68 c:/devkitpro/devkitarm/bin/../lib/gcc/arm-none-eabi/12.1.0/../../../../arm-none-eabi/lib/armv6k/fpu\libg.a(lib_a-fwalk.o)
                0x000000000011aa90                _fwalk
 .text._fwalk_reent
                0x000000000011aaf8       0x70 c:/devkitpro/devkitarm/bin/../lib/gcc/arm-none-eabi/12.1.0/../../../../arm-none-eabi/lib/armv6k/fpu\libg.a(lib_a-fwalk.o)
                0x000000000011aaf8                _fwalk_reent
 .text.__libc_init_array
                0x000000000011ab68       0x84 c:/devkitpro/devkitarm/bin/../lib/gcc/arm-none-eabi/12.1.0/../../../../arm-none-eabi/lib/armv6k/fpu\libg.a(lib_a-init.o)
                0x000000000011ab68                __libc_init_array
 .text.__smakebuf_r
                0x000000000011abec      0x138 c:/devkitpro/devkitarm/bin/../lib/gcc/arm-none-eabi/12.1.0/../../../../arm-none-eabi/lib/armv6k/fpu\libg.a(lib_a-makebuf.o)
                0x000000000011abec                __smakebuf_r
 .text.__swhatbuf_r
                0x000000000011ad24       0x8c c:/devkitpro/devkitarm/bin/../lib/gcc/arm-none-eabi/12.1.0/../../../../arm-none-eabi/lib/armv6k/fpu\libg.a(lib_a-makebuf.o)
                0x000000000011ad24                __swhatbuf_r
 .text.memalign
                0x000000000011adb0       0x20 c:/devkitpro/devkitarm/bin/../lib/gcc/arm-none-eabi/12.1.0/../../../../arm-none-eabi/lib/armv6k/fpu\libg.a(lib_a-malign.o)
                0x000000000011adb0                memalign
 .text._memalign_r
                0x000000000011add0      0x14c c:/devkitpro/devkitarm/bin/../lib/gcc/arm-none-eabi/12.1.0/../../../../arm-none-eabi/lib/armv6k/fpu\libg.a(lib_a-malignr.o)
                0x000000000011add0                _memalign_r
 .text.malloc   0x000000000011af1c       0x18 c:/devkitpro/devkitarm/bin/../lib/gcc/arm-none-eabi/12.1.0/../../../../arm-none-eabi/lib/armv6k/fpu\libg.a(lib_a-malloc.o)
                0x000000000011af1c                malloc
 .text.free     0x000000000011af34       0x18 c:/devkitpro/devkitarm/bin/../lib/gcc/arm-none-eabi/12.1.0/../../../../arm-none-eabi/lib/armv6k/fpu\libg.a(lib_a-malloc.o)
                0x000000000011af34                free
 .text._malloc_r
                0x000000000011af4c      0x7e4 c:/devkitpro/devkitarm/bin/../lib/gcc/arm-none-eabi/12.1.0/../../../../arm-none-eabi/lib/armv6k/fpu\libg.a(lib_a-mallocr.o)
                0x000000000011af4c                _malloc_r
 .text.memchr   0x000000000011b730       0xe4 c:/devkitpro/devkitarm/bin/../lib/gcc/arm-none-eabi/12.1.0/../../../../arm-none-eabi/lib/armv6k/fpu\libg.a(lib_a-memchr-stub.o)
                0x000000000011b730                memchr
 .text.memcmp   0x000000000011b814       0xb0 c:/devkitpro/devkitarm/bin/../lib/gcc/arm-none-eabi/12.1.0/../../../../arm-none-eabi/lib/armv6k/fpu\libg.a(lib_a-memcmp.o)
                0x000000000011b814                memcmp
 .text.memcpy   0x000000000011b8c4      0x118 c:/devkitpro/devkitarm/bin/../lib/gcc/arm-none-eabi/12.1.0/../../../../arm-none-eabi/lib/armv6k/fpu\libg.a(lib_a-memcpy-stub.o)
                0x000000000011b8c4                memcpy
 .text.memset   0x000000000011b9dc       0xf4 c:/devkitpro/devkitarm/bin/../lib/gcc/arm-none-eabi/12.1.0/../../../../arm-none-eabi/lib/armv6k/fpu\libg.a(lib_a-memset.o)
                0x000000000011b9dc                memset
 .text.__malloc_lock
                0x000000000011bad0        0xc c:/devkitpro/devkitarm/bin/../lib/gcc/arm-none-eabi/12.1.0/../../../../arm-none-eabi/lib/armv6k/fpu\libg.a(lib_a-mlock.o)
                0x000000000011bad0                __malloc_lock
 .text.__malloc_unlock
                0x000000000011badc        0xc c:/devkitpro/devkitarm/bin/../lib/gcc/arm-none-eabi/12.1.0/../../../../arm-none-eabi/lib/armv6k/fpu\libg.a(lib_a-mlock.o)
                0x000000000011badc                __malloc_unlock
 .text.printf   0x000000000011bae8       0x34 c:/devkitpro/devkitarm/bin/../lib/gcc/arm-none-eabi/12.1.0/../../../../arm-none-eabi/lib/armv6k/fpu\libg.a(lib_a-printf.o)
                0x000000000011bae8                printf
 .text.lflush   0x000000000011bb1c       0x1c c:/devkitpro/devkitarm/bin/../lib/gcc/arm-none-eabi/12.1.0/../../../../arm-none-eabi/lib/armv6k/fpu\libg.a(lib_a-refill.o)
 .text.__srefill_r
                0x000000000011bb38      0x198 c:/devkitpro/devkitarm/bin/../lib/gcc/arm-none-eabi/12.1.0/../../../../arm-none-eabi/lib/armv6k/fpu\libg.a(lib_a-refill.o)
                0x000000000011bb38                __srefill_r
 .text.rewind   0x000000000011bcd0       0x2c c:/devkitpro/devkitarm/bin/../lib/gcc/arm-none-eabi/12.1.0/../../../../arm-none-eabi/lib/armv6k/fpu\libg.a(lib_a-rewind.o)
                0x000000000011bcd0                rewind
 .text.setvbuf  0x000000000011bcfc      0x25c c:/devkitpro/devkitarm/bin/../lib/gcc/arm-none-eabi/12.1.0/../../../../arm-none-eabi/lib/armv6k/fpu\libg.a(lib_a-setvbuf.o)
                0x000000000011bcfc                setvbuf
 .text.sscanf   0x000000000011bf58       0x74 c:/devkitpro/devkitarm/bin/../lib/gcc/arm-none-eabi/12.1.0/../../../../arm-none-eabi/lib/armv6k/fpu\libg.a(lib_a-sscanf.o)
                0x000000000011bf58                sscanf
 .text.__sread  0x000000000011bfcc       0x44 c:/devkitpro/devkitarm/bin/../lib/gcc/arm-none-eabi/12.1.0/../../../../arm-none-eabi/lib/armv6k/fpu\libg.a(lib_a-stdio.o)
                0x000000000011bfcc                __sread
 .text.__seofread
                0x000000000011c010        0x8 c:/devkitpro/devkitarm/bin/../lib/gcc/arm-none-eabi/12.1.0/../../../../arm-none-eabi/lib/armv6k/fpu\libg.a(lib_a-stdio.o)
                0x000000000011c010                __seofread
 .text.__swrite
                0x000000000011c018       0x68 c:/devkitpro/devkitarm/bin/../lib/gcc/arm-none-eabi/12.1.0/../../../../arm-none-eabi/lib/armv6k/fpu\libg.a(lib_a-stdio.o)
                0x000000000011c018                __swrite
 .text.__sseek  0x000000000011c080       0x44 c:/devkitpro/devkitarm/bin/../lib/gcc/arm-none-eabi/12.1.0/../../../../arm-none-eabi/lib/armv6k/fpu\libg.a(lib_a-stdio.o)
                0x000000000011c080                __sseek
 .text.__sclose
                0x000000000011c0c4        0x8 c:/devkitpro/devkitarm/bin/../lib/gcc/arm-none-eabi/12.1.0/../../../../arm-none-eabi/lib/armv6k/fpu\libg.a(lib_a-stdio.o)
                0x000000000011c0c4                __sclose
 .text.strchr   0x000000000011c0cc      0x130 c:/devkitpro/devkitarm/bin/../lib/gcc/arm-none-eabi/12.1.0/../../../../arm-none-eabi/lib/armv6k/fpu\libg.a(lib_a-strchr.o)
                0x000000000011c0cc                strchr
 .text.strlen   0x000000000011c1fc       0x5c c:/devkitpro/devkitarm/bin/../lib/gcc/arm-none-eabi/12.1.0/../../../../arm-none-eabi/lib/armv6k/fpu\libg.a(lib_a-strlen-stub.o)
                0x000000000011c1fc                strlen
 .text.strncat  0x000000000011c258       0xe4 c:/devkitpro/devkitarm/bin/../lib/gcc/arm-none-eabi/12.1.0/../../../../arm-none-eabi/lib/armv6k/fpu\libg.a(lib_a-strncat.o)
                0x000000000011c258                strncat
 .text.strncmp  0x000000000011c33c       0xe4 c:/devkitpro/devkitarm/bin/../lib/gcc/arm-none-eabi/12.1.0/../../../../arm-none-eabi/lib/armv6k/fpu\libg.a(lib_a-strncmp.o)
                0x000000000011c33c                strncmp
 .text.strncpy  0x000000000011c420       0xc4 c:/devkitpro/devkitarm/bin/../lib/gcc/arm-none-eabi/12.1.0/../../../../arm-none-eabi/lib/armv6k/fpu\libg.a(lib_a-strncpy.o)
                0x000000000011c420                strncpy
 .text.strnlen  0x000000000011c4e4       0x48 c:/devkitpro/devkitarm/bin/../lib/gcc/arm-none-eabi/12.1.0/../../../../arm-none-eabi/lib/armv6k/fpu\libg.a(lib_a-strnlen.o)
                0x000000000011c4e4                strnlen
 .text._strtoul_l.constprop.0
                0x000000000011c52c      0x1c4 c:/devkitpro/devkitarm/bin/../lib/gcc/arm-none-eabi/12.1.0/../../../../arm-none-eabi/lib/armv6k/fpu\libg.a(lib_a-strtoul.o)
 .text._strtoul_r