Archive member included to satisfy reference by file (symbol)

C:/devkitPro/libctru/lib\libcitro2d.a(base.o)
                              main.o (C2D_Init)
C:/devkitPro/libctru/lib\libcitro2d.a(spritesheet.o)
                              main.o (C2D_SpriteSheetLoad)
C:/devkitPro/libctru/lib\libcitro2d.a(render2d.shbin.o)
                              C:/devkitPro/libctru/lib\libcitro2d.a(base.o) (render2d_shbin)
C:/devkitPro/libctru/lib\libcitro3d.a(base.o)
                              main.o (C3D_Init)
C:/devkitPro/libctru/lib\libcitro3d.a(renderqueue.o)
                              C:/devkitPro/libctru/lib\libcitro3d.a(base.o) (C3Di_RenderQueueEnableVBlank)
C:/devkitPro/libctru/lib\libcitro3d.a(texture.o)
                              C:/devkitPro/libctru/lib\libcitro2d.a(base.o) (C3D_TexBind)
C:/devkitPro/libctru/lib\libcitro3d.a(tex3ds.o)
                              C:/devkitPro/libctru/lib\libcitro2d.a(spritesheet.o) (Tex3DS_TextureImport)
C:/devkitPro/libctru/lib\libcitro3d.a(framebuffer.o)
                              C:/devkitPro/libctru/lib\libcitro3d.a(renderqueue.o) (C3D_CalcColorBufSize)
C:/devkitPro/libctru/lib\libcitro3d.a(texenv.o)
                              C:/devkitPro/libctru/lib\libcitro2d.a(base.o) (C3D_GetTexEnv)
C:/devkitPro/libctru/lib\libcitro3d.a(drawElements.o)
                              C:/devkitPro/libctru/lib\libcitro2d.a(base.o) (C3D_DrawElements)
C:/devkitPro/libctru/lib\libcitro3d.a(proctex.o)
                              C:/devkitPro/libctru/lib\libcitro2d.a(base.o) (C3D_ProcTexInit)
C:/devkitPro/libctru/lib\libcitro3d.a(buffers.o)
                              C:/devkitPro/libctru/lib\libcitro2d.a(base.o) (BufInfo_Init)
C:/devkitPro/libctru/lib\libcitro3d.a(effect.o)
                              C:/devkitPro/libctru/lib\libcitro3d.a(base.o) (C3D_DepthMap)
C:/devkitPro/libctru/lib\libcitro3d.a(attribs.o)
                              C:/devkitPro/libctru/lib\libcitro2d.a(base.o) (AttrInfo_Init)
C:/devkitPro/libctru/lib\libcitro3d.a(immediate.o)
                              C:/devkitPro/libctru/lib\libcitro3d.a(base.o) (C3D_ImmSendAttrib)
C:/devkitPro/libctru/lib\libcitro3d.a(uniforms.o)
                              C:/devkitPro/libctru/lib\libcitro3d.a(base.o) (C3D_UpdateUniforms)
C:/devkitPro/libctru/lib\libcitro3d.a(mtx_ortho.o)
                              C:/devkitPro/libctru/lib\libcitro2d.a(base.o) (Mtx_Ortho)
C:/devkitPro/libctru/lib\libcitro3d.a(mtx_scale.o)
                              C:/devkitPro/libctru/lib\libcitro2d.a(base.o) (Mtx_Scale)
C:/devkitPro/libctru/lib\libcitro3d.a(mtx_multiply.o)
                              C:/devkitPro/libctru/lib\libcitro2d.a(base.o) (Mtx_Multiply)
C:/devkitPro/libctru/lib\libcitro3d.a(mtx_orthotilt.o)
                              C:/devkitPro/libctru/lib\libcitro2d.a(base.o) (Mtx_OrthoTilt)
C:/devkitPro/libctru/lib\libcitro3d.a(mtx_translate.o)
                              C:/devkitPro/libctru/lib\libcitro2d.a(base.o) (Mtx_Translate)
C:/devkitPro/libctru/lib\libcitro3d.a(mtx_rotatez.o)
                              C:/devkitPro/libctru/lib\libcitro2d.a(base.o) (Mtx_RotateZ)
C:/devkitPro/libctru/lib\libctru.a(vram.o)
                              C:/devkitPro/libctru/lib\libcitro3d.a(renderqueue.o) (vramAlloc)
C:/devkitPro/libctru/lib\libctru.a(linear.o)
                              main.o (linearAlloc)
C:/devkitPro/libctru/lib\libctru.a(mem_pool.o)
                              C:/devkitPro/libctru/lib\libctru.a(vram.o) (MemPool::Allocate(MemChunk&, unsigned long, int))
C:/devkitPro/libctru/lib\libctru.a(romfs_dev.o)
                              main.o (romfsMountSelf)
C:/devkitPro/libctru/lib\libctru.a(os.o)
                              C:/devkitPro/libctru/lib\libcitro3d.a(texture.o) (osConvertVirtToPhys)
C:/devkitPro/libctru/lib\libctru.a(console.o)
                              main.o (consoleInit)
C:/devkitPro/libctru/lib\libctru.a(path_buf.o)
                              C:/devkitPro/libctru/lib\libctru.a(romfs_dev.o) (__ctru_dev_utf16_buf)
C:/devkitPro/libctru/lib\libctru.a(gfx.o)
                              C:/devkitPro/libctru/lib\libcitro2d.a(base.o) (gfxIsWide)
C:/devkitPro/libctru/lib\libctru.a(shaderProgram.o)
                              C:/devkitPro/libctru/lib\libcitro2d.a(base.o) (shaderInstanceGetUniformLocation)
C:/devkitPro/libctru/lib\libctru.a(shbin.o)
                              C:/devkitPro/libctru/lib\libcitro2d.a(base.o) (DVLB_ParseFile)
C:/devkitPro/libctru/lib\libctru.a(gx.o)
                              C:/devkitPro/libctru/lib\libcitro3d.a(renderqueue.o) (GX_BindQueue)
C:/devkitPro/libctru/lib\libctru.a(gxqueue.o)
                              C:/devkitPro/libctru/lib\libcitro3d.a(renderqueue.o) (gxCmdQueueClear)
C:/devkitPro/libctru/lib\libctru.a(gpu.o)
                              C:/devkitPro/libctru/lib\libcitro3d.a(base.o) (gpuCmdBufOffset)
C:/devkitPro/libctru/lib\libctru.a(ndsp.o)
                              main.o (ndspInit)
[...]
Memory Configuration

Name             Origin             Length             Attributes
*default*        0x0000000000000000 0xffffffffffffffff

Linker script and memory map

                0x0000000000100000                PROVIDE (__start__ = 0x100000)
                0x0000000000100000                . = __start__

.text           0x0000000000100000    0x2e318
 *(.crt0)
 .crt0          0x0000000000100000       0x94 c:/devkitpro/devkitarm/bin/../lib/gcc/arm-none-eabi/12.1.0/../../../../arm-none-eabi/lib/armv6k/fpu/3dsx_crt0.o
                0x0000000000100000                _start
                0x0000000000100008                __service_ptr
                0x000000000010000c                __apt_appid
                0x0000000000100010                __heap_size
                0x0000000000100014                __linear_heap_size
                0x0000000000100018                __system_arglist
                0x000000000010001c                __system_runflags
 *(.init)
 .init          0x0000000000100094        0xc c:/devkitpro/devkitarm/bin/../lib/gcc/arm-none-eabi/12.1.0/armv6k/fpu/crti.o
                0x0000000000100094                _init
 .init          0x00000000001000a0        0xc c:/devkitpro/devkitarm/bin/../lib/gcc/arm-none-eabi/12.1.0/armv6k/fpu/crtn.o
                0x00000000001000ac                . = ALIGN (0x4)
 *(.text)
 .text          0x00000000001000ac      0x20c c:/devkitpro/devkitarm/bin/../lib/gcc/arm-none-eabi/12.1.0/armv6k/fpu\libgcc.a(_udivsi3.o)
                0x00000000001000ac                __aeabi_uidiv
                0x00000000001000ac                __udivsi3
                0x0000000000100298                __aeabi_uidivmod
 .text          0x00000000001002b8      0x240 c:/devkitpro/devkitarm/bin/../lib/gcc/arm-none-eabi/12.1.0/armv6k/fpu\libgcc.a(_divsi3.o)
                0x00000000001002b8                __divsi3
                0x00000000001002b8                __aeabi_idiv
                0x00000000001004d8                __aeabi_idivmod
 .text          0x00000000001004f8        0x4 c:/devkitpro/devkitarm/bin/../lib/gcc/arm-none-eabi/12.1.0/armv6k/fpu\libgcc.a(_dvmd_tls.o)
                0x00000000001004f8                __aeabi_idiv0
                0x00000000001004f8                __aeabi_ldiv0
 .text          0x00000000001004fc      0x3c0 c:/devkitpro/devkitarm/bin/../lib/gcc/arm-none-eabi/12.1.0/armv6k/fpu\libgcc.a(_arm_addsubdf3.o)
                0x00000000001004fc                __aeabi_drsub
                0x0000000000100504                __aeabi_dsub
                0x0000000000100504                __subdf3
                0x0000000000100508                __aeabi_dadd
                0x0000000000100508                __adddf3
                0x00000000001007b4                __floatunsidf
                0x00000000001007b4                __aeabi_ui2d
                0x00000000001007d8                __floatsidf
                0x00000000001007d8                __aeabi_i2d
                0x0000000000100800                __aeabi_f2d
                0x0000000000100800                __extendsfdf2
                0x0000000000100848                __floatundidf
                0x0000000000100848                __aeabi_ul2d
                0x000000000010085c                __floatdidf
                0x000000000010085c                __aeabi_l2d
 .text          0x00000000001008bc       0xd4 c:/devkitpro/devkitarm/bin/../lib/gcc/arm-none-eabi/12.1.0/armv6k/fpu\libgcc.a(_aeabi_ldivmod.o)
                0x00000000001008bc                __aeabi_ldivmod
 .text          0x0000000000100990       0x3c c:/devkitpro/devkitarm/bin/../lib/gcc/arm-none-eabi/12.1.0/armv6k/fpu\libgcc.a(_aeabi_uldivmod.o)
                0x0000000000100990                __aeabi_uldivmod
 *fill*         0x00000000001009cc       0x14 
 .text          0x00000000001009e0      0x390 c:/devkitpro/devkitarm/bin/../lib/gcc/arm-none-eabi/12.1.0/../../../../arm-none-eabi/lib/armv6k/fpu\libg.a(lib_a-strcmp.o)
                0x00000000001009e8                strcmp
 *(.text.*)
 .text.__do_global_dtors_aux
                0x0000000000100d70       0x40 c:/devkitpro/devkitarm/bin/../lib/gcc/arm-none-eabi/12.1.0/armv6k/fpu/crtbegin.o
 .text.frame_dummy
                0x0000000000100db0       0x2c c:/devkitpro/devkitarm/bin/../lib/gcc/arm-none-eabi/12.1.0/armv6k/fpu/crtbegin.o
 .text.C2D_SpriteFromSheet
                0x0000000000100ddc       0x64 main.o
 .text.fillBuffer
                0x0000000000100e40       0x54 main.o
                0x0000000000100e40                fillBuffer
 .text.openSoundFile
                0x0000000000100e94       0xa4 main.o
                0x0000000000100e94                openSoundFile
 .text.playSound
                0x0000000000100f38       0xb8 main.o
                0x0000000000100f38                playSound
 .text.updateSound
                0x0000000000100ff0       0xc4 main.o
                0x0000000000100ff0                updateSound
 .text.freeSound
                0x00000000001010b4       0x24 main.o
                0x00000000001010b4                freeSound
 .text.initLibs
                0x00000000001010d8       0x98 main.o
                0x00000000001010d8                initLibs
 .text.exitLibs
                0x0000000000101170       0x24 main.o
                0x0000000000101170                exitLibs
 .text.checkSurroundingSolids
                0x0000000000101194      0x184 main.o
                0x0000000000101194                checkSurroundingSolids
 .text.testOverlap
                0x0000000000101318       0xc0 main.o
                0x0000000000101318                testOverlap
 .text.findSmallestOverlap
                0x00000000001013d8      0x428 main.o
                0x00000000001013d8                findSmallestOverlap
 .text.initPlayer
                0x0000000000101800       0x78 main.o
                0x0000000000101800                initPlayer
 .text.updatePlayer
                0x0000000000101878      0x974 main.o
                0x0000000000101878                updatePlayer
 .text.drawPlayer
                0x00000000001021ec      0x114 main.o
                0x00000000001021ec                drawPlayer
 .text.startup.main
                0x0000000000102300      0x558 main.o
                0x0000000000102300                main
 .text.C2Di_FrameEndHook
                0x0000000000102858       0x44 C:/devkitPro/libctru/lib\libcitro2d.a(base.o)
 *fill*         0x000000000010289c        0x4 
 .text.C2D_Init
                0x00000000001028a0      0x36c C:/devkitPro/libctru/lib\libcitro2d.a(base.o)
                0x00000000001028a0                C2D_Init
 .text.C2D_Fini
                0x0000000000102c0c       0x4c C:/devkitPro/libctru/lib\libcitro2d.a(base.o)
                0x0000000000102c0c                C2D_Fini
 .text.C2D_Prepare
                0x0000000000102c58       0xb8 C:/devkitPro/libctru/lib\libcitro2d.a(base.o)
                0x0000000000102c58                C2D_Prepare
 .text.C2D_Flush
                0x0000000000102d10       0x48 C:/devkitPro/libctru/lib\libcitro2d.a(base.o)
                0x0000000000102d10                C2D_Flush
 .text.C2D_SceneSize
                0x0000000000102d58      0x104 C:/devkitPro/libctru/lib\libcitro2d.a(base.o)
                0x0000000000102d58                C2D_SceneSize
 .text.C2D_CreateScreenTarget
                0x0000000000102e5c       0x58 C:/devkitPro/libctru/lib\libcitro2d.a(base.o)
                0x0000000000102e5c                C2D_CreateScreenTarget
 .text.C2D_TargetClear
                0x0000000000102eb4       0x64 C:/devkitPro/libctru/lib\libcitro2d.a(base.o)
                0x0000000000102eb4                C2D_TargetClear
 .text.C2Di_CalcQuad
                0x0000000000102f18      0x13c C:/devkitPro/libctru/lib\libcitro2d.a(base.o)
                0x0000000000102f18                C2Di_CalcQuad
 .text.C2Di_AppendQuad
                0x0000000000103054       0x58 C:/devkitPro/libctru/lib\libcitro2d.a(base.o)
                0x0000000000103054                C2Di_AppendQuad
 .text.C2Di_Update
                0x00000000001030ac      0x550 C:/devkitPro/libctru/lib\libcitro2d.a(base.o)
                0x00000000001030ac                C2Di_Update
 .text.C2D_DrawImage
                0x00000000001035fc      0x2b0 C:/devkitPro/libctru/lib\libcitro2d.a(base.o)
                0x00000000001035fc                C2D_DrawImage
 .text.C2D_SpriteSheetLoadFromHandle
                0x00000000001038ac       0x6c C:/devkitPro/libctru/lib\libcitro2d.a(spritesheet.o)
                0x00000000001038ac                C2D_SpriteSheetLoadFromHandle
 .text.C2D_SpriteSheetLoad
                0x0000000000103918       0x48 C:/devkitPro/libctru/lib\libcitro2d.a(spritesheet.o)
                0x0000000000103918                C2D_SpriteSheetLoad
 .text.C2D_SpriteSheetFree
                0x0000000000103960       0x28 C:/devkitPro/libctru/lib\libcitro2d.a(spritesheet.o)
                0x0000000000103960                C2D_SpriteSheetFree
 .text.C2D_SpriteSheetGetImage
                0x0000000000103988       0x2c C:/devkitPro/libctru/lib\libcitro2d.a(spritesheet.o)
                0x0000000000103988                C2D_SpriteSheetGetImage
 .text.C3Di_LightEnvUpdate
                0x00000000001039b4        0x4 C:/devkitPro/libctru/lib\libcitro3d.a(base.o)
                0x00000000001039b4                C3Di_LightEnvUpdate
 .text.C3Di_LightEnvDirty
                0x00000000001039b8        0x4 C:/devkitPro/libctru/lib\libcitro3d.a(base.o)
                0x00000000001039b8                C3Di_LightEnvDirty
 .text.C3Di_AptEventHook
                0x00000000001039bc       0xb4 C:/devkitPro/libctru/lib\libcitro3d.a(base.o)
 .text.C3Di_GasUpdate
                0x0000000000103a70        0x4 C:/devkitPro/libctru/lib\libcitro3d.a(base.o)
                0x0000000000103a70                C3Di_GasUpdate
 .text.C3D_Init
                0x0000000000103a74      0x1e0 C:/devkitPro/libctru/lib\libcitro3d.a(base.o)
                0x0000000000103a74                C3D_Init
 .text.C3D_SetViewport
                0x0000000000103c54       0x98 C:/devkitPro/libctru/lib\libcitro3d.a(base.o)
                0x0000000000103c54                C3D_SetViewport
 .text.C3Di_UpdateContext
                0x0000000000103cec      0x4e8 C:/devkitPro/libctru/lib\libcitro3d.a(base.o)
                0x0000000000103cec                C3Di_UpdateContext
 .text.C3Di_SplitFrame
                0x00000000001041d4       0xe0 C:/devkitPro/libctru/lib\libcitro3d.a(base.o)
                0x00000000001041d4                C3Di_SplitFrame
 .text.C3D_Fini
                0x00000000001042b4       0x44 C:/devkitPro/libctru/lib\libcitro3d.a(base.o)
                0x00000000001042b4                C3D_Fini
 .text.C3D_BindProgram
                0x00000000001042f8      0x114 C:/devkitPro/libctru/lib\libcitro3d.a(base.o)
                0x00000000001042f8                C3D_BindProgram
 .text.onVBlank0
                0x000000000010440c       0x4c C:/devkitPro/libctru/lib\libcitro3d.a(renderqueue.o)
 .text.onVBlank1
                0x0000000000104458       0x4c C:/devkitPro/libctru/lib\libcitro3d.a(renderqueue.o)
 .text.C3Di_RenderTargetDestroy
                0x00000000001044a4       0x80 C:/devkitPro/libctru/lib\libcitro3d.a(renderqueue.o)
 .text.onQueueFinish
                0x0000000000104524       0xf4 C:/devkitPro/libctru/lib\libcitro3d.a(renderqueue.o)
 .text.C3Di_RenderQueueEnableVBlank
                0x0000000000104618       0x38 C:/devkitPro/libctru/lib\libcitro3d.a(renderqueue.o)
                0x0000000000104618                C3Di_RenderQueueEnableVBlank
 .text.C3Di_RenderQueueDisableVBlank
                0x0000000000104650       0x30 C:/devkitPro/libctru/lib\libcitro3d.a(renderqueue.o)
                0x0000000000104650                C3Di_RenderQueueDisableVBlank
 .text.C3Di_RenderQueueInit
                0x0000000000104680       0x60 C:/devkitPro/libctru/lib\libcitro3d.a(renderqueue.o)
                0x0000000000104680                C3Di_RenderQueueInit
 .text.C3Di_RenderQueueExit
                0x00000000001046e0       0xb0 C:/devkitPro/libctru/lib\libcitro3d.a(renderqueue.o)
                0x00000000001046e0                C3Di_RenderQueueExit
 .text.C3Di_RenderQueueWaitDone
                0x0000000000104790       0x34 C:/devkitPro/libctru/lib\libcitro3d.a(renderqueue.o)
                0x0000000000104790                C3Di_RenderQueueWaitDone
 .text.C3D_FrameBegin
                0x00000000001047c4       0xe4 C:/devkitPro/libctru/lib\libcitro3d.a(renderqueue.o)
                0x00000000001047c4                C3D_FrameBegin
 .text.C3D_FrameDrawOn
                0x00000000001048a8       0x48 C:/devkitPro/libctru/lib\libcitro3d.a(renderqueue.o)
                0x00000000001048a8                C3D_FrameDrawOn
 .text.C3D_FrameSplit
                0x00000000001048f0       0x58 C:/devkitPro/libctru/lib\libcitro3d.a(renderqueue.o)
                0x00000000001048f0                C3D_FrameSplit
 .text.C3D_FrameEnd
                0x0000000000104948      0x1d8 C:/devkitPro/libctru/lib\libcitro3d.a(renderqueue.o)
                0x0000000000104948                C3D_FrameEnd
 .text.C3D_FrameEndHook
                0x0000000000104b20       0x1c C:/devkitPro/libctru/lib\libcitro3d.a(renderqueue.o)
                0x0000000000104b20                C3D_FrameEndHook
 .text.C3D_RenderTargetCreate
                0x0000000000104b3c      0x184 C:/devkitPro/libctru/lib\libcitro3d.a(renderqueue.o)
                0x0000000000104b3c                C3D_RenderTargetCreate
 .text.C3D_RenderTargetSetOutput
                0x0000000000104cc0       0xa8 C:/devkitPro/libctru/lib\libcitro3d.a(renderqueue.o)
                0x0000000000104cc0                C3D_RenderTargetSetOutput
 .text.C3D_SyncTextureCopy
                0x0000000000104d68       0xfc C:/devkitPro/libctru/lib\libcitro3d.a(renderqueue.o)
                0x0000000000104d68                C3D_SyncTextureCopy
 .text.C3D_TexInitWithParams
                0x0000000000104e64      0x294 C:/devkitPro/libctru/lib\libcitro3d.a(texture.o)
                0x0000000000104e64                C3D_TexInitWithParams
 .text.C3D_TexLoadImage
                0x00000000001050f8       0xc8 C:/devkitPro/libctru/lib\libcitro3d.a(texture.o)
                0x00000000001050f8                C3D_TexLoadImage
 .text.C3D_TexBind
                0x00000000001051c0       0x44 C:/devkitPro/libctru/lib\libcitro3d.a(texture.o)
                0x00000000001051c0                C3D_TexBind
 .text.C3D_TexDelete
                0x0000000000105204       0x74 C:/devkitPro/libctru/lib\libcitro3d.a(texture.o)
                0x0000000000105204                C3D_TexDelete
 .text.C3Di_SetTex
                0x0000000000105278      0x16c C:/devkitPro/libctru/lib\libcitro3d.a(texture.o)
                0x0000000000105278                C3Di_SetTex
 .text.Tex3DSi_ImportCommon
                0x00000000001053e4      0x3f4 C:/devkitPro/libctru/lib\libcitro3d.a(tex3ds.o)
 .text.Tex3DS_TextureImportStdio
                0x00000000001057d8       0x38 C:/devkitPro/libctru/lib\libcitro3d.a(tex3ds.o)
                0x00000000001057d8                Tex3DS_TextureImportStdio
 .text.Tex3DS_GetSubTexture
                0x0000000000105810       0x1c C:/devkitPro/libctru/lib\libcitro3d.a(tex3ds.o)
                0x0000000000105810                Tex3DS_GetSubTexture
 .text.Tex3DS_TextureFree
                0x000000000010582c        0x4 C:/devkitPro/libctru/lib\libcitro3d.a(tex3ds.o)
                0x000000000010582c                Tex3DS_TextureFree
 .text.C3D_CalcColorBufSize
                0x0000000000105830       0x1c C:/devkitPro/libctru/lib\libcitro3d.a(framebuffer.o)
                0x0000000000105830                C3D_CalcColorBufSize
 .text.C3D_CalcDepthBufSize
                0x000000000010584c       0x1c C:/devkitPro/libctru/lib\libcitro3d.a(framebuffer.o)
                0x000000000010584c                C3D_CalcDepthBufSize
 .text.C3D_SetFrameBuf
                0x0000000000105868       0x44 C:/devkitPro/libctru/lib\libcitro3d.a(framebuffer.o)
                0x0000000000105868                C3D_SetFrameBuf
 .text.C3Di_FrameBufBind
                0x00000000001058ac      0x16c C:/devkitPro/libctru/lib\libcitro3d.a(framebuffer.o)
                0x00000000001058ac                C3Di_FrameBufBind
 .text.C3D_FrameBufClear
                0x0000000000105a18       0xc8 C:/devkitPro/libctru/lib\libcitro3d.a(framebuffer.o)
                0x0000000000105a18                C3D_FrameBufClear
 .text.C3D_FrameBufTransfer
                0x0000000000105ae0       0x44 C:/devkitPro/libctru/lib\libcitro3d.a(framebuffer.o)
                0x0000000000105ae0                C3D_FrameBufTransfer
 .text.C3D_GetTexEnv
                0x0000000000105b24       0x34 C:/devkitPro/libctru/lib\libcitro3d.a(texenv.o)
                0x0000000000105b24                C3D_GetTexEnv
 .text.C3Di_TexEnvBind
                0x0000000000105b58       0x24 C:/devkitPro/libctru/lib\libcitro3d.a(texenv.o)
                0x0000000000105b58                C3Di_TexEnvBind
 .text.C3D_DrawElements
                0x0000000000105b7c      0x218 C:/devkitPro/libctru/lib\libcitro3d.a(drawElements.o)
                0x0000000000105b7c                C3D_DrawElements
 .text.C3D_ProcTexInit
                0x0000000000105d94       0x70 C:/devkitPro/libctru/lib\libcitro3d.a(proctex.o)
                0x0000000000105d94                C3D_ProcTexInit
 .text.C3D_ProcTexBind
                0x0000000000105e04       0x54 C:/devkitPro/libctru/lib\libcitro3d.a(proctex.o)
                0x0000000000105e04                C3D_ProcTexBind
 .text.C3D_ProcTexLutBind
                0x0000000000105e58       0x5c C:/devkitPro/libctru/lib\libcitro3d.a(proctex.o)
                0x0000000000105e58                C3D_ProcTexLutBind
 .text.ProcTexLut_FromArray
                0x0000000000105eb4       0xa4 C:/devkitPro/libctru/lib\libcitro3d.a(proctex.o)
                0x0000000000105eb4                ProcTexLut_FromArray
 .text.C3Di_ProcTexUpdate
                0x0000000000105f58      0x17c C:/devkitPro/libctru/lib\libcitro3d.a(proctex.o)
                0x0000000000105f58                C3Di_ProcTexUpdate
 .text.C3Di_ProcTexDirty
                0x00000000001060d4       0x68 C:/devkitPro/libctru/lib\libcitro3d.a(proctex.o)
                0x00000000001060d4                C3Di_ProcTexDirty
 .text.BufInfo_Init
                0x000000000010613c       0x24 C:/devkitPro/libctru/lib\libcitro3d.a(buffers.o)
                0x000000000010613c                BufInfo_Init
 .text.BufInfo_Add
                0x0000000000106160       0x80 C:/devkitPro/libctru/lib\libcitro3d.a(buffers.o)
                0x0000000000106160                BufInfo_Add
 .text.C3D_SetBufInfo
                0x00000000001061e0       0x40 C:/devkitPro/libctru/lib\libcitro3d.a(buffers.o)
                0x00000000001061e0                C3D_SetBufInfo
 .text.C3Di_BufInfoBind
                0x0000000000106220       0x48 C:/devkitPro/libctru/lib\libcitro3d.a(buffers.o)
                0x0000000000106220                C3Di_BufInfoBind
 .text.C3D_DepthMap
                0x0000000000106268       0x40 C:/devkitPro/libctru/lib\libcitro3d.a(effect.o)
                0x0000000000106268                C3D_DepthMap
 .text.C3D_CullFace
                0x00000000001062a8       0x1c C:/devkitPro/libctru/lib\libcitro3d.a(effect.o)
                0x00000000001062a8                C3D_CullFace
 .text.C3D_StencilTest
                0x00000000001062c4       0x40 C:/devkitPro/libctru/lib\libcitro3d.a(effect.o)
                0x00000000001062c4                C3D_StencilTest
 .text.C3D_StencilOp
                0x0000000000106304       0x24 C:/devkitPro/libctru/lib\libcitro3d.a(effect.o)
                0x0000000000106304                C3D_StencilOp
 .text.C3D_BlendingColor
                0x0000000000106328       0x1c C:/devkitPro/libctru/lib\libcitro3d.a(effect.o)
                0x0000000000106328                C3D_BlendingColor
 .text.C3D_EarlyDepthTest
                0x0000000000106344       0x24 C:/devkitPro/libctru/lib\libcitro3d.a(effect.o)
                0x0000000000106344                C3D_EarlyDepthTest
 .text.C3D_DepthTest
                0x0000000000106368       0x2c C:/devkitPro/libctru/lib\libcitro3d.a(effect.o)
                0x0000000000106368                C3D_DepthTest
 .text.C3D_AlphaTest
                0x0000000000106394       0x2c C:/devkitPro/libctru/lib\libcitro3d.a(effect.o)
                0x0000000000106394                C3D_AlphaTest
 .text.C3D_AlphaBlend
                0x00000000001063c0       0x50 C:/devkitPro/libctru/lib\libcitro3d.a(effect.o)
                0x00000000001063c0                C3D_AlphaBlend
 .text.C3D_FragOpMode
                0x0000000000106410       0x30 C:/devkitPro/libctru/lib\libcitro3d.a(effect.o)
                0x0000000000106410                C3D_FragOpMode
 .text.C3D_FragOpShadow
                0x0000000000106440       0x44 C:/devkitPro/libctru/lib\libcitro3d.a(effect.o)
                0x0000000000106440                C3D_FragOpShadow
 .text.C3Di_EffectBind
                0x0000000000106484      0x1ac C:/devkitPro/libctru/lib\libcitro3d.a(effect.o)
                0x0000000000106484                C3Di_EffectBind
 .text.AttrInfo_Init
                0x0000000000106630       0x28 C:/devkitPro/libctru/lib\libcitro3d.a(attribs.o)
                0x0000000000106630                AttrInfo_Init
 .text.AttrInfo_AddLoader
                0x0000000000106658       0x94 C:/devkitPro/libctru/lib\libcitro3d.a(attribs.o)
                0x0000000000106658                AttrInfo_AddLoader
 .text.C3D_SetAttrInfo
                0x00000000001066ec       0x54 C:/devkitPro/libctru/lib\libcitro3d.a(attribs.o)
                0x00000000001066ec                C3D_SetAttrInfo
 .text.C3Di_AttrInfoBind
                0x0000000000106740       0x80 C:/devkitPro/libctru/lib\libcitro3d.a(attribs.o)
                0x0000000000106740                C3Di_AttrInfoBind
 .text.C3D_ImmSendAttrib
                0x00000000001067c0       0xa8 C:/devkitPro/libctru/lib\libcitro3d.a(immediate.o)
                0x00000000001067c0                C3D_ImmSendAttrib
 .text.C3D_UpdateUniforms
                0x0000000000106868      0x280 C:/devkitPro/libctru/lib\libcitro3d.a(uniforms.o)
                0x0000000000106868                C3D_UpdateUniforms
 .text.C3Di_DirtyUniforms
                0x0000000000106ae8       0xc0 C:/devkitPro/libctru/lib\libcitro3d.a(uniforms.o)
                0x0000000000106ae8                C3Di_DirtyUniforms
 .text.C3Di_LoadShaderUniforms
                0x0000000000106ba8       0xd8 C:/devkitPro/libctru/lib\libcitro3d.a(uniforms.o)
                0x0000000000106ba8                C3Di_LoadShaderUniforms
 .text.C3Di_ClearShaderUniforms
                0x0000000000106c80       0x28 C:/devkitPro/libctru/lib\libcitro3d.a(uniforms.o)
                0x0000000000106c80                C3Di_ClearShaderUniforms
 .text.Mtx_Ortho
                0x0000000000106ca8       0xcc C:/devkitPro/libctru/lib\libcitro3d.a(mtx_ortho.o)
                0x0000000000106ca8                Mtx_Ortho
 .text.Mtx_OrthoTilt
                0x0000000000106d74       0xcc C:/devkitPro/libctru/lib\libcitro3d.a(mtx_orthotilt.o)
                0x0000000000106d74                Mtx_OrthoTilt
 .text._ZL21addrMapNodeComparatorPK11rbtree_nodeS1_
                0x0000000000106e40       0x24 C:/devkitPro/libctru/lib\libctru.a(vram.o)
 .text._ZL21addrMapNodeDestructorP11rbtree_node
                0x0000000000106e64        0x4 C:/devkitPro/libctru/lib\libctru.a(vram.o)
 .text.vramMemAlignAt
                0x0000000000106e68      0x250 C:/devkitPro/libctru/lib\libctru.a(vram.o)
                0x0000000000106e68                vramMemAlignAt
 .text.vramAlloc
                0x00000000001070b8        0xc C:/devkitPro/libctru/lib\libctru.a(vram.o)
                0x00000000001070b8                vramAlloc
 .text.vramAllocAt
                0x00000000001070c4        0xc C:/devkitPro/libctru/lib\libctru.a(vram.o)
                0x00000000001070c4                vramAllocAt
 .text.vramFree
                0x00000000001070d0       0x90 C:/devkitPro/libctru/lib\libctru.a(vram.o)
                0x00000000001070d0                vramFree
 .text._ZL21addrMapNodeComparatorPK11rbtree_nodeS1_
                0x0000000000107160       0x24 C:/devkitPro/libctru/lib\libctru.a(linear.o)
 .text._ZL21addrMapNodeDestructorP11rbtree_node
                0x0000000000107184        0x4 C:/devkitPro/libctru/lib\libctru.a(linear.o)
 .text.linearMemAlign
                0x0000000000107188      0x120 C:/devkitPro/libctru/lib\libctru.a(linear.o)
                0x0000000000107188                linearMemAlign
 .text.linearAlloc
                0x00000000001072a8        0x8 C:/devkitPro/libctru/lib\libctru.a(linear.o)
                0x00000000001072a8                linearAlloc
 .text.linearFree
                0x00000000001072b0       0x5c C:/devkitPro/libctru/lib\libctru.a(linear.o)
                0x00000000001072b0                linearFree
 .text._ZN7MemPool13CoalesceRightEP8MemBlock
                0x000000000010730c       0x80 C:/devkitPro/libctru/lib\libctru.a(mem_pool.o)
                0x000000000010730c                MemPool::CoalesceRight(MemBlock*)
 .text._ZN7MemPool8AllocateER8MemChunkmi
                0x000000000010738c      0x16c C:/devkitPro/libctru/lib\libctru.a(mem_pool.o)
                0x000000000010738c                MemPool::Allocate(MemChunk&, unsigned long, int)
 .text._ZN7MemPool10DeallocateERK8MemChunk
                0x00000000001074f8       0xfc C:/devkitPro/libctru/lib\libctru.a(mem_pool.o)
                0x00000000001074f8                MemPool::Deallocate(MemChunk const&)
 .text._ZN7MemPool12GetFreeSpaceEv
                0x00000000001075f4       0x30 C:/devkitPro/libctru/lib\libctru.a(mem_pool.o)
                0x00000000001075f4                MemPool::GetFreeSpace()
 .text.romfs_close
                0x0000000000107624        0x8 C:/devkitPro/libctru/lib\libctru.a(romfs_dev.o)
 .text.romfs_seek
                0x000000000010762c       0xc0 C:/devkitPro/libctru/lib\libctru.a(romfs_dev.o)
 .text.romfs_dirreset
                0x00000000001076ec       0x24 C:/devkitPro/libctru/lib\libctru.a(romfs_dev.o)
 .text.fill_dir
                0x0000000000107710       0xc8 C:/devkitPro/libctru/lib\libctru.a(romfs_dev.o)
 .text.romfs_dirnext
                0x00000000001077d8      0x28c C:/devkitPro/libctru/lib\libctru.a(romfs_dev.o)
 .text.romfs_free
                0x0000000000107a64       0x84 C:/devkitPro/libctru/lib\libctru.a(romfs_dev.o)
 .text.searchForFile.constprop.0
                0x0000000000107ae8       0xd4 C:/devkitPro/libctru/lib\libctru.a(romfs_dev.o)
 .text.searchForDir.constprop.0
                0x0000000000107bbc       0xd8 C:/devkitPro/libctru/lib\libctru.a(romfs_dev.o)
 .text.navigateToDir.constprop.0
                0x0000000000107c94      0x1c0 C:/devkitPro/libctru/lib\libctru.a(romfs_dev.o)
 .text.romfs_open
                0x0000000000107e54      0x10c C:/devkitPro/libctru/lib\libctru.a(romfs_dev.o)
 .text.romfs_chdir
                0x0000000000107f60       0x4c C:/devkitPro/libctru/lib\libctru.a(romfs_dev.o)
 .text.romfs_diropen
                0x0000000000107fac       0x70 C:/devkitPro/libctru/lib\libctru.a(romfs_dev.o)
 .text.romfs_stat
                0x000000000010801c      0x174 C:/devkitPro/libctru/lib\libctru.a(romfs_dev.o)
 .text.romfs_dirclose
                0x0000000000108190        0x8 C:/devkitPro/libctru/lib\libctru.a(romfs_dev.o)
 .text.romfs_fstat
                0x0000000000108198       0x84 C:/devkitPro/libctru/lib\libctru.a(romfs_dev.o)
 .text.romfs_read
                0x000000000010821c       0xd0 C:/devkitPro/libctru/lib\libctru.a(romfs_dev.o)
 .text.romfsMountFromFile
                0x00000000001082ec      0x28c C:/devkitPro/libctru/lib\libctru.a(romfs_dev.o)
                0x00000000001082ec                romfsMountFromFile
 .text.romfsMountFromCurrentProcess
                0x0000000000108578       0x98 C:/devkitPro/libctru/lib\libctru.a(romfs_dev.o)
                0x0000000000108578                romfsMountFromCurrentProcess
 .text.romfsMountSelf
                0x0000000000108610      0x260 C:/devkitPro/libctru/lib\libctru.a(romfs_dev.o)
                0x0000000000108610                romfsMountSelf
 .text.romfsUnmount
                0x0000000000108870       0xa0 C:/devkitPro/libctru/lib\libctru.a(romfs_dev.o)
                0x0000000000108870                romfsUnmount
 .text.osConvertVirtToPhys
                0x0000000000108910       0x74 C:/devkitPro/libctru/lib\libctru.a(os.o)
                0x0000000000108910                osConvertVirtToPhys
 .text.osGetTimeRef
                0x0000000000108984       0x54 C:/devkitPro/libctru/lib\libctru.a(os.o)
                0x0000000000108984                osGetTimeRef
 .text.osGetTime
                0x00000000001089d8       0xec C:/devkitPro/libctru/lib\libctru.a(os.o)
                0x00000000001089d8                osGetTime
 .text.__ctru_speedup_config
                0x0000000000108ac4       0x34 C:/devkitPro/libctru/lib\libctru.a(os.o)
                0x0000000000108ac4                __ctru_speedup_config
 .text.osSetSpeedupEnable
                0x0000000000108af8       0x38 C:/devkitPro/libctru/lib\libctru.a(os.o)
                0x0000000000108af8                osSetSpeedupEnable
 .text.parseColor
                0x0000000000108b30      0x1e8 C:/devkitPro/libctru/lib\libctru.a(console.o)
 .text.consoleDrawChar
                0x0000000000108d18      0x1ac C:/devkitPro/libctru/lib\libctru.a(console.o)
                0x0000000000108d18                consoleDrawChar
 .text.consolePrintChar
                0x0000000000108ec4      0x124 C:/devkitPro/libctru/lib\libctru.a(console.o)
                0x0000000000108ec4                consolePrintChar
 .text.con_write
                0x0000000000108fe8      0xb94 C:/devkitPro/libctru/lib\libctru.a(console.o)
                0x0000000000108fe8                con_write
 .text.newRow   0x0000000000109b7c       0xfc C:/devkitPro/libctru/lib\libctru.a(console.o)
 .text.consoleInit
                0x0000000000109c78      0x168 C:/devkitPro/libctru/lib\libctru.a(console.o)
                0x0000000000109c78                consoleInit
 .text.consoleClear
                0x0000000000109de0       0xbc C:/devkitPro/libctru/lib\libctru.a(console.o)
                0x0000000000109de0                consoleClear
 .text.gfxPresentFramebuffer
                0x0000000000109e9c       0xd0 C:/devkitPro/libctru/lib\libctru.a(gfx.o)
 .text.gfxIsWide
                0x0000000000109f6c       0x1c C:/devkitPro/libctru/lib\libctru.a(gfx.o)
                0x0000000000109f6c                gfxIsWide
 .text.gfxSetScreenFormat
                0x0000000000109f88       0xec C:/devkitPro/libctru/lib\libctru.a(gfx.o)
                0x0000000000109f88                gfxSetScreenFormat
 .text.gfxSetDoubleBuffering
                0x000000000010a074       0x10 C:/devkitPro/libctru/lib\libctru.a(gfx.o)
                0x000000000010a074                gfxSetDoubleBuffering
 .text.gfxInit  0x000000000010a084       0xe0 C:/devkitPro/libctru/lib\libctru.a(gfx.o)
                0x000000000010a084                gfxInit
 .text.gfxInitDefault
                0x000000000010a164       0x10 C:/devkitPro/libctru/lib\libctru.a(gfx.o)
                0x000000000010a164                gfxInitDefault
 .text.gfxExit  0x000000000010a174       0xb4 C:/devkitPro/libctru/lib\libctru.a(gfx.o)
                0x000000000010a174                gfxExit
 .text.gfxGetFramebuffer
                0x000000000010a228       0xa0 C:/devkitPro/libctru/lib\libctru.a(gfx.o)
                0x000000000010a228                gfxGetFramebuffer
 .text.gfxFlushBuffers
                0x000000000010a2c8      0x104 C:/devkitPro/libctru/lib\libctru.a(gfx.o)
                0x000000000010a2c8                gfxFlushBuffers
 .text.gfxScreenSwapBuffers
                0x000000000010a3cc       0x30 C:/devkitPro/libctru/lib\libctru.a(gfx.o)
                0x000000000010a3cc                gfxScreenSwapBuffers
 .text.gfxSwapBuffersGpu
                0x000000000010a3fc       0x50 C:/devkitPro/libctru/lib\libctru.a(gfx.o)
                0x000000000010a3fc                gfxSwapBuffersGpu
 .text.shaderInstanceInit
                0x000000000010a44c      0x1d4 C:/devkitPro/libctru/lib\libctru.a(shaderProgram.o)
                0x000000000010a44c                shaderInstanceInit
 .text.shaderInstanceGetUniformLocation
                0x000000000010a620       0x18 C:/devkitPro/libctru/lib\libctru.a(shaderProgram.o)
                0x000000000010a620                shaderInstanceGetUniformLocation
 .text.shaderProgramInit
                0x000000000010a638       0x1c C:/devkitPro/libctru/lib\libctru.a(shaderProgram.o)
                0x000000000010a638                shaderProgramInit
 .text.shaderProgramFree
                0x000000000010a654       0x64 C:/devkitPro/libctru/lib\libctru.a(shaderProgram.o)
                0x000000000010a654                shaderProgramFree
 .text.shaderProgramSetVsh
                0x000000000010a6b8       0x80 C:/devkitPro/libctru/lib\libctru.a(shaderProgram.o)
                0x000000000010a6b8                shaderProgramSetVsh
 .text.shaderProgramConfigure
                0x000000000010a738      0x8e0 C:/devkitPro/libctru/lib\libctru.a(shaderProgram.o)
                0x000000000010a738                shaderProgramConfigure
 .text.DVLE_GenerateOutmap.part.0
                0x000000000010b018      0x1cc C:/devkitPro/libctru/lib\libctru.a(shbin.o)
 .text.DVLB_ParseFile
                0x000000000010b1e4      0x1b4 C:/devkitPro/libctru/lib\libctru.a(shbin.o)
                0x000000000010b1e4                DVLB_ParseFile
 .text.DVLB_Free
                0x000000000010b398       0x38 C:/devkitPro/libctru/lib\libctru.a(shbin.o)
                0x000000000010b398                DVLB_Free
 .text.DVLE_GetUniformRegister
                0x000000000010b3d0       0x74 C:/devkitPro/libctru/lib\libctru.a(shbin.o)
                0x000000000010b3d0                DVLE_GetUniformRegister
 .text.GX_BindQueue
                0x000000000010b444       0x10 C:/devkitPro/libctru/lib\libctru.a(gx.o)
                0x000000000010b444                GX_BindQueue
 .text.GX_ProcessCommandList
                0x000000000010b454       0x78 C:/devkitPro/libctru/lib\libctru.a(gx.o)
                0x000000000010b454                GX_ProcessCommandList
 .text.GX_MemoryFill
                0x000000000010b4cc       0x74 C:/devkitPro/libctru/lib\libctru.a(gx.o)
                0x000000000010b4cc                GX_MemoryFill
 .text.GX_DisplayTransfer
                0x000000000010b540       0x70 C:/devkitPro/libctru/lib\libctru.a(gx.o)
                0x000000000010b540                GX_DisplayTransfer
 .text.GX_TextureCopy
                0x000000000010b5b0       0x74 C:/devkitPro/libctru/lib\libctru.a(gx.o)
                0x000000000010b5b0                GX_TextureCopy
 .text.gxCmdQueueDoCommands.part.0
                0x000000000010b624       0x68 C:/devkitPro/libctru/lib\libctru.a(gxqueue.o)
 .text.gxCmdQueueInterrupt
                0x000000000010b68c       0xc8 C:/devkitPro/libctru/lib\libctru.a(gxqueue.o)
                0x000000000010b68c                gxCmdQueueInterrupt
 .text.gxCmdQueueClear
                0x000000000010b754       0x4c C:/devkitPro/libctru/lib\libctru.a(gxqueue.o)
                0x000000000010b754                gxCmdQueueClear
 .text.gxCmdQueueAdd
                0x000000000010b7a0       0xf8 C:/devkitPro/libctru/lib\libctru.a(gxqueue.o)
                0x000000000010b7a0                gxCmdQueueAdd
 .text.gxCmdQueueRun
                0x000000000010b898       0x80 C:/devkitPro/libctru/lib\libctru.a(gxqueue.o)
                0x000000000010b898                gxCmdQueueRun
 .text.gxCmdQueueStop
                0x000000000010b918       0x60 C:/devkitPro/libctru/lib\libctru.a(gxqueue.o)
                0x000000000010b918                gxCmdQueueStop
 .text.gxCmdQueueWait
                0x000000000010b978       0x74 C:/devkitPro/libctru/lib\libctru.a(gxqueue.o)
                0x000000000010b978                gxCmdQueueWait
 .text.GPUCMD_Add
                0x000000000010b9ec      0x13c C:/devkitPro/libctru/lib\libctru.a(gpu.o)
                0x000000000010b9ec                GPUCMD_Add
 .text.GPUCMD_Split
                0x000000000010bb28       0xb0 C:/devkitPro/libctru/lib\libctru.a(gpu.o)
                0x000000000010bb28                GPUCMD_Split
 .text.f32tof16
                0x000000000010bbd8       0x34 C:/devkitPro/libctru/lib\libctru.a(gpu.o)
                0x000000000010bbd8                f32tof16
 .text.f32tof24
                0x000000000010bc0c       0x34 C:/devkitPro/libctru/lib\libctru.a(gpu.o)
                0x000000000010bc0c                f32tof24
 .text.f32tof31
                0x000000000010bc40       0x38 C:/devkitPro/libctru/lib\libctru.a(gpu.o)
                0x000000000010bc40                f32tof31
 .text.ndspUpdateMaster
                0x000000000010bc78      0x158 C:/devkitPro/libctru/lib\libctru.a(ndsp.o)
 .text.ndspFinalize
                0x000000000010bdd0      0x110 C:/devkitPro/libctru/lib\libctru.a(ndsp.o)
 .text.ndspInitialize.part.0
                0x000000000010bee0      0x250 C:/devkitPro/libctru/lib\libctru.a(ndsp.o)
 .text.ndspHookCallback
                0x000000000010c130       0xfc C:/devkitPro/libctru/lib\libctru.a(ndsp.o)
 *fill*         0x000000000010c22c        0x4 
 .text.ndspThreadMain
                0x000000000010c230      0x310 C:/devkitPro/libctru/lib\libctru.a(ndsp.o)
 .text.ndspInit
                0x000000000010c540      0x3c8 C:/devkitPro/libctru/lib\libctru.a(ndsp.o)
                0x000000000010c540                ndspInit
 .text.ndspExit
                0x000000000010c908       0xcc C:/devkitPro/libctru/lib\libctru.a(ndsp.o)
                0x000000000010c908                ndspExit
 .text.ndspSetOutputMode
                0x000000000010c9d4       0x34 C:/devkitPro/libctru/lib\libctru.a(ndsp.o)
                0x000000000010c9d4                ndspSetOutputMode
 .text.ndspChnReset
                0x000000000010ca08       0xe4 C:/devkitPro/libctru/lib\libctru.a(ndsp-channel.o)
                0x000000000010ca08                ndspChnReset
 .text.ndspChnSetFormat
                0x000000000010caec       0x18 C:/devkitPro/libctru/lib\libctru.a(ndsp-channel.o)
                0x000000000010caec                ndspChnSetFormat
 .text.ndspChnSetInterp
                0x000000000010cb04       0x48 C:/devkitPro/libctru/lib\libctru.a(ndsp-channel.o)
                0x000000000010cb04                ndspChnSetInterp
 .text.ndspChnSetRate
                0x000000000010cb4c       0x5c C:/devkitPro/libctru/lib\libctru.a(ndsp-channel.o)
                0x000000000010cb4c                ndspChnSetRate
 .text.ndspChnWaveBufAdd
                0x000000000010cba8       0xbc C:/devkitPro/libctru/lib\libctru.a(ndsp-channel.o)
                0x000000000010cba8                ndspChnWaveBufAdd
 .text.ndspiInitChn
                0x000000000010cc64       0x40 C:/devkitPro/libctru/lib\libctru.a(ndsp-channel.o)
                0x000000000010cc64                ndspiInitChn
 .text.ndspiDirtyChn
                0x000000000010cca4       0x2c C:/devkitPro/libctru/lib\libctru.a(ndsp-channel.o)
                0x000000000010cca4                ndspiDirtyChn
 .text.ndspiUpdateChn
                0x000000000010ccd0      0x444 C:/devkitPro/libctru/lib\libctru.a(ndsp-channel.o)
                0x000000000010ccd0                ndspiUpdateChn
 .text.ndspiReadChnState
                0x000000000010d114      0x184 C:/devkitPro/libctru/lib\libctru.a(ndsp-channel.o)
                0x000000000010d114                ndspiReadChnState
 .text.cfguInit
                0x000000000010d298       0xa4 C:/devkitPro/libctru/lib\libctru.a(cfgu.o)
                0x000000000010d298                cfguInit
 .text.cfguExit
                0x000000000010d33c       0x3c C:/devkitPro/libctru/lib\libctru.a(cfgu.o)
                0x000000000010d33c                cfguExit
 .text.CFGU_GetConfigInfoBlk2
                0x000000000010d378       0x4c C:/devkitPro/libctru/lib\libctru.a(cfgu.o)
                0x000000000010d378                CFGU_GetConfigInfoBlk2
 .text.DSP_LoadComponent.part.0
                0x000000000010d3c4       0xa4 C:/devkitPro/libctru/lib\libctru.a(dsp.o)
 .text.dspInit  0x000000000010d468       0xdc C:/devkitPro/libctru/lib\libctru.a(dsp.o)
                0x000000000010d468                dspInit
 .text.dspExit  0x000000000010d544       0x80 C:/devkitPro/libctru/lib\libctru.a(dsp.o)
                0x000000000010d544                dspExit
 .text.dspHook  0x000000000010d5c4       0x24 C:/devkitPro/libctru/lib\libctru.a(dsp.o)
                0x000000000010d5c4                dspHook
 .text.dspUnhook
                0x000000000010d5e8       0x30 C:/devkitPro/libctru/lib\libctru.a(dsp.o)
                0x000000000010d5e8                dspUnhook
 .text.aptDspSleep
                0x000000000010d618       0xb0 C:/devkitPro/libctru/lib\libctru.a(dsp.o)
                0x000000000010d618                aptDspSleep
 .text.aptDspWakeup
                0x000000000010d6c8       0xb8 C:/devkitPro/libctru/lib\libctru.a(dsp.o)
                0x000000000010d6c8                aptDspWakeup
 .text.aptDspCancel
                0x000000000010d780       0x44 C:/devkitPro/libctru/lib\libctru.a(dsp.o)
                0x000000000010d780                aptDspCancel
 .text.DSP_FlushDataCache
                0x000000000010d7c4       0x50 C:/devkitPro/libctru/lib\libctru.a(dsp.o)
                0x000000000010d7c4                DSP_FlushDataCache
 .text.DSP_SetSemaphore
                0x000000000010d814       0x34 C:/devkitPro/libctru/lib\libctru.a(dsp.o)
                0x000000000010d814                DSP_SetSemaphore
 .text.DSP_SetSemaphoreMask
                0x000000000010d848       0x34 C:/devkitPro/libctru/lib\libctru.a(dsp.o)
                0x000000000010d848                DSP_SetSemaphoreMask
 .text.DSP_GetSemaphoreHandle
                0x000000000010d87c       0x38 C:/devkitPro/libctru/lib\libctru.a(dsp.o)
                0x000000000010d87c                DSP_GetSemaphoreHandle
 .text.DSP_LoadComponent
                0x000000000010d8b4       0x3c C:/devkitPro/libctru/lib\libctru.a(dsp.o)
                0x000000000010d8b4                DSP_LoadComponent
 .text.DSP_RegisterInterruptEvents
                0x000000000010d8f0       0x44 C:/devkitPro/libctru/lib\libctru.a(dsp.o)
                0x000000000010d8f0                DSP_RegisterInterruptEvents
 .text.DSP_ReadPipeIfPossible
                0x000000000010d934       0x74 C:/devkitPro/libctru/lib\libctru.a(dsp.o)
                0x000000000010d934                DSP_ReadPipeIfPossible
 .text.DSP_WriteProcessPipe
                0x000000000010d9a8       0x4c C:/devkitPro/libctru/lib\libctru.a(dsp.o)
                0x000000000010d9a8                DSP_WriteProcessPipe
 .text.DSP_ConvertProcessAddressFromDspDram
                0x000000000010d9f4       0x40 C:/devkitPro/libctru/lib\libctru.a(dsp.o)
                0x000000000010d9f4                DSP_ConvertProcessAddressFromDspDram
 .text.DSP_RecvData
                0x000000000010da34       0x40 C:/devkitPro/libctru/lib\libctru.a(dsp.o)
                0x000000000010da34                DSP_RecvData
 .text.DSP_RecvDataIsReady
                0x000000000010da74       0x4c C:/devkitPro/libctru/lib\libctru.a(dsp.o)
                0x000000000010da74                DSP_RecvDataIsReady
 .text.gspHardwareInit
                0x000000000010dac0      0xc58 C:/devkitPro/libctru/lib\libctru.a(gspgpu.o)
 .text.gspInit  0x000000000010e718      0x248 C:/devkitPro/libctru/lib\libctru.a(gspgpu.o)
                0x000000000010e718                gspInit
 .text.gspExit  0x000000000010e960       0xf0 C:/devkitPro/libctru/lib\libctru.a(gspgpu.o)
                0x000000000010e960                gspExit
 .text.gspHasGpuRight
                0x000000000010ea50       0x10 C:/devkitPro/libctru/lib\libctru.a(gspgpu.o)
                0x000000000010ea50                gspHasGpuRight
 .text.gspPresentBuffer
                0x000000000010ea60       0xa0 C:/devkitPro/libctru/lib\libctru.a(gspgpu.o)
                0x000000000010ea60                gspPresentBuffer
 .text.gspSetEventCallback
                0x000000000010eb00       0x30 C:/devkitPro/libctru/lib\libctru.a(gspgpu.o)
                0x000000000010eb00                gspSetEventCallback
 .text.gspWaitForEvent
                0x000000000010eb30       0x44 C:/devkitPro/libctru/lib\libctru.a(gspgpu.o)
                0x000000000010eb30                gspWaitForEvent
 .text.gspWaitForAnyEvent
                0x000000000010eb74       0x4c C:/devkitPro/libctru/lib\libctru.a(gspgpu.o)
                0x000000000010eb74                gspWaitForAnyEvent
 .text.gspEventThreadMain
                0x000000000010ebc0      0x158 C:/devkitPro/libctru/lib\libctru.a(gspgpu.o)
 .text.gspSubmitGxCommand
                0x000000000010ed18      0x130 C:/devkitPro/libctru/lib\libctru.a(gspgpu.o)
                0x000000000010ed18                gspSubmitGxCommand
 .text.GSPGPU_FlushDataCache
                0x000000000010ee48       0x50 C:/devkitPro/libctru/lib\libctru.a(gspgpu.o)
                0x000000000010ee48                GSPGPU_FlushDataCache
 .text.GSPGPU_SetLcdForceBlack
                0x000000000010ee98       0x34 C:/devkitPro/libctru/lib\libctru.a(gspgpu.o)
                0x000000000010ee98                GSPGPU_SetLcdForceBlack
 .text.GSPGPU_AcquireRight
                0x000000000010eecc       0x68 C:/devkitPro/libctru/lib\libctru.a(gspgpu.o)
                0x000000000010eecc                GSPGPU_AcquireRight
 .text.GSPGPU_ReleaseRight
                0x000000000010ef34       0x48 C:/devkitPro/libctru/lib\libctru.a(gspgpu.o)
                0x000000000010ef34                GSPGPU_ReleaseRight
 .text.GSPGPU_ImportDisplayCaptureInfo
                0x000000000010ef7c       0x7c C:/devkitPro/libctru/lib\libctru.a(gspgpu.o)
                0x000000000010ef7c                GSPGPU_ImportDisplayCaptureInfo
 .text.GSPGPU_SaveVramSysArea
                0x000000000010eff8       0x2c C:/devkitPro/libctru/lib\libctru.a(gspgpu.o)
                0x000000000010eff8                GSPGPU_SaveVramSysArea
 .text.GSPGPU_RestoreVramSysArea
                0x000000000010f024       0x2c C:/devkitPro/libctru/lib\libctru.a(gspgpu.o)
                0x000000000010f024                GSPGPU_RestoreVramSysArea
 .text.aptConvertScreenForCapture
                0x000000000010f050      0x1a4 C:/devkitPro/libctru/lib\libctru.a(apt.o)
 .text.aptSendCommand
                0x000000000010f1f4      0x158 C:/devkitPro/libctru/lib\libctru.a(apt.o)
                0x000000000010f1f4                aptSendCommand
 *fill*         0x000000000010f34c        0x4 
 .text.aptExitProcess
                0x000000000010f350       0x44 C:/devkitPro/libctru/lib\libctru.a(apt.o)
 .text.aptExit  0x000000000010f394      0x2f4 C:/devkitPro/libctru/lib\libctru.a(apt.o)
                0x000000000010f394                aptExit
 .text.aptHandleSleep
                0x000000000010f688       0xe0 C:/devkitPro/libctru/lib\libctru.a(apt.o)
                0x000000000010f688                aptHandleSleep
 .text.aptHook  0x000000000010f768       0x30 C:/devkitPro/libctru/lib\libctru.a(apt.o)
                0x000000000010f768                aptHook
 .text.aptUnhook
                0x000000000010f798       0x30 C:/devkitPro/libctru/lib\libctru.a(apt.o)
                0x000000000010f798                aptUnhook
 .text.APT_SleepIfShellClosed
                0x000000000010f7c8       0x84 C:/devkitPro/libctru/lib\libctru.a(apt.o)
                0x000000000010f7c8                APT_SleepIfShellClosed
 .text.aptSetSleepAllowed
                0x000000000010f84c       0x84 C:/devkitPro/libctru/lib\libctru.a(apt.o)
                0x000000000010f84c                aptSetSleepAllowed
 .text.APT_UnlockTransition
                0x000000000010f8d0       0x84 C:/devkitPro/libctru/lib\libctru.a(apt.o)
                0x000000000010f8d0                APT_UnlockTransition
 *fill*         0x000000000010f954        0x4 
 .text.aptEventHandler
                0x000000000010f958      0x4a4 C:/devkitPro/libctru/lib\libctru.a(apt.o)
 .text.APT_ReceiveParameter
                0x000000000010fdfc       0xb0 C:/devkitPro/libctru/lib\libctru.a(apt.o)
                0x000000000010fdfc                APT_ReceiveParameter
 .text.aptReceiveParameter.constprop.0
                0x000000000010feac       0xb0 C:/devkitPro/libctru/lib\libctru.a(apt.o)
 *fill*         0x000000000010ff5c        0x4 
 .text.aptScreenTransfer
                0x000000000010ff60      0x2ac C:/devkitPro/libctru/lib\libctru.a(apt.o)
 .text.aptWaitForWakeUp.isra.0
                0x000000000011020c      0x344 C:/devkitPro/libctru/lib\libctru.a(apt.o)
 .text.aptJumpToHomeMenu
                0x0000000000110550      0x100 C:/devkitPro/libctru/lib\libctru.a(apt.o)
                0x0000000000110550                aptJumpToHomeMenu
 .text.aptMainLoop
                0x0000000000110650       0x48 C:/devkitPro/libctru/lib\libctru.a(apt.o)
                0x0000000000110650                aptMainLoop
 .text.aptInit  0x0000000000110698      0x22c C:/devkitPro/libctru/lib\libctru.a(apt.o)
                0x0000000000110698                aptInit
 .text.APT_CheckNew3DS
                0x00000000001108c4       0x7c C:/devkitPro/libctru/lib\libctru.a(apt.o)
                0x00000000001108c4                APT_CheckNew3DS
 .text.hidShouldUseIrrst
                0x0000000000110940       0x24 C:/devkitPro/libctru/lib\libctru.a(hid.o)
                0x0000000000110940                hidShouldUseIrrst
 .text.hidInit  0x0000000000110964      0x18c C:/devkitPro/libctru/lib\libctru.a(hid.o)
                0x0000000000110964                hidInit
 .text.hidExit  0x0000000000110af0       0xe8 C:/devkitPro/libctru/lib\libctru.a(hid.o)
                0x0000000000110af0                hidExit
 .text.hidScanInput
                0x0000000000110bd8      0x2a4 C:/devkitPro/libctru/lib\libctru.a(hid.o)
                0x0000000000110bd8                hidScanInput
 .text.hidKeysHeld
                0x0000000000110e7c       0x10 C:/devkitPro/libctru/lib\libctru.a(hid.o)
                0x0000000000110e7c                hidKeysHeld
 .text.hidKeysDown
                0x0000000000110e8c       0x10 C:/devkitPro/libctru/lib\libctru.a(hid.o)
                0x0000000000110e8c                hidKeysDown
 .text.ptmSysmInit
                0x0000000000110e9c       0x74 C:/devkitPro/libctru/lib\libctru.a(ptmsysm.o)
                0x0000000000110e9c                ptmSysmInit
 .text.ptmSysmExit
                0x0000000000110f10       0x3c C:/devkitPro/libctru/lib\libctru.a(ptmsysm.o)
                0x0000000000110f10                ptmSysmExit
 .text.PTMSYSM_ConfigureNew3DSCPU
                0x0000000000110f4c       0x34 C:/devkitPro/libctru/lib\libctru.a(ptmsysm.o)
                0x0000000000110f4c                PTMSYSM_ConfigureNew3DSCPU
 .text.fsInit   0x0000000000110f80       0xcc C:/devkitPro/libctru/lib\libctru.a(fs.o)
                0x0000000000110f80                fsInit
 .text.fsExit   0x000000000011104c       0x3c C:/devkitPro/libctru/lib\libctru.a(fs.o)
                0x000000000011104c                fsExit
 .text.fsExemptFromSession
                0x0000000000111088       0x60 C:/devkitPro/libctru/lib\libctru.a(fs.o)
                0x0000000000111088                fsExemptFromSession
 .text.fsUnexemptFromSession
                0x00000000001110e8       0x50 C:/devkitPro/libctru/lib\libctru.a(fs.o)
                0x00000000001110e8                fsUnexemptFromSession
 .text.FSUSER_OpenFile
                0x0000000000111138       0xcc C:/devkitPro/libctru/lib\libctru.a(fs.o)
                0x0000000000111138                FSUSER_OpenFile
 .text.FSUSER_OpenFileDirectly
                0x0000000000111204       0xd4 C:/devkitPro/libctru/lib\libctru.a(fs.o)
                0x0000000000111204                FSUSER_OpenFileDirectly
 .text.FSUSER_DeleteFile
                0x00000000001112d8       0xbc C:/devkitPro/libctru/lib\libctru.a(fs.o)
                0x00000000001112d8                FSUSER_DeleteFile
 .text.FSUSER_RenameFile
                0x0000000000111394       0xf8 C:/devkitPro/libctru/lib\libctru.a(fs.o)
                0x0000000000111394                FSUSER_RenameFile
 .text.FSUSER_DeleteDirectory
                0x000000000011148c       0xbc C:/devkitPro/libctru/lib\libctru.a(fs.o)
                0x000000000011148c                FSUSER_DeleteDirectory
 .text.FSUSER_CreateFile
                0x0000000000111548       0xd4 C:/devkitPro/libctru/lib\libctru.a(fs.o)
                0x0000000000111548                FSUSER_CreateFile
 .text.FSUSER_CreateDirectory
                0x000000000011161c       0xc4 C:/devkitPro/libctru/lib\libctru.a(fs.o)
                0x000000000011161c                FSUSER_CreateDirectory
 .text.FSUSER_RenameDirectory
                0x00000000001116e0       0xf8 C:/devkitPro/libctru/lib\libctru.a(fs.o)
                0x00000000001116e0                FSUSER_RenameDirectory
 .text.FSUSER_OpenDirectory
                0x00000000001117d8       0xb4 C:/devkitPro/libctru/lib\libctru.a(fs.o)
                0x00000000001117d8                FSUSER_OpenDirectory
 .text.FSUSER_OpenArchive
                0x000000000011188c       0x98 C:/devkitPro/libctru/lib\libctru.a(fs.o)
                0x000000000011188c                FSUSER_OpenArchive
 .text.FSUSER_CloseArchive
                0x0000000000111924       0x8c C:/devkitPro/libctru/lib\libctru.a(fs.o)
                0x0000000000111924                FSUSER_CloseArchive
 .text.FSUSER_GetSdmcArchiveResource
                0x00000000001119b0       0x74 C:/devkitPro/libctru/lib\libctru.a(fs.o)
                0x00000000001119b0                FSUSER_GetSdmcArchiveResource
 .text.FSUSER_IsSdmcWritable
                0x0000000000111a24       0x64 C:/devkitPro/libctru/lib\libctru.a(fs.o)
                0x0000000000111a24                FSUSER_IsSdmcWritable
 .text.FSFILE_Read
                0x0000000000111a88       0x58 C:/devkitPro/libctru/lib\libctru.a(fs.o)
                0x0000000000111a88                FSFILE_Read
 .text.FSFILE_Write
                0x0000000000111ae0       0x60 C:/devkitPro/libctru/lib\libctru.a(fs.o)
                0x0000000000111ae0                FSFILE_Write
 .text.FSFILE_GetSize
                0x0000000000111b40       0x3c C:/devkitPro/libctru/lib\libctru.a(fs.o)
                0x0000000000111b40                FSFILE_GetSize
 .text.FSFILE_SetSize
                0x0000000000111b7c       0x28 C:/devkitPro/libctru/lib\libctru.a(fs.o)
                0x0000000000111b7c                FSFILE_SetSize
 .text.FSFILE_Close
                0x0000000000111ba4       0x3c C:/devkitPro/libctru/lib\libctru.a(fs.o)
                0x0000000000111ba4                FSFILE_Close
 .text.FSFILE_Flush
                0x0000000000111be0       0x24 C:/devkitPro/libctru/lib\libctru.a(fs.o)
                0x0000000000111be0                FSFILE_Flush
 .text.FSDIR_Read
                0x0000000000111c04       0x50 C:/devkitPro/libctru/lib\libctru.a(fs.o)
                0x0000000000111c04                FSDIR_Read
 .text.FSDIR_Close
                0x0000000000111c54       0x3c C:/devkitPro/libctru/lib\libctru.a(fs.o)
                0x0000000000111c54                FSDIR_Close
 .text.buffer_read
                0x0000000000111c90       0xc4 C:/devkitPro/libctru/lib\libctru.a(decompress.o)
 .text.iov_read
                0x0000000000111d54       0xd0 C:/devkitPro/libctru/lib\libctru.a(decompress.o)
 .text.iov_memmove
                0x0000000000111e24      0x138 C:/devkitPro/libctru/lib\libctru.a(decompress.o)
 .text.decompress_rle
                0x0000000000111f5c      0x1dc C:/devkitPro/libctru/lib\libctru.a(decompress.o)
 .text.decompress_lzss
                0x0000000000112138      0x244 C:/devkitPro/libctru/lib\libctru.a(decompress.o)
 .text.decompress_lz11
                0x000000000011237c      0x424 C:/devkitPro/libctru/lib\libctru.a(decompress.o)
 .text.decompress_huff
                0x00000000001127a0      0x2d8 C:/devkitPro/libctru/lib\libctru.a(decompress.o)
 .text.decompressCallback_Stdio
                0x0000000000112a78       0x10 C:/devkitPro/libctru/lib\libctru.a(decompress.o)
                0x0000000000112a78                decompressCallback_Stdio
 .text.decompressHeader
                0x0000000000112a88       0xdc C:/devkitPro/libctru/lib\libctru.a(decompress.o)
                0x0000000000112a88                decompressHeader
 .text.decompressV
                0x0000000000112b64      0x240 C:/devkitPro/libctru/lib\libctru.a(decompress.o)
                0x0000000000112b64                decompressV
 .text.rbtree_init
                0x0000000000112da4       0x10 C:/devkitPro/libctru/lib\libctru.a(rbtree_init.o)
                0x0000000000112da4                rbtree_init
 .text.do_insert
                0x0000000000112db4      0x1b4 C:/devkitPro/libctru/lib\libctru.a(rbtree_insert.o)
 .text.rbtree_insert
                0x0000000000112f68        0x8 C:/devkitPro/libctru/lib\libctru.a(rbtree_insert.o)
                0x0000000000112f68                rbtree_insert
 .text.rbtree_rotate
                0x0000000000112f70       0x90 C:/devkitPro/libctru/lib\libctru.a(rbtree_rotate.o)
                0x0000000000112f70                rbtree_rotate
 .text.rbtree_remove
                0x0000000000113000      0x318 C:/devkitPro/libctru/lib\libctru.a(rbtree_remove.o)
                0x0000000000113000                rbtree_remove
 .text.rbtree_find
                0x0000000000113318       0x74 C:/devkitPro/libctru/lib\libctru.a(rbtree_find.o)
                0x0000000000113318                rbtree_find
 .text.utf16_to_utf8
                0x000000000011338c       0xe8 C:/devkitPro/libctru/lib\libctru.a(utf16_to_utf8.o)
                0x000000000011338c                utf16_to_utf8
 .text.decode_utf16
                0x0000000000113474       0x64 C:/devkitPro/libctru/lib\libctru.a(decode_utf16.o)
                0x0000000000113474                decode_utf16
 .text.utf8_to_utf16
                0x00000000001134d8       0xc0 C:/devkitPro/libctru/lib\libctru.a(utf8_to_utf16.o)
                0x00000000001134d8                utf8_to_utf16
 .text.__system_allocateHeaps
                0x0000000000113598      0x1e0 C:/devkitPro/libctru/lib\libctru.a(allocateHeaps.o)
                0x0000000000113598                __system_allocateHeaps
 .text.__libctru_init
                0x0000000000113778       0x38 C:/devkitPro/libctru/lib\libctru.a(ctru_init.o)
                0x0000000000113778                __libctru_init
 .text.__system_initArgv
                0x00000000001137b0      0x170 C:/devkitPro/libctru/lib\libctru.a(initArgv.o)
                0x00000000001137b0                __system_initArgv
 .text.svcControlMemory
                0x0000000000113920       0x20 C:/devkitPro/libctru/lib\libctru.a(svc.o)
                0x0000000000113920                svcControlMemory
 .text.svcQueryMemory
                0x0000000000113940       0x30 C:/devkitPro/libctru/lib\libctru.a(svc.o)
                0x0000000000113940                svcQueryMemory
 .text.svcExitProcess
                0x0000000000113970        0x8 C:/devkitPro/libctru/lib\libctru.a(svc.o)
                0x0000000000113970                svcExitProcess
 .text.svcCreateThread
                0x0000000000113978       0x20 C:/devkitPro/libctru/lib\libctru.a(svc.o)
                0x0000000000113978                svcCreateThread
 .text.svcExitThread
                0x0000000000113998        0x8 C:/devkitPro/libctru/lib\libctru.a(svc.o)
                0x0000000000113998                svcExitThread
 .text.svcSleepThread
                0x00000000001139a0        0x8 C:/devkitPro/libctru/lib\libctru.a(svc.o)
                0x00000000001139a0                svcSleepThread
 .text.svcReleaseMutex
                0x00000000001139a8        0x8 C:/devkitPro/libctru/lib\libctru.a(svc.o)
                0x00000000001139a8                svcReleaseMutex
 .text.svcCreateEvent
                0x00000000001139b0       0x14 C:/devkitPro/libctru/lib\libctru.a(svc.o)
                0x00000000001139b0                svcCreateEvent
 .text.svcSignalEvent
                0x00000000001139c4        0x8 C:/devkitPro/libctru/lib\libctru.a(svc.o)
                0x00000000001139c4                svcSignalEvent
 .text.svcClearEvent
                0x00000000001139cc        0x8 C:/devkitPro/libctru/lib\libctru.a(svc.o)
                0x00000000001139cc                svcClearEvent
 .text.svcMapMemoryBlock
                0x00000000001139d4        0x8 C:/devkitPro/libctru/lib\libctru.a(svc.o)
                0x00000000001139d4                svcMapMemoryBlock
 .text.svcUnmapMemoryBlock
                0x00000000001139dc        0x8 C:/devkitPro/libctru/lib\libctru.a(svc.o)
                0x00000000001139dc                svcUnmapMemoryBlock
 .text.svcCreateAddressArbiter
                0x00000000001139e4       0x14 C:/devkitPro/libctru/lib\libctru.a(svc.o)
                0x00000000001139e4                svcCreateAddressArbiter
 .text.svcArbitrateAddressNoTimeout
                0x00000000001139f8        0x8 C:/devkitPro/libctru/lib\libctru.a(svc.o)
                0x00000000001139f8                svcArbitrateAddressNoTimeout
 .text.svcCloseHandle
                0x0000000000113a00        0x8 C:/devkitPro/libctru/lib\libctru.a(svc.o)
                0x0000000000113a00                svcCloseHandle
 .text.svcWaitSynchronization
                0x0000000000113a08        0x8 C:/devkitPro/libctru/lib\libctru.a(svc.o)
                0x0000000000113a08                svcWaitSynchronization
 .text.svcWaitSynchronizationN
                0x0000000000113a10       0x28 C:/devkitPro/libctru/lib\libctru.a(svc.o)
                0x0000000000113a10                svcWaitSynchronizationN
 .text.svcDuplicateHandle
                0x0000000000113a38       0x14 C:/devkitPro/libctru/lib\libctru.a(svc.o)
                0x0000000000113a38                svcDuplicateHandle
 .text.svcGetSystemTick
                0x0000000000113a4c        0x8 C:/devkitPro/libctru/lib\libctru.a(svc.o)
                0x0000000000113a4c                svcGetSystemTick
 .text.svcConnectToPort
                0x0000000000113a54       0x14 C:/devkitPro/libctru/lib\libctru.a(svc.o)
                0x0000000000113a54                svcConnectToPort
 .text.svcSendSyncRequest
                0x0000000000113a68        0x8 C:/devkitPro/libctru/lib\libctru.a(svc.o)
                0x0000000000113a68                svcSendSyncRequest
 .text.svcGetResourceLimit
                0x0000000000113a70       0x14 C:/devkitPro/libctru/lib\libctru.a(svc.o)
                0x0000000000113a70                svcGetResourceLimit
 .text.svcGetResourceLimitLimitValues
                0x0000000000113a84        0x8 C:/devkitPro/libctru/lib\libctru.a(svc.o)
                0x0000000000113a84                svcGetResourceLimitLimitValues
 .text.svcGetResourceLimitCurrentValues
                0x0000000000113a8c        0x8 C:/devkitPro/libctru/lib\libctru.a(svc.o)
                0x0000000000113a8c                svcGetResourceLimitCurrentValues
 .text.svcBreak
                0x0000000000113a94        0x8 C:/devkitPro/libctru/lib\libctru.a(svc.o)
                0x0000000000113a94                svcBreak
 .text.initSystem
                0x0000000000113a9c       0x50 C:/devkitPro/libctru/lib\libctru.a(stack_adjust.o)
                0x0000000000113a9c                initSystem
 .text.__ctru_exit
                0x0000000000113aec       0x18 C:/devkitPro/libctru/lib\libctru.a(stack_adjust.o)
                0x0000000000113aec                __ctru_exit
 .text.__aeabi_read_tp
                0x0000000000113b04        0xc C:/devkitPro/libctru/lib\libctru.a(readtp.o)
                0x0000000000113b04                __aeabi_read_tp
 .text.__sync_init
                0x0000000000113b10        0xc C:/devkitPro/libctru/lib\libctru.a(synchronization.o)
                0x0000000000113b10                __sync_init
 .text.__sync_fini
                0x0000000000113b1c       0x18 C:/devkitPro/libctru/lib\libctru.a(synchronization.o)
                0x0000000000113b1c                __sync_fini
 .text.syncArbitrateAddress
                0x0000000000113b34       0x2c C:/devkitPro/libctru/lib\libctru.a(synchronization.o)
                0x0000000000113b34                syncArbitrateAddress
 .text.LightLock_Init
                0x0000000000113b60       0x1c C:/devkitPro/libctru/lib\libctru.a(synchronization.o)
                0x0000000000113b60                LightLock_Init
 .text.LightLock_Lock
                0x0000000000113b7c       0xb0 C:/devkitPro/libctru/lib\libctru.a(synchronization.o)
                0x0000000000113b7c                LightLock_Lock
 .text.LightLock_Unlock
                0x0000000000113c2c       0x40 C:/devkitPro/libctru/lib\libctru.a(synchronization.o)
                0x0000000000113c2c                LightLock_Unlock
 .text.RecursiveLock_Init
                0x0000000000113c6c       0x24 C:/devkitPro/libctru/lib\libctru.a(synchronization.o)
                0x0000000000113c6c                RecursiveLock_Init
 .text.RecursiveLock_Lock
                0x0000000000113c90       0x30 C:/devkitPro/libctru/lib\libctru.a(synchronization.o)
                0x0000000000113c90                RecursiveLock_Lock
 .text.RecursiveLock_Unlock
                0x0000000000113cc0       0x54 C:/devkitPro/libctru/lib\libctru.a(synchronization.o)
                0x0000000000113cc0                RecursiveLock_Unlock
 .text.LightEvent_Init
                0x0000000000113d14       0x40 C:/devkitPro/libctru/lib\libctru.a(synchronization.o)
                0x0000000000113d14                LightEvent_Init
 .text.LightEvent_Clear
                0x0000000000113d54       0xa4 C:/devkitPro/libctru/lib\libctru.a(synchronization.o)
                0x0000000000113d54                LightEvent_Clear
 .text.LightEvent_Signal
                0x0000000000113df8       0xc8 C:/devkitPro/libctru/lib\libctru.a(synchronization.o)
                0x0000000000113df8                LightEvent_Signal
 .text.LightEvent_TryWait
                0x0000000000113ec0       0x50 C:/devkitPro/libctru/lib\libctru.a(synchronization.o)
                0x0000000000113ec0                LightEvent_TryWait
 .text.LightEvent_Wait
                0x0000000000113f10       0xb0 C:/devkitPro/libctru/lib\libctru.a(synchronization.o)
                0x0000000000113f10                LightEvent_Wait
 .text.envGetHandle
                0x0000000000113fc0       0x84 C:/devkitPro/libctru/lib\libctru.a(env.o)
                0x0000000000113fc0                envGetHandle
 .text.envDestroyHandles
                0x0000000000114044       0x50 C:/devkitPro/libctru/lib\libctru.a(env.o)
                0x0000000000114044                envDestroyHandles
 .text.srvInit  0x0000000000114094      0x130 C:/devkitPro/libctru/lib\libctru.a(srv.o)
                0x0000000000114094                srvInit
 .text.srvExit  0x00000000001141c4       0x58 C:/devkitPro/libctru/lib\libctru.a(srv.o)
                0x00000000001141c4                srvExit
 .text.srvGetServiceHandleDirect
                0x000000000011421c       0xa0 C:/devkitPro/libctru/lib\libctru.a(srv.o)
                0x000000000011421c                srvGetServiceHandleDirect
 .text.srvGetServiceHandle
                0x00000000001142bc       0x38 C:/devkitPro/libctru/lib\libctru.a(srv.o)
                0x00000000001142bc                srvGetServiceHandle
 .text.srvPublishToSubscriber
                0x00000000001142f4       0x38 C:/devkitPro/libctru/lib\libctru.a(srv.o)
                0x00000000001142f4                srvPublishToSubscriber
 .text.threadCreate
                0x000000000011432c      0x178 C:/devkitPro/libctru/lib\libctru.a(thread.o)
                0x000000000011432c                threadCreate
 .text.threadFree
                0x00000000001144a4       0x2c C:/devkitPro/libctru/lib\libctru.a(thread.o)
                0x00000000001144a4                threadFree
 .text.threadJoin
                0x00000000001144d0       0x24 C:/devkitPro/libctru/lib\libctru.a(thread.o)
                0x00000000001144d0                threadJoin
 .text.threadGetCurrent
                0x00000000001144f4       0x30 C:/devkitPro/libctru/lib\libctru.a(thread.o)
                0x00000000001144f4                threadGetCurrent
 .text.threadExit
                0x0000000000114524       0x40 C:/devkitPro/libctru/lib\libctru.a(thread.o)
                0x0000000000114524                threadExit
 .text._thread_begin
                0x0000000000114564       0x20 C:/devkitPro/libctru/lib\libctru.a(thread.o)
 .text.mappableFindAddressWithin
                0x0000000000114584       0xb4 C:/devkitPro/libctru/lib\libctru.a(mappable.o)
 .text.mappableInit
                0x0000000000114638       0x28 C:/devkitPro/libctru/lib\libctru.a(mappable.o)
                0x0000000000114638                mappableInit
 .text.mappableAlloc
                0x0000000000114660       0x80 C:/devkitPro/libctru/lib\libctru.a(mappable.o)
                0x0000000000114660                mappableAlloc
 .text.mappableFree
                0x00000000001146e0        0x4 C:/devkitPro/libctru/lib\libctru.a(mappable.o)
                0x00000000001146e0                mappableFree
 .text.irrstInit
                0x00000000001146e4      0x164 C:/devkitPro/libctru/lib\libctru.a(irrst.o)
                0x00000000001146e4                irrstInit
 .text.irrstExit
                0x0000000000114848       0xcc C:/devkitPro/libctru/lib\libctru.a(irrst.o)
                0x0000000000114848                irrstExit
 .text.irrstScanInput
                0x0000000000114914       0xb4 C:/devkitPro/libctru/lib\libctru.a(irrst.o)
                0x0000000000114914                irrstScanInput
 .text.irrstKeysHeld
                0x00000000001149c8       0x24 C:/devkitPro/libctru/lib\libctru.a(irrst.o)
                0x00000000001149c8                irrstKeysHeld
 .text.srvPmGetSessionHandle
                0x00000000001149ec        0xc C:/devkitPro/libctru/lib\libctru.a(srvpm.o)
                0x00000000001149ec                srvPmGetSessionHandle
 .text.rbtree_node_next
                0x00000000001149f8       0x5c C:/devkitPro/libctru/lib\libctru.a(rbtree_iterator.o)
                0x00000000001149f8                rbtree_node_next
 .text.encode_utf16
                0x0000000000114a54       0x54 C:/devkitPro/libctru/lib\libctru.a(encode_utf16.o)
                0x0000000000114a54                encode_utf16
 .text.encode_utf8
                0x0000000000114aa8       0xe0 C:/devkitPro/libctru/lib\libctru.a(encode_utf8.o)
                0x0000000000114aa8                encode_utf8
 .text.decode_utf8
                0x0000000000114b88      0x13c C:/devkitPro/libctru/lib\libctru.a(decode_utf8.o)
                0x0000000000114b88                decode_utf8
 .text.__appInit
                0x0000000000114cc4       0x30 C:/devkitPro/libctru/lib\libctru.a(appInit.o)
                0x0000000000114cc4                __appInit
 .text.__syscall_getreent
                0x0000000000114cf4       0x30 C:/devkitPro/libctru/lib\libctru.a(syscalls.o)
                0x0000000000114cf4                __syscall_getreent
 .text.__syscall_gettod_r
                0x0000000000114d24       0x74 C:/devkitPro/libctru/lib\libctru.a(syscalls.o)
                0x0000000000114d24                __syscall_gettod_r
 .text.__syscall_lock_acquire
                0x0000000000114d98        0x4 C:/devkitPro/libctru/lib\libctru.a(syscalls.o)
                0x0000000000114d98                __syscall_lock_acquire
 .text.__syscall_lock_release
                0x0000000000114d9c        0x4 C:/devkitPro/libctru/lib\libctru.a(syscalls.o)
                0x0000000000114d9c                __syscall_lock_release
 .text.__syscall_lock_init_recursive
                0x0000000000114da0        0x4 C:/devkitPro/libctru/lib\libctru.a(syscalls.o)
                0x0000000000114da0                __syscall_lock_init_recursive
 .text.__syscall_lock_acquire_recursive
                0x0000000000114da4        0x4 C:/devkitPro/libctru/lib\libctru.a(syscalls.o)
                0x0000000000114da4                __syscall_lock_acquire_recursive
 .text.__syscall_lock_release_recursive
                0x0000000000114da8        0x4 C:/devkitPro/libctru/lib\libctru.a(syscalls.o)
                0x0000000000114da8                __syscall_lock_release_recursive
 .text.__syscall_exit
                0x0000000000114dac        0x4 C:/devkitPro/libctru/lib\libctru.a(syscalls.o)
                0x0000000000114dac                __syscall_exit
 .text.initThreadVars
                0x0000000000114db0       0x50 C:/devkitPro/libctru/lib\libctru.a(syscalls.o)
                0x0000000000114db0                initThreadVars
 .text.__system_initSyscalls
                0x0000000000114e00       0x68 C:/devkitPro/libctru/lib\libctru.a(syscalls.o)
                0x0000000000114e00                __system_initSyscalls
 .text.__appExit
                0x0000000000114e68       0x30 C:/devkitPro/libctru/lib\libctru.a(appExit.o)
                0x0000000000114e68                __appExit
 .text.__libctru_exit
                0x0000000000114e98       0x90 C:/devkitPro/libctru/lib\libctru.a(ctru_exit.o)
                0x0000000000114e98                __libctru_exit
 .text.archive_link
                0x0000000000114f28       0x14 C:/devkitPro/libctru/lib\libctru.a(archive_dev.o)
 .text.archive_dirreset
                0x0000000000114f3c       0x14 C:/devkitPro/libctru/lib\libctru.a(archive_dev.o)
 .text.archive_chmod
                0x0000000000114f50       0x14 C:/devkitPro/libctru/lib\libctru.a(archive_dev.o)
 .text.error_cmp
                0x0000000000114f64       0x24 C:/devkitPro/libctru/lib\libctru.a(archive_dev.o)
 .text.archive_translate_error
                0x0000000000114f88       0x50 C:/devkitPro/libctru/lib\libctru.a(archive_dev.o)
 .text.archive_seek
                0x0000000000114fd8       0xc8 C:/devkitPro/libctru/lib\libctru.a(archive_dev.o)
 .text._archiveInit.part.0
                0x00000000001150a0       0x7c C:/devkitPro/libctru/lib\libctru.a(archive_dev.o)
 .text.archiveFindDevice.part.0
                0x000000000011511c       0xc4 C:/devkitPro/libctru/lib\libctru.a(archive_dev.o)
 .text.archive_utf16path
                0x00000000001151e0      0x25c C:/devkitPro/libctru/lib\libctru.a(archive_dev.o)
 .text._archiveUnmountDeviceStruct.part.0
                0x000000000011543c       0xa0 C:/devkitPro/libctru/lib\libctru.a(archive_dev.o)
 .text.archive_fchmod
                0x00000000001154dc       0x14 C:/devkitPro/libctru/lib\libctru.a(archive_dev.o)
 .text.archive_statvfs
                0x00000000001154f0       0x14 C:/devkitPro/libctru/lib\libctru.a(archive_dev.o)
 .text._archiveMountDevice
                0x0000000000115504      0x164 C:/devkitPro/libctru/lib\libctru.a(archive_dev.o)
 .text.archive_diropen
                0x0000000000115668       0xe8 C:/devkitPro/libctru/lib\libctru.a(archive_dev.o)
 .text.archive_fstat
                0x0000000000115750       0xa4 C:/devkitPro/libctru/lib\libctru.a(archive_dev.o)
 .text.archive_close
                0x00000000001157f4       0x6c C:/devkitPro/libctru/lib\libctru.a(archive_dev.o)
 .text.archive_fsync
                0x0000000000115860       0x6c C:/devkitPro/libctru/lib\libctru.a(archive_dev.o)
 .text.archive_dirclose
                0x00000000001158cc       0x70 C:/devkitPro/libctru/lib\libctru.a(archive_dev.o)
 .text.sdmc_statvfs
                0x000000000011593c       0xe8 C:/devkitPro/libctru/lib\libctru.a(archive_dev.o)
 .text.archive_chdir
                0x0000000000115a24       0xec C:/devkitPro/libctru/lib\libctru.a(archive_dev.o)
 .text.archive_ftruncate
                0x0000000000115b10       0x7c C:/devkitPro/libctru/lib\libctru.a(archive_dev.o)
 .text.archive_read
                0x0000000000115b8c       0xac C:/devkitPro/libctru/lib\libctru.a(archive_dev.o)
 .text.archive_unlink
                0x0000000000115c38       0xa4 C:/devkitPro/libctru/lib\libctru.a(archive_dev.o)
 .text.archive_rmdir
                0x0000000000115cdc       0xbc C:/devkitPro/libctru/lib\libctru.a(archive_dev.o)
 .text.archive_mkdir
                0x0000000000115d98       0xdc C:/devkitPro/libctru/lib\libctru.a(archive_dev.o)
 .text.archive_stat
                0x0000000000115e74      0x19c C:/devkitPro/libctru/lib\libctru.a(archive_dev.o)
 .text.archive_dirnext
                0x0000000000116010      0x15c C:/devkitPro/libctru/lib\libctru.a(archive_dev.o)
 .text.archive_write
                0x000000000011616c       0xec C:/devkitPro/libctru/lib\libctru.a(archive_dev.o)
 .text.archive_open
                0x0000000000116258      0x1d4 C:/devkitPro/libctru/lib\libctru.a(archive_dev.o)
 .text.archive_rename
                0x000000000011642c      0x278 C:/devkitPro/libctru/lib\libctru.a(archive_dev.o)
 .text.archiveMountSdmc
                0x00000000001166a4      0x19c C:/devkitPro/libctru/lib\libctru.a(archive_dev.o)
                0x00000000001166a4                archiveMountSdmc
 .text.archiveUnmountAll
                0x0000000000116840       0x54 C:/devkitPro/libctru/lib\libctru.a(archive_dev.o)
                0x0000000000116840                archiveUnmountAll
 *fill*         0x0000000000116894        0x4 
 .text.cosf     0x0000000000116898      0x22c c:/devkitpro/devkitarm/bin/../lib/gcc/arm-none-eabi/12.1.0/../../../../arm-none-eabi/lib/armv6k/fpu\libm.a(lib_a-cosf.o)
                0x0000000000116898                cosf
 .text.with_errnof
                0x0000000000116ac4       0x24 c:/devkitpro/devkitarm/bin/../lib/gcc/arm-none-eabi/12.1.0/../../../../arm-none-eabi/lib/armv6k/fpu\libm.a(lib_a-math_errf.o)
 .text.__math_invalidf
                0x0000000000116ae8       0x1c c:/devkitpro/devkitarm/bin/../lib/gcc/arm-none-eabi/12.1.0/../../../../arm-none-eabi/lib/armv6k/fpu\libm.a(lib_a-math_errf.o)
                0x0000000000116ae8                __math_invalidf
 *fill*         0x0000000000116b04        0x4 
 .text.sinf     0x0000000000116b08      0x24c c:/devkitpro/devkitarm/bin/../lib/gcc/arm-none-eabi/12.1.0/../../../../arm-none-eabi/lib/armv6k/fpu\libm.a(lib_a-sinf.o)
                0x0000000000116b08                sinf
 .text.__udivmoddi4
                0x0000000000116d54      0x120 c:/devkitpro/devkitarm/bin/../lib/gcc/arm-none-eabi/12.1.0/armv6k/fpu\libgcc.a(_udivmoddi4.o)
                0x0000000000116d54                __udivmoddi4
 .text.bsearch  0x0000000000116e74       0x78 c:/devkitpro/devkitarm/bin/../lib/gcc/arm-none-eabi/12.1.0/../../../../arm-none-eabi/lib/armv6k/fpu\libg.a(lib_a-bsearch.o)
                0x0000000000116e74                bsearch
 .text.calloc   0x0000000000116eec       0x20 c:/devkitpro/devkitarm/bin/../lib/gcc/arm-none-eabi/12.1.0/../../../../arm-none-eabi/lib/armv6k/fpu\libg.a(lib_a-calloc.o)
                0x0000000000116eec                calloc
 .text._calloc_r
                0x0000000000116f0c       0xc0 c:/devkitpro/devkitarm/bin/../lib/gcc/arm-none-eabi/12.1.0/../../../../arm-none-eabi/lib/armv6k/fpu\libg.a(lib_a-callocr.o)
                0x0000000000116f0c                _calloc_r
 .text.__errno  0x0000000000116fcc        0xc c:/devkitpro/devkitarm/bin/../lib/gcc/arm-none-eabi/12.1.0/../../../../arm-none-eabi/lib/armv6k/fpu\libg.a(lib_a-errno.o)
                0x0000000000116fcc                __errno
 .text.exit     0x0000000000116fd8       0x34 c:/devkitpro/devkitarm/bin/../lib/gcc/arm-none-eabi/12.1.0/../../../../arm-none-eabi/lib/armv6k/fpu\libg.a(lib_a-exit.o)
                0x0000000000116fd8                exit
 .text._fclose_r
                0x000000000011700c      0x15c c:/devkitpro/devkitarm/bin/../lib/gcc/arm-none-eabi/12.1.0/../../../../arm-none-eabi/lib/armv6k/fpu\libg.a(lib_a-fclose.o)
                0x000000000011700c                _fclose_r
 .text.fclose   0x0000000000117168       0x18 c:/devkitpro/devkitarm/bin/../lib/gcc/arm-none-eabi/12.1.0/../../../../arm-none-eabi/lib/armv6k/fpu\libg.a(lib_a-fclose.o)
                0x0000000000117168                fclose
 .text.__sflush_r
                0x0000000000117180      0x234 c:/devkitpro/devkitarm/bin/../lib/gcc/arm-none-eabi/12.1.0/../../../../arm-none-eabi/lib/armv6k/fpu\libg.a(lib_a-fflush.o)
                0x0000000000117180                __sflush_r
 .text._fflush_r
                0x00000000001173b4       0x94 c:/devkitpro/devkitarm/bin/../lib/gcc/arm-none-eabi/12.1.0/../../../../arm-none-eabi/lib/armv6k/fpu\libg.a(lib_a-fflush.o)
                0x00000000001173b4                _fflush_r
 .text.fflush   0x0000000000117448       0x38 c:/devkitpro/devkitarm/bin/../lib/gcc/arm-none-eabi/12.1.0/../../../../arm-none-eabi/lib/armv6k/fpu\libg.a(lib_a-fflush.o)
                0x0000000000117448                fflush
 .text._cleanup_r
                0x0000000000117480        0xc c:/devkitpro/devkitarm/bin/../lib/gcc/arm-none-eabi/12.1.0/../../../../arm-none-eabi/lib/armv6k/fpu\libg.a(lib_a-findfp.o)
                0x0000000000117480                _cleanup_r
 .text.__sinit  0x000000000011748c      0x184 c:/devkitpro/devkitarm/bin/../lib/gcc/arm-none-eabi/12.1.0/../../../../arm-none-eabi/lib/armv6k/fpu\libg.a(lib_a-findfp.o)
                0x000000000011748c                __sinit
 .text.__sfp    0x0000000000117610      0x134 c:/devkitpro/devkitarm/bin/../lib/gcc/arm-none-eabi/12.1.0/../../../../arm-none-eabi/lib/armv6k/fpu\libg.a(lib_a-findfp.o)
                0x0000000000117610                __sfp
 .text.__sfp_lock_acquire
                0x0000000000117744        0xc c:/devkitpro/devkitarm/bin/../lib/gcc/arm-none-eabi/12.1.0/../../../../arm-none-eabi/lib/armv6k/fpu\libg.a(lib_a-findfp.o)
                0x0000000000117744                __sfp_lock_acquire
 .text.__sfp_lock_release
                0x0000000000117750        0xc c:/devkitpro/devkitarm/bin/../lib/gcc/arm-none-eabi/12.1.0/../../../../arm-none-eabi/lib/armv6k/fpu\libg.a(lib_a-findfp.o)
                0x0000000000117750                __sfp_lock_release
 .text.__libc_fini_array
                0x000000000011775c       0x3c c:/devkitpro/devkitarm/bin/../lib/gcc/arm-none-eabi/12.1.0/../../../../arm-none-eabi/lib/armv6k/fpu\libg.a(lib_a-fini.o)
                0x000000000011775c                __libc_fini_array
 .text._fopen_r
                0x0000000000117798      0x134 c:/devkitpro/devkitarm/bin/../lib/gcc/arm-none-eabi/12.1.0/../../../../arm-none-eabi/lib/armv6k/fpu\libg.a(lib_a-fopen.o)
                0x0000000000117798                _fopen_r
 .text.fopen    0x00000000001178cc       0x20 c:/devkitpro/devkitarm/bin/../lib/gcc/arm-none-eabi/12.1.0/../../../../arm-none-eabi/lib/armv6k/fpu\libg.a(lib_a-fopen.o)
                0x00000000001178cc                fopen
 .text._fread_r
                0x00000000001178ec      0x2d0 c:/devkitpro/devkitarm/bin/../lib/gcc/arm-none-eabi/12.1.0/../../../../arm-none-eabi/lib/armv6k/fpu\libg.a(lib_a-fread.o)
                0x00000000001178ec                _fread_r
 .text.fread    0x0000000000117bbc       0x38 c:/devkitpro/devkitarm/bin/../lib/gcc/arm-none-eabi/12.1.0/../../../../arm-none-eabi/lib/armv6k/fpu\libg.a(lib_a-fread.o)
                0x0000000000117bbc                fread
 .text._malloc_trim_r
                0x0000000000117bf4       0xf8 c:/devkitpro/devkitarm/bin/../lib/gcc/arm-none-eabi/12.1.0/../../../../arm-none-eabi/lib/armv6k/fpu\libg.a(lib_a-freer.o)
                0x0000000000117bf4                _malloc_trim_r
 .text._free_r  0x0000000000117cec      0x2e8 c:/devkitpro/devkitarm/bin/../lib/gcc/arm-none-eabi/12.1.0/../../../../arm-none-eabi/lib/armv6k/fpu\libg.a(lib_a-freer.o)
                0x0000000000117cec                _free_r
 .text._fseek_r
                0x0000000000117fd4       0x1c c:/devkitpro/devkitarm/bin/../lib/gcc/arm-none-eabi/12.1.0/../../../../arm-none-eabi/lib/armv6k/fpu\libg.a(lib_a-fseek.o)
                0x0000000000117fd4                _fseek_r
 .text._fseeko_r
                0x0000000000117ff0      0x590 c:/devkitpro/devkitarm/bin/../lib/gcc/arm-none-eabi/12.1.0/../../../../arm-none-eabi/lib/armv6k/fpu\libg.a(lib_a-fseeko.o)
                0x0000000000117ff0                _fseeko_r
 .text._fwalk   0x0000000000118580       0x68 c:/devkitpro/devkitarm/bin/../lib/gcc/arm-none-eabi/12.1.0/../../../../arm-none-eabi/lib/armv6k/fpu\libg.a(lib_a-fwalk.o)
                0x0000000000118580                _fwalk
 .text._fwalk_reent
                0x00000000001185e8       0x70 c:/devkitpro/devkitarm/bin/../lib/gcc/arm-none-eabi/12.1.0/../../../../arm-none-eabi/lib/armv6k/fpu\libg.a(lib_a-fwalk.o)
                0x00000000001185e8                _fwalk_reent
 .text.__libc_init_array
                0x0000000000118658       0x84 c:/devkitpro/devkitarm/bin/../lib/gcc/arm-none-eabi/12.1.0/../../../../arm-none-eabi/lib/armv6k/fpu\libg.a(lib_a-init.o)
                0x0000000000118658                __libc_init_array
 .text.__smakebuf_r
                0x00000000001186dc      0x138 c:/devkitpro/devkitarm/bin/../lib/gcc/arm-none-eabi/12.1.0/../../../../arm-none-eabi/lib/armv6k/fpu\libg.a(lib_a-makebuf.o)
                0x00000000001186dc                __smakebuf_r
 .text.__swhatbuf_r
                0x0000000000118814       0x8c c:/devkitpro/devkitarm/bin/../lib/gcc/arm-none-eabi/12.1.0/../../../../arm-none-eabi/lib/armv6k/fpu\libg.a(lib_a-makebuf.o)
                0x0000000000118814                __swhatbuf_r
 .text.memalign
                0x00000000001188a0       0x20 c:/devkitpro/devkitarm/bin/../lib/gcc/arm-none-eabi/12.1.0/../../../../arm-none-eabi/lib/armv6k/fpu\libg.a(lib_a-malign.o)
                0x00000000001188a0                memalign
 .text._memalign_r
                0x00000000001188c0      0x14c c:/devkitpro/devkitarm/bin/../lib/gcc/arm-none-eabi/12.1.0/../../../../arm-none-eabi/lib/armv6k/fpu\libg.a(lib_a-malignr.o)
                0x00000000001188c0                _memalign_r
 .text.malloc   0x0000000000118a0c       0x18 c:/devkitpro/devkitarm/bin/../lib/gcc/arm-none-eabi/12.1.0/../../../../arm-none-eabi/lib/armv6k/fpu\libg.a(lib_a-malloc.o)
                0x0000000000118a0c                malloc
 .text.free     0x0000000000118a24       0x18 c:/devkitpro/devkitarm/bin/../lib/gcc/arm-none-eabi/12.1.0/../../../../arm-none-eabi/lib/armv6k/fpu\libg.a(lib_a-malloc.o)
                0x0000000000118a24                free
 .text._malloc_r
                0x0000000000118a3c      0x7e4 c:/devkitpro/devkitarm/bin/../lib/gcc/arm-none-eabi/12.1.0/../../../../arm-none-eabi/lib/armv6k/fpu\libg.a(lib_a-mallocr.o)
                0x0000000000118a3c                _malloc_r
 .text.memchr   0x0000000000119220       0xe4 c:/devkitpro/devkitarm/bin/../lib/gcc/arm-none-eabi/12.1.0/../../../../arm-none-eabi/lib/armv6k/fpu\libg.a(lib_a-memchr-stub.o)
                0x0000000000119220                memchr
 .text.memcmp   0x0000000000119304       0xb0 c:/devkitpro/devkitarm/bin/../lib/gcc/arm-none-eabi/12.1.0/../../../../arm-none-eabi/lib/armv6k/fpu\libg.a(lib_a-memcmp.o)
                0x0000000000119304                memcmp
 .text.memcpy   0x00000000001193b4      0x118 c:/devkitpro/devkitarm/bin/../lib/gcc/arm-none-eabi/12.1.0/../../../../arm-none-eabi/lib/armv6k/fpu\libg.a(lib_a-memcpy-stub.o)
                0x00000000001193b4                memcpy
 .text.memset   0x00000000001194cc       0xf4 c:/devkitpro/devkitarm/bin/../lib/gcc/arm-none-eabi/12.1.0/../../../../arm-none-eabi/lib/armv6k/fpu\libg.a(lib_a-memset.o)
                0x00000000001194cc                memset
 .text.__malloc_lock
                0x00000000001195c0        0xc c:/devkitpro/devkitarm/bin/../lib/gcc/arm-none-eabi/12.1.0/../../../../arm-none-eabi/lib/armv6k/fpu\libg.a(lib_a-mlock.o)
                0x00000000001195c0                __malloc_lock
 .text.__malloc_unlock
                0x00000000001195cc        0xc c:/devkitpro/devkitarm/bin/../lib/gcc/arm-none-eabi/12.1.0/../../../../arm-none-eabi/lib/armv6k/fpu\libg.a(lib_a-mlock.o)
                0x00000000001195cc                __malloc_unlock
 .text.printf   0x00000000001195d8       0x34 c:/devkitpro/devkitarm/bin/../lib/gcc/arm-none-eabi/12.1.0/../../../../arm-none-eabi/lib/armv6k/fpu\libg.a(lib_a-printf.o)
                0x00000000001195d8                printf
 .text.lflush   0x000000000011960c       0x1c c:/devkitpro/devkitarm/bin/../lib/gcc/arm-none-eabi/12.1.0/../../../../arm-none-eabi/lib/armv6k/fpu\libg.a(lib_a-refill.o)
 .text.__srefill_r
                0x0000000000119628      0x198 c:/devkitpro/devkitarm/bin/../lib/gcc/arm-none-eabi/12.1.0/../../../../arm-none-eabi/lib/armv6k/fpu\libg.a(lib_a-refill.o)
                0x0000000000119628                __srefill_r
 .text.rewind   0x00000000001197c0       0x2c c:/devkitpro/devkitarm/bin/../lib/gcc/arm-none-eabi/12.1.0/../../../../arm-none-eabi/lib/armv6k/fpu\libg.a(lib_a-rewind.o)
                0x00000000001197c0                rewind
 .text.setvbuf  0x00000000001197ec      0x25c c:/devkitpro/devkitarm/bin/../lib/gcc/arm-none-eabi/12.1.0/../../../../arm-none-eabi/lib/armv6k/fpu\libg.a(lib_a-setvbuf.o)
                0x00000000001197ec                setvbuf
 .text.sscanf   0x0000000000119a48       0x74 c:/devkitpro/devkitarm/bin/../lib/gcc/arm-none-eabi/12.1.0/../../../../arm-none-eabi/lib/armv6k/fpu\libg.a(lib_a-sscanf.o)
                0x0000000000119a48                sscanf
 .text.__sread  0x0000000000119abc       0x44 c:/devkitpro/devkitarm/bin/../lib/gcc/arm-none-eabi/12.1.0/../../../../arm-none-eabi/lib/armv6k/fpu\libg.a(lib_a-stdio.o)
                0x0000000000119abc                __sread
 .text.__seofread
                0x0000000000119b00        0x8 c:/devkitpro/devkitarm/bin/../lib/gcc/arm-none-eabi/12.1.0/../../../../arm-none-eabi/lib/armv6k/fpu\libg.a(lib_a-stdio.o)
                0x0000000000119b00                __seofread
 .text.__swrite
                0x0000000000119b08       0x68 c:/devkitpro/devkitarm/bin/../lib/gcc/arm-none-eabi/12.1.0/../../../../arm-none-eabi/lib/armv6k/fpu\libg.a(lib_a-stdio.o)
                0x0000000000119b08                __swrite
 .text.__sseek  0x0000000000119b70       0x44 c:/devkitpro/devkitarm/bin/../lib/gcc/arm-none-eabi/12.1.0/../../../../arm-none-eabi/lib/armv6k/fpu\libg.a(lib_a-stdio.o)
                0x0000000000119b70                __sseek
 .text.__sclose
                0x0000000000119bb4        0x8 c:/devkitpro/devkitarm/bin/../lib/gcc/arm-none-eabi/12.1.0/../../../../arm-none-eabi/lib/armv6k/fpu\libg.a(lib_a-stdio.o)
                0x0000000000119bb4                __sclose
 .text.strchr   0x0000000000119bbc      0x130 c:/devkitpro/devkitarm/bin/../lib/gcc/arm-none-eabi/12.1.0/../../../../arm-none-eabi/lib/armv6k/fpu\libg.a(lib_a-strchr.o)
                0x0000000000119bbc                strchr
 .text.strlen   0x0000000000119cec       0x5c c:/devkitpro/devkitarm/bin/../lib/gcc/arm-none-eabi/12.1.0/../../../../arm-none-eabi/lib/armv6k/fpu\libg.a(lib_a-strlen-stub.o)
                0x0000000000119cec                strlen
 .text.strncat  0x0000000000119d48       0xe4 c:/devkitpro/devkitarm/bin/../lib/gcc/arm-none-eabi/12.1.0/../../../../arm-none-eabi/lib/armv6k/fpu\libg.a(lib_a-strncat.o)
                0x0000000000119d48                strncat
 .text.strncmp  0x0000000000119e2c       0xe4 c:/devkitpro/devkitarm/bin/../lib/gcc/arm-none-eabi/12.1.0/../../../../arm-none-eabi/lib/armv6k/fpu\libg.a(lib_a-strncmp.o)
                0x0000000000119e2c                strncmp
 .text.strncpy  0x0000000000119f10       0xc4 c:/devkitpro/devkitarm/bin/../lib/gcc/arm-none-eabi/12.1.0/../../../../arm-none-eabi/lib/armv6k/fpu\libg.a(lib_a-strncpy.o)
                0x0000000000119f10                strncpy
 .text.strnlen  0x0000000000119fd4       0x48 c:/devkitpro/devkitarm/bin/../lib/gcc/arm-none-eabi/12.1.0/../../../../arm-none-eabi/lib/armv6k/fpu\libg.a(lib_a-strnlen.o)
                0x0000000000119fd4                strnlen
 .text._strtoul_l.constprop.0
                0x000000000011a01c      0x1c4 c:/devkitpro/devkitarm/bin/../lib/gcc/arm-none-eabi/12.1.0/../../../../arm-none-eabi/lib/armv6k/fpu\libg.a(lib_a-strtoul.o)
 .text._strtoul_r
                0x000000000011a1e0        0x4 c:/devkitpro/devkitarm/bin/../lib/gcc/arm-none-eabi/12.1.0/../../../../arm-none-eabi/lib/armv6k/fpu\libg.a(lib_a-strtoul.o)
                0x000000000011a1e0                _strtoul_r
 .text.strtoul  0x000000000011a1e4       0x28 c:/devkitpro/devkitarm/bin/../lib/gcc/arm-none-eabi/12.1.0/../../../../arm-none-eabi/lib/armv6k/fpu\libg.a(lib_a-strtoul.o)
                0x000000000011a1e4                strtoul
 .text.get_arg  0x000000000011a20c       0x50 c:/devkitpro/devkitarm/bin/../lib/gcc/arm-none-eabi/12.1.0/../../../../arm-none-eabi/lib/armv6k/fpu\libg.a(lib_a-svfscanf.o)
 .text.__ssvfscanf_r
                0x000000000011a25c     0x2c38 c:/devkitpro/devkitarm/bin/../lib/gcc/arm-none-eabi/12.1.0/../../../../arm-none-eabi/lib/armv6k/fpu\libg.a(lib_a-svfscanf.o)
                0x000000000011a25c                __ssvfscanf_r
 .text.time     0x000000000011ce94       0x3c c:/devkitpro/devkitarm/bin/../lib/gcc/arm-none-eabi/12.1.0/../../../../arm-none-eabi/lib/armv6k/fpu\libg.a(lib_a-time.o)
                0x000000000011ce94                time
 .text.get_arg  0x000000000011ced0      0x66c c:/devkitpro/devkitarm/bin/../lib/gcc/arm-none-eabi/12.1.0/../../../../arm-none-eabi/lib/armv6k/fpu\libg.a(lib_a-vfprintf.o)
 *fill*         0x000000000011d53c        0x4 
 .text._vfprintf_r
                0x000000000011d540     0x339c c:/devkitpro/devkitarm/bin/../lib/gcc/arm-none-eabi/12.1.0/../../../../arm-none-eabi/lib/armv6k/fpu\libg.a(lib_a-vfprintf.o)
                0x000000000011d540                _vfprintf_r
 .text.__sbprintf
                0x00000000001208dc       0xd0 c:/devkitpro/devkitarm/bin/../lib/gcc/arm-none-eabi/12.1.0/../../../../arm-none-eabi/lib/armv6k/fpu\libg.a(lib_a-vfprintf.o)
 .text._wcrtomb_r